<area shape="rect" href="$classPhoneModel.html#a779042ff41126eae817ad273e39d7c5" title="PhoneModel::processVector" alt="" coords="227,117,411,144">
<area shape="rect" href="$classPhoneModel.html#07cc81fd18c76d148030f121e3d4363c" title="PhoneModel::addChain" alt="" coords="723,37,877,64">
<area shape="rect" href="$classPhoneModel.html#9b843a31bc5f4cad0e396eb9b0ad0f59" title="PhoneModel::copyPhonePath" alt="" coords="956,63,1148,89">
<area shape="rect" href="$classPhoneModel.html#807fc3e71b5924c655ab4a10c6e234a3" title="PhoneModel::addChain_lmla" alt="" coords="459,37,645,64">
<area shape="rect" href="$classMixGaussian.html#e0e58173c75b93e75fe0d0cd797aa5ac" title="MixGaussian::getLogP" alt="" coords="476,145,628,172">
<area shape="rect" href="$classPhoneModel.html#7adb4ff6a419b4144f0e4a3a7119b9b2" title="PhoneModel::initialisePhonePath" alt="" coords="695,291,905,317">
<area shape="rect" href="$classPhoneModel.html#14ea672b72ed10617c1aee2f490c5cc2" title="PhoneModel::initialiseToken" alt="" coords="460,284,644,311">
<area shape="rect" href="$classMixGaussian.html#8a94cd8be9810a1b9af97d45b24b4524" title="MixGaussian::dim" alt="" coords="737,139,863,165">
<area shape="rect" href="$classVector.html#a0978557568573ad6a4dd7d464971bc6" title="Vector::getVectorArray" alt="" coords="724,189,876,216">
<area shape="rect" href="$namespaceFastMath.html#52503617b4ae9fce99b06160ff974a38" title="FastMath::log" alt="" coords="749,240,851,267">
