<area shape="rect" href="$classLexicalTree.html#bed1c6c0e14aa69fa2fe65901b0e0629" title="LexicalTree::getLastModelForContext" alt="" coords="259,121,496,148">
<area shape="rect" href="$classLanguageModel.html#168bc246c96770aaa007bd7b7e0575a6" title="LanguageModel::getP" alt="" coords="304,172,451,199">
<area shape="rect" href="$classLexicalTree.html#aba7476526e6aede4a2a6782ff286d41" title="LexicalTree::getWordID" alt="" coords="300,223,455,249">
<area shape="rect" href="$classLanguageModel.html#a6e0ed067259f66f5ac83bdbf071fd9e" title="LanguageModel::get4GramP" alt="" coords="544,96,731,123">
<area shape="rect" href="$classLanguageModel.html#3057f5e9224051b37ed25ebb5ab80012" title="LanguageModel::getBiGramIndex" alt="" coords="1287,147,1500,173">
<area shape="rect" href="$classLanguageModel.html#144ee5b048897744fb6bcd0f7285da88" title="LanguageModel::getTriGramP" alt="" coords="780,147,972,173">
<area shape="rect" href="$classLanguageModel.html#85e9cdf67f634063420116afb9717371" title="LanguageModel::getBiGramP" alt="" coords="1033,248,1225,275">
<area shape="rect" href="$classLanguageModel.html#2daf4f3ed2541e31092eb138e1394ee0" title="LanguageModel::getUniGramP" alt="" coords="1295,273,1492,300">
<area shape="rect" href="$classLanguageModel.html#b6f56f29754c6f9114b0cb4d70922a61" title="LanguageModel::getTriGramIndex" alt="" coords="1021,45,1237,72">
<area shape="rect" href="$classLanguageModel.html#d7896ecf9c29381ab48158f2b1e71b1c" title="LanguageModel::get4GramIndex" alt="" coords="1289,45,1497,72">
<area shape="rect" href="$classLanguageModel.html#6e34864c3cfb7e793493cfb9000432ef" title="LanguageModel::compareKeys" alt="" coords="1549,96,1749,123">
<area shape="rect" href="$classHash.html#48ff494c63622766b15ae6f56ac86411" title="Hash::getIndex" alt="" coords="1595,45,1704,72">
