<area shape="rect" href="$classPhoneModel.html#4eae31f5c8b89fdaf544681a1acb7dc9" title="PhoneModel::adapt_addAcumulatorData" alt="" coords="431,60,684,87">
<area shape="rect" href="$classMixGaussian.html#64938a70fda49b8e21f72d157ca8643c" title="MixGaussian::train" alt="" coords="733,60,864,87">
<area shape="rect" href="$classGaussian.html#7cf7ca138f6800b24660661bccfa1ed1" title="Gaussian::train" alt="" coords="912,60,1021,87">
<area shape="rect" href="$classVector.html#9fe5995f7a6a904db2d66f632bfd5a80" title="Vector::addElements" alt="" coords="1095,35,1236,61">
<area shape="rect" href="$classGaussian.html#6e47fb4a7c8333a56fd01ab4d68ad7fd" title="Gaussian::enterTrainingMode" alt="" coords="1071,111,1260,137">
<area shape="rect" href="$classVector.html#404404666ae6a250bd227c0a2b56fa3b" title="Vector::len" alt="" coords="1497,85,1580,112">
<area shape="rect" href="$classVector.html#5a9d755c2cd52d45dab09fb3924b5c32" title="Vector::Vector" alt="" coords="1327,35,1431,61">
<area shape="rect" href="$classGaussian.html#857664edb9d21bc3ca7e32783e0f9964" title="Gaussian::dim" alt="" coords="1327,136,1431,163">
<area shape="rect" href="$classVector.html#06658e90211e89fee5633be129edddcb" title="Vector::setAllValues" alt="" coords="1309,187,1448,213">
