<area shape="rect" href="$classFeaturePool.html#645debcbb64e53ce1429f296decb0756" title="FeaturePool::claimSegmentationID" alt="" coords="299,1664,523,1691">
<area shape="rect" href="$classFeaturePool.html#13ac058ae2d052558d04e407619e6bb7" title="FeaturePool::createNewPool" alt="" coords="317,651,504,677">
<area shape="rect" href="$namespaceWriteFileLittleBigEndian.html#87cd888460175b3af6636ebc6ef53bc8" title="WriteFileLittleBigEndian::freadEndianSafe" alt="" coords="1819,93,2083,120">
<area shape="rect" href="$classFeaturePool.html#ae594521f0b681d41361ac97a0105500" title="FeaturePool::getPoolLength" alt="" coords="320,1488,501,1515">
<area shape="rect" href="$classPhoneModel.html#05a484e86f1d3e60fe44f0edeb885145" title="PhoneModel::getStateNr" alt="" coords="329,1539,492,1565">
<area shape="rect" href="$classFeaturePool.html#cedb49fd2be121fedddc68a50cbe1694" title="FeaturePool::readRTTM" alt="" coords="331,1613,491,1640">
<area shape="rect" href="$classFeaturePool.html#122b6f5aa4edccabf7c69945b74d2892" title="FeaturePool::setOnlyMEL" alt="" coords="325,1715,496,1741">
<area shape="rect" href="$classFeaturePool.html#f20e82a0cad7af41c56bdd4c20dc9bce" title="FeaturePool::storeFeatureVectors" alt="" coords="303,1437,519,1464">
<area shape="rect" href="$classFeaturePool.html#a35c0036e264976f7138510aab69c82d" title="FeaturePool::resetSegmentation" alt="" coords="592,1664,800,1691">
<area shape="rect" href="$classFeatureExtraction.html#95e7d0a6452e1f2776b4735e3598e5bb" title="FeatureExtraction::createFeaturesUntilFrame" alt="" coords="888,853,1171,880">
<area shape="rect" href="$classVector.html#655ea1b7c88bc1ac4abc406b81aa1df1" title="Vector::getValue" alt="" coords="1595,524,1709,551">
<area shape="rect" href="$classVector.html#cf8fcb8e5533664ee03eaf6f2bf9ec18" title="Vector::sqrtElements" alt="" coords="1289,1309,1433,1336">
<area shape="rect" href="$classGaussian.html#7cf7ca138f6800b24660661bccfa1ed1" title="Gaussian::train" alt="" coords="1307,701,1416,728">
<area shape="rect" href="$classGaussian.html#af6bdf166ad6f83243ae644651d8d6d3" title="Gaussian::trainFinish" alt="" coords="1289,853,1433,880">
<area shape="rect" href="$classFeatureExtraction.html#d66612f0794d6f18e2f17dc2fbc8034b" title="FeatureExtraction::doFeatureExtraction" alt="" coords="572,1132,820,1159">
<area shape="rect" href="$classFeatureExtraction.html#e12e6c88ff9919ca50fab0c753c45ea6" title="FeatureExtraction::finishExtraction" alt="" coords="919,1208,1140,1235">
<area shape="rect" href="$classFeaturePool.html#88dcd88ec173f5d7300b4b4c5645d8ce" title="FeaturePool::fillBuffer_ShoutFormat" alt="" coords="583,43,809,69">
<area shape="rect" href="$classFeaturePool.html#5559a850671765410483b5dc0c1dfd7e" title="FeaturePool::fillBuffer_TextFormat" alt="" coords="587,803,805,829">
<area shape="rect" href="$classGaussian.html#d6a0c6972a3a4bcd36d726be5318ea22" title="Gaussian::getVariance" alt="" coords="953,600,1105,627">
<area shape="rect" href="$classFeatureExtraction.html#e4b44a281aa9eea9895e4a3fa5a05881" title="FeatureExtraction::finishClusterCMVN" alt="" coords="575,701,817,728">
<area shape="rect" href="$classFeatureExtraction.html#b3fdda8ea49d5295774a06f5f62c4724" title="FeatureExtraction::getPool" alt="" coords="608,296,784,323">
<area shape="rect" href="$classFeatureExtraction.html#2d8b8706a12d747daced5c3f51a3ffb4" title="FeatureExtraction::getPoolSize" alt="" coords="595,347,797,373">
<area shape="rect" href="$classFeaturePool.html#224dd69f82292fadb414403edf5c4563" title="FeaturePool::getSegmentID" alt="" coords="605,397,787,424">
<area shape="rect" href="$classPhoneModel.html#c464b097c121140a32aa42a290b11eaa" title="PhoneModel::getSilSumHist" alt="" coords="604,1613,788,1640">
<area shape="rect" href="$classFeatureExtraction.html#08066055c72027445feee3776cf97c57" title="FeatureExtraction::getVectorSize" alt="" coords="589,600,803,627">
<area shape="rect" href="$classFeatureExtraction.html#e200d20e4699693fb3204e3b90debc50" title="FeatureExtraction::performClusterCMVNUntilFrame" alt="" coords="871,1512,1188,1539">
<area shape="rect" href="$classFeatureExtraction.html#b32e7cb544e43e0e204290a325bbc1e2" title="FeatureExtraction::performPCA" alt="" coords="928,397,1131,424">
<area shape="rect" href="$classVector.html#5e8a082ce33f44febb73eed7f784007d" title="Vector::printVector" alt="" coords="1297,347,1425,373">
<area shape="rect" href="$classFeaturePool.html#acd8b32da914d2acba21a9fd87cdd65b" title="FeaturePool::readHeader_ShoutFormat" alt="" coords="1237,93,1485,120">
<area shape="rect" href="$classFeaturePool.html#1dc6ed177d2ec01fb750fb1105c6b9c6" title="FeaturePool::readHeader_TextFormat" alt="" coords="577,1284,815,1311">
<area shape="rect" href="$classFeatureExtraction.html#14ac51a8403b75ec8bda1b5ab5ab62c7" title="FeatureExtraction::setNormalization" alt="" coords="1247,220,1476,247">
<area shape="rect" href="$classFeatureExtraction.html#fbe9d03432bd1394040e2f063d692dda" title="FeatureExtraction::setVTLN" alt="" coords="604,904,788,931">
<area shape="rect" href="$classFeatureExtraction.html#478a5dd2889d696a88cea1a225c7ffb8" title="FeatureExtraction::createMfccFrame" alt="" coords="1244,752,1479,779">
<area shape="rect" href="$classVector.html#730800d75efb18753c6df540330f2e66" title="Vector::setValue" alt="" coords="1595,752,1709,779">
<area shape="rect" href="$classVector.html#f2a4306cd00b9ea1539e7688b2023deb" title="Vector::divideElements" alt="" coords="1284,1360,1439,1387">
<area shape="rect" href="$classVector.html#c065e56f8b5db8093289016d1dcabf43" title="Vector::substractElements" alt="" coords="1564,1157,1740,1184">
<area shape="rect" href="$classFeatureExtraction.html#2ec190c6323e5fd65b8a0471bfa2c851" title="FeatureExtraction::readAudioWindow" alt="" coords="1535,803,1769,829">
<area shape="rect" href="$classVector.html#404404666ae6a250bd227c0a2b56fa3b" title="Vector::len" alt="" coords="1909,1069,1992,1096">
<area shape="rect" href="$classVector.html#5a9d755c2cd52d45dab09fb3924b5c32" title="Vector::Vector" alt="" coords="1899,1259,2003,1285">
<area shape="rect" href="$classFeatureExtraction.html#a15017dfcd9a391f01217736ede42a6b" title="FeatureExtraction::calculateDelta" alt="" coords="1255,904,1468,931">
<area shape="rect" href="$namespaceStringFunctions.html#fea2b8026f46c75c48893a23c1622411" title="StringFunctions::splitList" alt="" coords="947,1411,1112,1437">
<area shape="rect" href="$classVector.html#54d1a243bf3786ed5fdef07f9ffb32ee" title="Vector::storeFloatData" alt="" coords="953,1563,1105,1589">
<area shape="rect" href="$classGaussian.html#5448a381c1cb9a6dcd17b41f8474850f" title="Gaussian::getMean" alt="" coords="963,752,1096,779">
<area shape="rect" href="$classMixGaussian.html#4c7df550d50cb6f407af7aa02668e644" title="MixGaussian::getSumHist" alt="" coords="943,1613,1116,1640">
<area shape="rect" href="$classVector.html#90da96766c42eeca05b6258f5cb4fcd9" title="Vector::readFloatData" alt="" coords="1579,93,1725,120">
<area shape="rect" href="$classGaussian.html#857664edb9d21bc3ca7e32783e0f9964" title="Gaussian::dim" alt="" coords="1600,308,1704,335">
<area shape="rect" href="$classGaussian.html#9c88bb99f2aeaf12eb91a9f34ae741fe" title="Gaussian::Gaussian" alt="" coords="1583,220,1721,247">
<area shape="rect" href="$classFeatureExtraction.html#7e07ca60a638c7b0fa81f970e9f42063" title="FeatureExtraction::setOnlyMEL" alt="" coords="595,1715,797,1741">
<area shape="rect" href="$classFeatureExtraction.html#7d64785120e199fbd53e1e11bbb04124" title="FeatureExtraction::storeFeatureVectors" alt="" coords="572,1563,820,1589">
