<area shape="rect" href="$classPhoneModel.html#61d3733a0714fd28ff7607ec3059012b" title="PhoneModel::adapt_adapt" alt="" coords="256,103,427,129">
<area shape="rect" href="$classPhoneModel.html#6699fd503ce60b0448fb8784c0eb842f" title="PhoneModel::adapt_adaptVar" alt="" coords="245,320,437,347">
<area shape="rect" href="$classPhoneModel.html#19162e61dce0771f2710419a5fed0ef1" title="PhoneModel::adapt_setInitialNode" alt="" coords="232,160,451,187">
<area shape="rect" href="$classPhoneModel.html#88e4457572818b69319d8735bdab56f4" title="PhoneModel::adapt_setNode" alt="" coords="248,217,435,244">
<area shape="rect" href="$classPhoneModel.html#c18f98d9dc7aed6880f7be23b306ca96" title="PhoneModel::adapt_setVarTrans" alt="" coords="237,269,445,296">
<area shape="rect" href="$classFeaturePool.html#a5c677036c6a83444eb65b963c7e375f" title="FeaturePool::addSegment" alt="" coords="256,472,427,499">
<area shape="rect" href="$namespaceWriteFileLittleBigEndian.html#87cd888460175b3af6636ebc6ef53bc8" title="WriteFileLittleBigEndian::freadEndianSafe" alt="" coords="209,523,473,549">
<area shape="rect" href="$classPhoneModel.html#a7a2682a1d1bb0fd68b4835936f3fde2" title="PhoneModel::mapAdaptMeans" alt="" coords="241,421,441,448">
<area shape="rect" href="$classFeaturePool.html#c7e3b1848f1458d6c21dd7c60e10d4ad" title="FeaturePool::setCurSegmentVectors" alt="" coords="225,573,457,600">
<area shape="rect" href="$classAdapt__AM__TreeNode.html#48e2d95462859a758292bf5405cfeadd" title="Adapt_AM_TreeNode::setHelperMatrices_1" alt="" coords="205,624,477,651">
<area shape="rect" href="$classAdapt__AM__TreeNode.html#a5f8d31c1b818f5497637c7c9b4f0273" title="Adapt_AM_TreeNode::setHelperMatrices_2" alt="" coords="205,699,477,725">
<area shape="rect" href="$classTrainPhoneModel.html#b13416a69018cf2b061ba007fbe8b580" title="TrainPhoneModel::setTrainingData" alt="" coords="232,749,451,776">
<area shape="rect" href="$classAdapt__AM__TreeNode.html#86e37f535a972348264fa6cf29c902f0" title="Adapt_AM_TreeNode::split" alt="" coords="595,413,771,440">
<area shape="rect" href="$classPhoneModel.html#16ddfc6f5db37f02f69d363e7945c6b1" title="PhoneModel::writeModel" alt="" coords="260,800,423,827">
<area shape="rect" href="$classMixGaussian.html#4ce0b356b8c2a0c6286e6376b751b997" title="MixGaussian::adapt_adapt" alt="" coords="595,95,771,121">
<area shape="rect" href="$classGaussian.html#0edd88ff352cd5b2327b9c1253f240e8" title="Gaussian::adapt_adapt" alt="" coords="936,69,1091,96">
<area shape="rect" href="$classVector.html#56f94938dad0d6eef488454ee18b320a" title="Vector::copyVector" alt="" coords="1260,67,1391,93">
<area shape="rect" href="$classGaussian.html#6e47fb4a7c8333a56fd01ab4d68ad7fd" title="Gaussian::enterTrainingMode" alt="" coords="1231,117,1420,144">
<area shape="rect" href="$classVector.html#404404666ae6a250bd227c0a2b56fa3b" title="Vector::len" alt="" coords="1540,269,1623,296">
<area shape="rect" href="$classVector.html#06658e90211e89fee5633be129edddcb" title="Vector::setAllValues" alt="" coords="1512,573,1651,600">
<area shape="rect" href="$classMixGaussian.html#86b5d177c8aa20085e3f64655ef56bb1" title="MixGaussian::adapt_adaptVar" alt="" coords="585,320,780,347">
<area shape="rect" href="$classGaussian.html#bab24aeb9b6a583764943c3dc50dafa4" title="Gaussian::adapt_adaptVar" alt="" coords="927,320,1100,347">
<area shape="rect" href="$classVector.html#003aaeb9799aacc44135927eed3c6675" title="Vector::multiplyElements" alt="" coords="1243,320,1408,347">
<area shape="rect" href="$classMixGaussian.html#27fbbad387507a4f4f929dcc90fae458" title="MixGaussian::adapt_setInitialNode" alt="" coords="571,152,795,179">
<area shape="rect" href="$classGaussian.html#97ad9c89b7307ec0835890b19c6d2b68" title="Gaussian::adapt_setInitialNode" alt="" coords="912,131,1115,157">
<area shape="rect" href="$classMixGaussian.html#f835dea4506e0939baccaee94505b08a" title="MixGaussian::adapt_setNode" alt="" coords="587,215,779,241">
<area shape="rect" href="$classGaussian.html#82cbf64dfbcebe79d2f95ce2a25a6b69" title="Gaussian::adapt_setNode" alt="" coords="928,203,1099,229">
<area shape="rect" href="$classMixGaussian.html#a5105ef7d6c4c373e55b585a74bcc17b" title="MixGaussian::adapt_setVarTrans" alt="" coords="576,269,789,296">
<area shape="rect" href="$classGaussian.html#70a00f6eaf36250ffcf7b5a55fd3add2" title="Gaussian::adapt_setVarTrans" alt="" coords="917,269,1109,296">
<area shape="rect" href="$classVector.html#9fe5995f7a6a904db2d66f632bfd5a80" title="Vector::addElements" alt="" coords="1255,421,1396,448">
<area shape="rect" href="$classVector.html#c065e56f8b5db8093289016d1dcabf43" title="Vector::substractElements" alt="" coords="1237,168,1413,195">
<area shape="rect" href="$classMixGaussian.html#451ac6eee8718bece8a38b64cc03a954" title="MixGaussian::mapAdaptMeans" alt="" coords="581,503,784,529">
<area shape="rect" href="$classGaussian.html#01f1dfb0ac38b7ccb0866c25bc3d7d9d" title="Gaussian::mapAdaptMean" alt="" coords="925,523,1101,549">
<area shape="rect" href="$classGaussian.html#ff5086463d6ba6de5202104c3a9013c8" title="Gaussian::calculateCP" alt="" coords="1248,523,1403,549">
<area shape="rect" href="$namespaceFastMath.html#52503617b4ae9fce99b06160ff974a38" title="FastMath::log" alt="" coords="1531,624,1632,651">
<area shape="rect" href="$classVector.html#ecccea9a9bc8764ae877c4f4b8ca4b6c" title="Vector::getDeterminant" alt="" coords="1248,624,1403,651">
<area shape="rect" href="$classPhoneModel.html#2de4b6f2d451ea88b5e9d7fdb523724d" title="PhoneModel::adapt_setHelperMatrices" alt="" coords="560,624,805,651">
<area shape="rect" href="$classAdapt__AM__TreeNode.html#d5c0e32f6032923a1cb33ac38f2390db" title="Adapt_AM_TreeNode::iterate_setHelperMatrices_1" alt="" coords="525,699,840,725">
<area shape="rect" href="$classMixGaussian.html#ba6dcc4c658c2201b0919c4b43e18643" title="MixGaussian::adapt_setHelperMatrices" alt="" coords="889,624,1137,651">
<area shape="rect" href="$classAdapt__AM__TreeNode.html#1d25e0f9a3d1fbab3d61072e8955b292" title="Adapt_AM_TreeNode::Adapt_AM_TreeNode" alt="" coords="1188,827,1463,853">
<area shape="rect" href="$classGaussian.html#45ebb10e9c18b34efea8eb0d65fa15f8" title="Gaussian::shiftMean" alt="" coords="943,447,1084,473">
<area shape="rect" href="$classGaussian.html#af6bdf166ad6f83243ae644651d8d6d3" title="Gaussian::trainFinish" alt="" coords="941,371,1085,397">
<area shape="rect" href="$classVector.html#4c5bae0e54251032eabe67f1fb3c137c" title="Vector::getMaxElement" alt="" coords="1247,675,1404,701">
<area shape="rect" href="$classVector.html#cf8fcb8e5533664ee03eaf6f2bf9ec18" title="Vector::sqrtElements" alt="" coords="1253,573,1397,600">
<area shape="rect" href="$classVector.html#910def32bdfac1b5625e5c3bedce4f6c" title="Vector::minimizeElements" alt="" coords="1239,269,1412,296">
<area shape="rect" href="$classPhoneModel.html#0a60f995588fa56fa9815035f3f9a7f6" title="PhoneModel::getNumberOfGaussians" alt="" coords="563,775,803,801">
<area shape="rect" href="$classMixGaussian.html#9507bf90ec74136e151ecef9bbe52bf9" title="MixGaussian::storeData" alt="" coords="603,825,763,852">
<area shape="rect" href="$classMixGaussian.html#b797fccd63c3dd6bbf1a6d3cfcc36ded" title="MixGaussian::getNumberOfGaussians" alt="" coords="892,775,1135,801">
<area shape="rect" href="$classGaussian.html#66059a7d6b06ada196b92b0dc872e878" title="Gaussian::storeData" alt="" coords="944,825,1083,852">
