<area shape="rect" href="$classFeaturePool.html#a291710bc17ff72acc48fda82af2372a" title="FeaturePool::getStreamInfo" alt="" coords="324,385,505,412">
<area shape="rect" href="$classTrainPhoneModel.html#c476f2ef29a0e41a88429c4eccc32cb6" title="TrainPhoneModel::getTrainSilP" alt="" coords="596,5,796,32">
<area shape="rect" href="$classFeaturePool.html#5ff26b79c27c8f71191ae516005f2520" title="FeaturePool::resetStreamWeights" alt="" coords="307,487,523,513">
<area shape="rect" href="$classFeaturePool.html#4b426d37c05facd3d08a13c9f82630ea" title="FeaturePool::setStreamWeights" alt="" coords="312,537,517,564">
<area shape="rect" href="$classTrainPhoneModel.html#b13416a69018cf2b061ba007fbe8b580" title="TrainPhoneModel::setTrainingData" alt="" coords="305,588,524,615">
<area shape="rect" href="$classTrainPhoneModel.html#89f3ab08cf2bbb32bf0bca2d50d87979" title="TrainPhoneModel::train" alt="" coords="337,1069,492,1096">
<area shape="rect" href="$classTrainPhoneModel.html#506f11534e023e27784a125fc6f0dc89" title="TrainPhoneModel::getSilP" alt="" coords="904,259,1075,285">
<area shape="rect" href="$classFeaturePool.html#4e7d4bfa4489ed0a7def6a26ec1e6897" title="FeaturePool::getFirstVectorFirstSegment" alt="" coords="1161,233,1420,260">
<area shape="rect" href="$classFeaturePool.html#095ca925d176bed975f8bf086285b3c9" title="FeaturePool::getFirstVectorNextSegment" alt="" coords="1161,360,1420,387">
<area shape="rect" href="$classMixGaussian.html#e0e58173c75b93e75fe0d0cd797aa5ac" title="MixGaussian::getLogP" alt="" coords="1215,411,1367,437">
<area shape="rect" href="$classFeaturePool.html#b45d6c4737e91e3761fc54f9f9647b5c" title="FeaturePool::getNextVector" alt="" coords="1200,81,1381,108">
<area shape="rect" href="$classFeaturePool.html#224dd69f82292fadb414403edf5c4563" title="FeaturePool::getSegmentID" alt="" coords="1200,639,1381,665">
<area shape="rect" href="$classFeaturePool.html#d006ac79715763ace03627af6f17431a" title="FeaturePool::getFirstVectorFirstSegmentList" alt="" coords="1469,233,1749,260">
<area shape="rect" href="$classFeaturePool.html#b9a92d0aeddf3dde97b2469a214881f4" title="FeaturePool::getFirstVectorNextSegmentList" alt="" coords="1469,360,1749,387">
<area shape="rect" href="$namespaceFastMath.html#52503617b4ae9fce99b06160ff974a38" title="FastMath::log" alt="" coords="1816,816,1917,843">
<area shape="rect" href="$classFeaturePool.html#9d59e90f53ceecbed3d3f45c4205d272" title="FeaturePool::getNextVectorList" alt="" coords="1508,81,1711,108">
<area shape="rect" href="$classTrainPhoneModel.html#4053b2771b78a3a1643a09e8fc1db0a9" title="TrainPhoneModel::baumWelch" alt="" coords="597,537,795,564">
<area shape="rect" href="$classFeaturePool.html#17fbcca7c5a9dc77bbc9b0531e3c3cf7" title="FeaturePool::getCurSegmentLen" alt="" coords="884,613,1095,640">
<area shape="rect" href="$classMixGaussian.html#64938a70fda49b8e21f72d157ca8643c" title="MixGaussian::train" alt="" coords="924,1019,1055,1045">
<area shape="rect" href="$classGaussian.html#7cf7ca138f6800b24660661bccfa1ed1" title="Gaussian::train" alt="" coords="1236,1171,1345,1197">
<area shape="rect" href="$classMixGaussian.html#5c0e6d17c5af98b62969428587231eb4" title="MixGaussian::trainFinish" alt="" coords="907,968,1072,995">
<area shape="rect" href="$classVector.html#655ea1b7c88bc1ac4abc406b81aa1df1" title="Vector::getValue" alt="" coords="1809,1576,1924,1603">
<area shape="rect" href="$classGaussian.html#af6bdf166ad6f83243ae644651d8d6d3" title="Gaussian::trainFinish" alt="" coords="1219,1069,1363,1096">
<area shape="rect" href="$classTrainPhoneModel.html#19bb93fa2cef4db65aa9e729b25eb575" title="TrainPhoneModel::count" alt="" coords="616,1373,776,1400">
<area shape="rect" href="$classFeaturePool.html#ba6b8369709a70a6a605186a2ee0b662" title="FeaturePool::getCurSegmentStart" alt="" coords="881,1069,1097,1096">
<area shape="rect" href="$classGaussian.html#93c4ec3d1fd3657685dcd00791f1ff1f" title="Gaussian::getLogP" alt="" coords="631,1424,761,1451">
<area shape="rect" href="$classMixGaussian.html#b797fccd63c3dd6bbf1a6d3cfcc36ded" title="MixGaussian::getNumberOfGaussians" alt="" coords="868,1475,1111,1501">
<area shape="rect" href="$classTrainPhoneModel.html#422b0b2ed23ed30507f26d09d5fe5652" title="TrainPhoneModel::maxNrOfGaussians" alt="" coords="575,1475,817,1501">
<area shape="rect" href="$classVector.html#79c4e0d12cfbe79723538c50ef3eaa46" title="Vector::multiplyVector" alt="" coords="623,1576,769,1603">
<area shape="rect" href="$classMixGaussian.html#302468bdab3bb8b3c7c613f066f2d232" title="MixGaussian::splitAllGaussians" alt="" coords="887,1272,1092,1299">
<area shape="rect" href="$classMixGaussian.html#e10fad190cb9b7169b91cddc265d5f0c" title="MixGaussian::splitBestGaussian" alt="" coords="884,1323,1095,1349">
<area shape="rect" href="$classTrainPhoneModel.html#51abc7e460dbb9a39ddae6589dcfe41c" title="TrainPhoneModel::viterbi" alt="" coords="615,841,777,868">
<area shape="rect" href="$classFeaturePool.html#00d7e2a39987bae75a4550cfe897c520" title="FeaturePool::getCurSegmentVector" alt="" coords="876,563,1103,589">
<area shape="rect" href="$classMixGaussian.html#a47a9651e401686d819af8087dabe8af" title="MixGaussian::getP" alt="" coords="924,360,1055,387">
<area shape="rect" href="$classVector.html#9fe5995f7a6a904db2d66f632bfd5a80" title="Vector::addElements" alt="" coords="1539,1323,1680,1349">
<area shape="rect" href="$classGaussian.html#6e47fb4a7c8333a56fd01ab4d68ad7fd" title="Gaussian::enterTrainingMode" alt="" coords="1515,1019,1704,1045">
<area shape="rect" href="$classVector.html#404404666ae6a250bd227c0a2b56fa3b" title="Vector::len" alt="" coords="1825,1221,1908,1248">
<area shape="rect" href="$classVector.html#06658e90211e89fee5633be129edddcb" title="Vector::setAllValues" alt="" coords="1797,993,1936,1020">
<area shape="rect" href="$classGaussian.html#15adf90d7366d1a82632c6f2940c9751" title="Gaussian::getTrainingDenominator" alt="" coords="1181,993,1400,1020">
<area shape="rect" href="$classMixGaussian.html#cf807f9e9fbe446832bf4a1ff544bc2b" title="MixGaussian::initializeFastCalc" alt="" coords="1189,1323,1392,1349">
<area shape="rect" href="$classGaussian.html#ff5086463d6ba6de5202104c3a9013c8" title="Gaussian::calculateCP" alt="" coords="1532,1221,1687,1248">
<area shape="rect" href="$classVector.html#ecccea9a9bc8764ae877c4f4b8ca4b6c" title="Vector::getDeterminant" alt="" coords="1532,1069,1687,1096">
<area shape="rect" href="$classVector.html#910def32bdfac1b5625e5c3bedce4f6c" title="Vector::minimizeElements" alt="" coords="1523,917,1696,944">
<area shape="rect" href="$classVector.html#003aaeb9799aacc44135927eed3c6675" title="Vector::multiplyElements" alt="" coords="1527,1272,1692,1299">
<area shape="rect" href="$classVector.html#c065e56f8b5db8093289016d1dcabf43" title="Vector::substractElements" alt="" coords="1521,1171,1697,1197">
<area shape="rect" href="$classMixGaussian.html#8c2d698bdf2e54575a27f4a29c42c442" title="MixGaussian::count" alt="" coords="921,1373,1057,1400">
<area shape="rect" href="$classVector.html#6fa88947aad730c72d43aaad65c99b28" title="Vector::calculateEPart" alt="" coords="913,1424,1065,1451">
<area shape="rect" href="$classGaussian.html#45ebb10e9c18b34efea8eb0d65fa15f8" title="Gaussian::shiftMean" alt="" coords="1220,1272,1361,1299">
<area shape="rect" href="$classFeaturePool.html#a5c677036c6a83444eb65b963c7e375f" title="FeaturePool::addSegment" alt="" coords="904,867,1075,893">
