<area shape="rect" href="$classVector.html#56f94938dad0d6eef488454ee18b320a" title="Vector::copyVector" alt="" coords="1271,85,1401,112">
<area shape="rect" href="$classShoutOnline.html#f72f2e0a23a14fef31c77efa930eda92" title="ShoutOnline::determineAction" alt="" coords="263,1023,457,1049">
<area shape="rect" href="$classFeatureExtraction.html#d66612f0794d6f18e2f17dc2fbc8034b" title="FeatureExtraction::doFeatureExtraction" alt="" coords="236,592,484,619">
<area shape="rect" href="$classVector.html#655ea1b7c88bc1ac4abc406b81aa1df1" title="Vector::getValue" alt="" coords="1279,908,1393,935">
<area shape="rect" href="$namespaceWriteFileLittleBigEndian.html#87cd888460175b3af6636ebc6ef53bc8" title="WriteFileLittleBigEndian::freadEndianSafe" alt="" coords="936,832,1200,859">
<area shape="rect" href="$namespaceWriteFileLittleBigEndian.html#c96394d60cd96b1fa9c13adc3e5d0fa8" title="WriteFileLittleBigEndian::fwriteEndianSafe" alt="" coords="228,1073,492,1100">
<area shape="rect" href="$classLexicalTree.html#c2fbe00f973aa00a964ac86fd14f8649" title="LexicalTree::getBestIDSequence" alt="" coords="255,1124,465,1151">
<area shape="rect" href="$classGaussian.html#5448a381c1cb9a6dcd17b41f8474850f" title="Gaussian::getMean" alt="" coords="293,1175,427,1201">
<area shape="rect" href="$classFeatureExtraction.html#1baa78fb88160486940e7cef37b4408a" title="FeatureExtraction::getOnlineVector" alt="" coords="248,313,472,340">
<area shape="rect" href="$classGaussian.html#d6a0c6972a3a4bcd36d726be5318ea22" title="Gaussian::getVariance" alt="" coords="284,1225,436,1252">
<area shape="rect" href="$classLexicalTree.html#e4870b88a4237d3cff57e1d97b49f7df" title="LexicalTree::getWord" alt="" coords="288,1276,432,1303">
<area shape="rect" href="$classLexicalTree.html#aba7476526e6aede4a2a6782ff286d41" title="LexicalTree::getWordID" alt="" coords="991,1352,1145,1379">
<area shape="rect" href="$classLexicalTree.html#fd2374d1d8fe60b5a21f82b76dc1b482" title="LexicalTree::initialiseTree" alt="" coords="276,1377,444,1404">
<area shape="rect" href="$classLexicalTree.html#8578617ce57cb0b1f4a05829ad291cd6" title="LexicalTree::overwritePrunePars" alt="" coords="256,1479,464,1505">
<area shape="rect" href="$classLexicalTree.html#1b7d44f3bb9e41b860f0c5eaeee33e11" title="LexicalTree::overwriteWeightPars" alt="" coords="253,1529,467,1556">
<area shape="rect" href="$classLexicalTree.html#fe56815b0b86b82998b39354abb77bf1" title="LexicalTree::printInitialSettings" alt="" coords="260,1580,460,1607">
<area shape="rect" href="$classLexicalTree.html#e62eeb3a5d83689e9bbfb61f248e1ac1" title="LexicalTree::processVector" alt="" coords="271,1631,449,1657">
<area shape="rect" href="$classLexicalTree.html#43032f047e54301f44f3c4fbb6a7c6ff" title="LexicalTree::setAMs" alt="" coords="291,1681,429,1708">
<area shape="rect" href="$classFeatureExtraction.html#7448647297dd089002f6f2286bb1855e" title="FeatureExtraction::setAudioFileOut" alt="" coords="248,1732,472,1759">
<area shape="rect" href="$classLexicalTree.html#595c8b1fe485c72ca682a375a53cf437" title="LexicalTree::setLattice" alt="" coords="284,1428,436,1455">
<area shape="rect" href="$classLexicalTree.html#caaf580d559fa1cac60b4459f89f9f01" title="LexicalTree::setLM" alt="" coords="295,1783,425,1809">
<area shape="rect" href="$classFeatureExtraction.html#14ac51a8403b75ec8bda1b5ab5ab62c7" title="FeatureExtraction::setNormalization" alt="" coords="953,908,1183,935">
<area shape="rect" href="$classFeatureExtraction.html#fbe9d03432bd1394040e2f063d692dda" title="FeatureExtraction::setVTLN" alt="" coords="268,1833,452,1860">
<area shape="rect" href="$shoutonline_8cpp.html#73b4a04ddb8495beac7d72d65998df12" title="thread_online" alt="" coords="311,1884,409,1911">
<area shape="rect" href="$classVector.html#5a9d755c2cd52d45dab09fb3924b5c32" title="Vector::Vector" alt="" coords="1472,237,1576,264">
<area shape="rect" href="$classFeatureExtraction.html#a15017dfcd9a391f01217736ede42a6b" title="FeatureExtraction::calculateDelta" alt="" coords="961,617,1175,644">
<area shape="rect" href="$classVector.html#730800d75efb18753c6df540330f2e66" title="Vector::setValue" alt="" coords="1279,617,1393,644">
<area shape="rect" href="$classFeatureExtraction.html#95e7d0a6452e1f2776b4735e3598e5bb" title="FeatureExtraction::createFeaturesUntilFrame" alt="" coords="573,313,856,340">
<area shape="rect" href="$classVector.html#f2a4306cd00b9ea1539e7688b2023deb" title="Vector::divideElements" alt="" coords="991,212,1145,239">
<area shape="rect" href="$classVector.html#cf8fcb8e5533664ee03eaf6f2bf9ec18" title="Vector::sqrtElements" alt="" coords="996,263,1140,289">
<area shape="rect" href="$classVector.html#c065e56f8b5db8093289016d1dcabf43" title="Vector::substractElements" alt="" coords="1248,364,1424,391">
<area shape="rect" href="$classGaussian.html#af6bdf166ad6f83243ae644651d8d6d3" title="Gaussian::trainFinish" alt="" coords="996,415,1140,441">
<area shape="rect" href="$classFeatureExtraction.html#e12e6c88ff9919ca50fab0c753c45ea6" title="FeatureExtraction::finishExtraction" alt="" coords="604,465,825,492">
<area shape="rect" href="$classFeatureExtraction.html#2ec190c6323e5fd65b8a0471bfa2c851" title="FeatureExtraction::readAudioWindow" alt="" coords="597,820,832,847">
<area shape="rect" href="$namespaceStringFunctions.html#fea2b8026f46c75c48893a23c1622411" title="StringFunctions::splitList" alt="" coords="632,719,797,745">
<area shape="rect" href="$classVector.html#54d1a243bf3786ed5fdef07f9ffb32ee" title="Vector::storeFloatData" alt="" coords="639,567,791,593">
<area shape="rect" href="$classLexicalTree.html#a84bfd4292ddde70f6a23d5d91c5351c" title="LexicalTree::findBestToken" alt="" coords="625,1099,804,1125">
<area shape="rect" href="$classLanguageModel.html#ea0be9412543de176710fbde295d2e9e" title="LanguageModel::getLastWordID" alt="" coords="612,1149,817,1176">
<area shape="rect" href="$classLexicalTree.html#411bee725dc31e74483c5e9b3cf3362a" title="LexicalTree::copyLMHistory" alt="" coords="624,1327,805,1353">
<area shape="rect" href="$classLexicalTree.html#d79099cc5db0acadcc798a280df65733" title="LexicalTree::initialiseSystem" alt="" coords="621,1377,808,1404">
<area shape="rect" href="$classLexicalTree.html#2f913cd90f54299de65d45548eca9f89" title="LexicalTree::printTokenDistribution" alt="" coords="605,1580,824,1607">
<area shape="rect" href="$classLexicalTree.html#01b2dfce9d71030d36db1dba18db5974" title="LexicalTree::processVector_administrationCleanup" alt="" coords="559,1631,871,1657">
<area shape="rect" href="$classLexicalTree.html#97a5e33e6a6d7280e688dd15f1544dff" title="LexicalTree::processVector_LMLAReordering" alt="" coords="575,1681,855,1708">
<area shape="rect" href="$classLexicalTree.html#40db667a0d2ae65d17c385c5cfb99930" title="LexicalTree::processVector_processNodes" alt="" coords="581,1732,848,1759">
<area shape="rect" href="$classLexicalTree.html#03fa6fec9af642749abf3de1610439a5" title="LexicalTree::processVector_prune_processNodesOutput" alt="" coords="541,1783,888,1809">
<area shape="rect" href="$classLexicalTree.html#f00ca5e3ee7b7c0cd572740035d1046a" title="LexicalTree::processVector_pruneLM" alt="" coords="597,1833,832,1860">
<area shape="rect" href="$classLexicalTree.html#2ab2b5edfe84a4c25af4b8222e0dfdd4" title="LexicalTree::borrowPhoneString" alt="" coords="613,1428,816,1455">
<area shape="rect" href="$classLexicalTree.html#1002353f04ff5ab10ee0d47b6f9cf59f" title="LexicalTree::deleteTree" alt="" coords="637,1479,792,1505">
<area shape="rect" href="$classLexicalTree.html#fc90c7e380d3335e48e53f56fe00164d" title="LexicalTree::setNodeContext" alt="" coords="621,1529,808,1556">
