<area shape="rect" href="$classMixGaussian.html#02b2e4a812fa559bf6a7bef4958b7c25" title="MixGaussian::shiftBestGaussian" alt="" coords="295,157,505,184">
<area shape="rect" href="$classGaussian.html#45ebb10e9c18b34efea8eb0d65fa15f8" title="Gaussian::shiftMean" alt="" coords="555,157,696,184">
<area shape="rect" href="$classVector.html#9fe5995f7a6a904db2d66f632bfd5a80" title="Vector::addElements" alt="" coords="757,157,899,184">
<area shape="rect" href="$classGaussian.html#ff5086463d6ba6de5202104c3a9013c8" title="Gaussian::calculateCP" alt="" coords="751,56,905,83">
<area shape="rect" href="$classVector.html#4c5bae0e54251032eabe67f1fb3c137c" title="Vector::getMaxElement" alt="" coords="749,259,907,285">
<area shape="rect" href="$classVector.html#003aaeb9799aacc44135927eed3c6675" title="Vector::multiplyElements" alt="" coords="745,107,911,133">
<area shape="rect" href="$classVector.html#cf8fcb8e5533664ee03eaf6f2bf9ec18" title="Vector::sqrtElements" alt="" coords="756,208,900,235">
<area shape="rect" href="$classVector.html#404404666ae6a250bd227c0a2b56fa3b" title="Vector::len" alt="" coords="988,107,1071,133">
<area shape="rect" href="$classVector.html#5a9d755c2cd52d45dab09fb3924b5c32" title="Vector::Vector" alt="" coords="977,183,1081,209">
<area shape="rect" href="$classVector.html#655ea1b7c88bc1ac4abc406b81aa1df1" title="Vector::getValue" alt="" coords="972,5,1087,32">
<area shape="rect" href="$namespaceFastMath.html#52503617b4ae9fce99b06160ff974a38" title="FastMath::log" alt="" coords="979,56,1080,83">
<area shape="rect" href="$classVector.html#06658e90211e89fee5633be129edddcb" title="Vector::setAllValues" alt="" coords="960,245,1099,272">
<area shape="rect" href="$classVector.html#730800d75efb18753c6df540330f2e66" title="Vector::setValue" alt="" coords="972,296,1087,323">
