<area shape="rect" href="$classMultiMixGaussian.html#24fda29a13225d1a7f8e79d5fefc76ce" title="MultiMixGaussian::getLogP" alt="" coords="213,57,395,84">
<area shape="rect" href="$classMultiMixGaussian.html#ded2a5de85501b2f1220551bbdcf1e5b" title="MultiMixGaussian::createVector" alt="" coords="444,19,649,45">
<area shape="rect" href="$classMixGaussian.html#e0e58173c75b93e75fe0d0cd797aa5ac" title="MixGaussian::getLogP" alt="" coords="471,95,623,121">
<area shape="rect" href="$classVector.html#b6cbff1295764420b438030092ccad19" title="Vector::borrowVector" alt="" coords="704,5,845,32">
<area shape="rect" href="$classMixGaussian.html#8a94cd8be9810a1b9af97d45b24b4524" title="MixGaussian::dim" alt="" coords="712,56,837,83">
<area shape="rect" href="$classVector.html#a0978557568573ad6a4dd7d464971bc6" title="Vector::getVectorArray" alt="" coords="699,107,851,133">
<area shape="rect" href="$namespaceFastMath.html#52503617b4ae9fce99b06160ff974a38" title="FastMath::log" alt="" coords="724,157,825,184">
