<area shape="rect" href="$classTrainPhoneModel.html#2e7398866aed668e37d664d585a37537" title="TrainPhoneModel::appendSAT" alt="" coords="327,265,521,292">
<area shape="rect" href="$namespaceWriteFileLittleBigEndian.html#87cd888460175b3af6636ebc6ef53bc8" title="WriteFileLittleBigEndian::freadEndianSafe" alt="" coords="1152,5,1416,32">
<area shape="rect" href="$classTrainPhoneModel.html#73643c09a7790ee4716605a113433921" title="TrainPhoneModel::finishSAT" alt="" coords="332,379,516,405">
<area shape="rect" href="$classPhoneModel.html#034467a6372305b40013f70ca6185ac5" title="PhoneModel::isSilModel" alt="" coords="344,429,504,456">
<area shape="rect" href="$classPhoneModel.html#16ddfc6f5db37f02f69d363e7945c6b1" title="PhoneModel::writeModel" alt="" coords="343,512,505,539">
<area shape="rect" href="$classMixGaussian.html#5deb7bdcc57b2ba3d4e64643a95ecbb7" title="MixGaussian::appendSAT" alt="" coords="605,233,776,260">
<area shape="rect" href="$classGaussian.html#2583d0e935bd6249d5bfd0182b516e6f" title="Gaussian::appendSAT" alt="" coords="905,107,1057,133">
<area shape="rect" href="$classVector.html#9fe5995f7a6a904db2d66f632bfd5a80" title="Vector::addElements" alt="" coords="1213,107,1355,133">
<area shape="rect" href="$classVector.html#404404666ae6a250bd227c0a2b56fa3b" title="Vector::len" alt="" coords="1665,259,1748,285">
<area shape="rect" href="$classGaussian.html#6e47fb4a7c8333a56fd01ab4d68ad7fd" title="Gaussian::enterTrainingMode" alt="" coords="1189,411,1379,437">
<area shape="rect" href="$classVector.html#5a9d755c2cd52d45dab09fb3924b5c32" title="Vector::Vector" alt="" coords="1488,259,1592,285">
<area shape="rect" href="$classGaussian.html#857664edb9d21bc3ca7e32783e0f9964" title="Gaussian::dim" alt="" coords="1488,360,1592,387">
<area shape="rect" href="$classVector.html#06658e90211e89fee5633be129edddcb" title="Vector::setAllValues" alt="" coords="1471,461,1609,488">
<area shape="rect" href="$classMixGaussian.html#5c0e6d17c5af98b62969428587231eb4" title="MixGaussian::trainFinish" alt="" coords="608,395,773,421">
<area shape="rect" href="$classGaussian.html#15adf90d7366d1a82632c6f2940c9751" title="Gaussian::getTrainingDenominator" alt="" coords="872,411,1091,437">
<area shape="rect" href="$classMixGaussian.html#cf807f9e9fbe446832bf4a1ff544bc2b" title="MixGaussian::initializeFastCalc" alt="" coords="1183,659,1385,685">
<area shape="rect" href="$classGaussian.html#af6bdf166ad6f83243ae644651d8d6d3" title="Gaussian::trainFinish" alt="" coords="909,360,1053,387">
<area shape="rect" href="$classMixGaussian.html#8a94cd8be9810a1b9af97d45b24b4524" title="MixGaussian::dim" alt="" coords="1477,816,1603,843">
<area shape="rect" href="$classGaussian.html#c742925e3be0e13faeccdd2134d35b68" title="Gaussian::getCP" alt="" coords="1480,664,1600,691">
<area shape="rect" href="$classGaussian.html#5448a381c1cb9a6dcd17b41f8474850f" title="Gaussian::getMean" alt="" coords="1473,715,1607,741">
<area shape="rect" href="$classVector.html#655ea1b7c88bc1ac4abc406b81aa1df1" title="Vector::getValue" alt="" coords="1483,563,1597,589">
<area shape="rect" href="$classGaussian.html#d6a0c6972a3a4bcd36d726be5318ea22" title="Gaussian::getVariance" alt="" coords="1464,765,1616,792">
<area shape="rect" href="$namespaceFastMath.html#52503617b4ae9fce99b06160ff974a38" title="FastMath::log" alt="" coords="1489,613,1591,640">
<area shape="rect" href="$classGaussian.html#ff5086463d6ba6de5202104c3a9013c8" title="Gaussian::calculateCP" alt="" coords="1207,537,1361,564">
<area shape="rect" href="$classVector.html#ecccea9a9bc8764ae877c4f4b8ca4b6c" title="Vector::getDeterminant" alt="" coords="1207,259,1361,285">
<area shape="rect" href="$classVector.html#910def32bdfac1b5625e5c3bedce4f6c" title="Vector::minimizeElements" alt="" coords="1197,309,1371,336">
<area shape="rect" href="$classVector.html#003aaeb9799aacc44135927eed3c6675" title="Vector::multiplyElements" alt="" coords="1201,208,1367,235">
<area shape="rect" href="$classVector.html#c065e56f8b5db8093289016d1dcabf43" title="Vector::substractElements" alt="" coords="1196,360,1372,387">
<area shape="rect" href="$classPhoneModel.html#0a60f995588fa56fa9815035f3f9a7f6" title="PhoneModel::getNumberOfGaussians" alt="" coords="571,563,811,589">
<area shape="rect" href="$classMixGaussian.html#9507bf90ec74136e151ecef9bbe52bf9" title="MixGaussian::storeData" alt="" coords="611,512,771,539">
<area shape="rect" href="$classMixGaussian.html#b797fccd63c3dd6bbf1a6d3cfcc36ded" title="MixGaussian::getNumberOfGaussians" alt="" coords="860,563,1103,589">
<area shape="rect" href="$classGaussian.html#66059a7d6b06ada196b92b0dc872e878" title="Gaussian::storeData" alt="" coords="912,512,1051,539">
<area shape="rect" href="$classVector.html#e6aa28a3a024fd2501dfd316ec74b61e" title="Vector::storeData" alt="" coords="1223,709,1345,736">
