<area shape="rect" href="$classFeatureExtraction.html#95e7d0a6452e1f2776b4735e3598e5bb" title="FeatureExtraction::createFeaturesUntilFrame" alt="" coords="557,992,840,1019">
<area shape="rect" href="$classVector.html#655ea1b7c88bc1ac4abc406b81aa1df1" title="Vector::getValue" alt="" coords="1563,232,1677,259">
<area shape="rect" href="$namespaceWriteFileLittleBigEndian.html#87cd888460175b3af6636ebc6ef53bc8" title="WriteFileLittleBigEndian::freadEndianSafe" alt="" coords="1488,1828,1752,1855">
<area shape="rect" href="$classVector.html#cf8fcb8e5533664ee03eaf6f2bf9ec18" title="Vector::sqrtElements" alt="" coords="959,1043,1103,1069">
<area shape="rect" href="$classGaussian.html#7cf7ca138f6800b24660661bccfa1ed1" title="Gaussian::train" alt="" coords="976,739,1085,765">
<area shape="rect" href="$classGaussian.html#af6bdf166ad6f83243ae644651d8d6d3" title="Gaussian::trainFinish" alt="" coords="959,1144,1103,1171">
<area shape="rect" href="$classFeatureExtraction.html#d66612f0794d6f18e2f17dc2fbc8034b" title="FeatureExtraction::doFeatureExtraction" alt="" coords="241,1169,489,1196">
<area shape="rect" href="$classFeatureExtraction.html#e12e6c88ff9919ca50fab0c753c45ea6" title="FeatureExtraction::finishExtraction" alt="" coords="588,1043,809,1069">
<area shape="rect" href="$classFeaturePool.html#88dcd88ec173f5d7300b4b4c5645d8ce" title="FeaturePool::fillBuffer_ShoutFormat" alt="" coords="252,1840,479,1867">
<area shape="rect" href="$classFeaturePool.html#5559a850671765410483b5dc0c1dfd7e" title="FeaturePool::fillBuffer_TextFormat" alt="" coords="589,1499,808,1525">
<area shape="rect" href="$classGaussian.html#d6a0c6972a3a4bcd36d726be5318ea22" title="Gaussian::getVariance" alt="" coords="955,1600,1107,1627">
<area shape="rect" href="$classFeatureExtraction.html#e4b44a281aa9eea9895e4a3fa5a05881" title="FeatureExtraction::finishClusterCMVN" alt="" coords="577,1347,820,1373">
<area shape="rect" href="$classFeatureExtraction.html#b3fdda8ea49d5295774a06f5f62c4724" title="FeatureExtraction::getPool" alt="" coords="277,1891,453,1917">
<area shape="rect" href="$classFeatureExtraction.html#2d8b8706a12d747daced5c3f51a3ffb4" title="FeatureExtraction::getPoolSize" alt="" coords="264,1941,467,1968">
<area shape="rect" href="$classFeaturePool.html#224dd69f82292fadb414403edf5c4563" title="FeaturePool::getSegmentID" alt="" coords="275,1992,456,2019">
<area shape="rect" href="$classPhoneModel.html#c464b097c121140a32aa42a290b11eaa" title="PhoneModel::getSilSumHist" alt="" coords="273,600,457,627">
<area shape="rect" href="$classFeatureExtraction.html#08066055c72027445feee3776cf97c57" title="FeatureExtraction::getVectorSize" alt="" coords="259,2043,472,2069">
<area shape="rect" href="$classFeatureExtraction.html#e200d20e4699693fb3204e3b90debc50" title="FeatureExtraction::performClusterCMVNUntilFrame" alt="" coords="540,1448,857,1475">
<area shape="rect" href="$classFeatureExtraction.html#b32e7cb544e43e0e204290a325bbc1e2" title="FeatureExtraction::performPCA" alt="" coords="597,637,800,664">
<area shape="rect" href="$classVector.html#5e8a082ce33f44febb73eed7f784007d" title="Vector::printVector" alt="" coords="301,169,429,196">
<area shape="rect" href="$classFeaturePool.html#acd8b32da914d2acba21a9fd87cdd65b" title="FeaturePool::readHeader_ShoutFormat" alt="" coords="907,1853,1155,1880">
<area shape="rect" href="$classFeaturePool.html#1dc6ed177d2ec01fb750fb1105c6b9c6" title="FeaturePool::readHeader_TextFormat" alt="" coords="580,1701,817,1728">
<area shape="rect" href="$classFeatureExtraction.html#14ac51a8403b75ec8bda1b5ab5ab62c7" title="FeatureExtraction::setNormalization" alt="" coords="584,359,813,385">
<area shape="rect" href="$classFeatureExtraction.html#fbe9d03432bd1394040e2f063d692dda" title="FeatureExtraction::setVTLN" alt="" coords="273,2093,457,2120">
<area shape="rect" href="$classFeatureExtraction.html#478a5dd2889d696a88cea1a225c7ffb8" title="FeatureExtraction::createMfccFrame" alt="" coords="913,941,1148,968">
<area shape="rect" href="$classVector.html#730800d75efb18753c6df540330f2e66" title="Vector::setValue" alt="" coords="1264,688,1379,715">
<area shape="rect" href="$classVector.html#f2a4306cd00b9ea1539e7688b2023deb" title="Vector::divideElements" alt="" coords="953,1296,1108,1323">
<area shape="rect" href="$classVector.html#c065e56f8b5db8093289016d1dcabf43" title="Vector::substractElements" alt="" coords="1233,1347,1409,1373">
<area shape="rect" href="$classFFTReal.html#aef06fd9a9f9e070c5a64b8c4191c1b7" title="FFTReal::do_fft" alt="" coords="1265,739,1377,765">
<area shape="rect" href="$classVector.html#003aaeb9799aacc44135927eed3c6675" title="Vector::multiplyElements" alt="" coords="1239,941,1404,968">
<area shape="rect" href="$classFeatureExtraction.html#2ec190c6323e5fd65b8a0471bfa2c851" title="FeatureExtraction::readAudioWindow" alt="" coords="1204,1752,1439,1779">
<area shape="rect" href="$classFFTReal.html#bf221c16cff2a4787765f4258c567a3a" title="FFTReal::rescale" alt="" coords="1261,789,1381,816">
<area shape="rect" href="$classVector.html#404404666ae6a250bd227c0a2b56fa3b" title="Vector::len" alt="" coords="1801,865,1884,892">
<area shape="rect" href="$classVector.html#5a9d755c2cd52d45dab09fb3924b5c32" title="Vector::Vector" alt="" coords="1568,1043,1672,1069">
<area shape="rect" href="$classVector.html#9fe5995f7a6a904db2d66f632bfd5a80" title="Vector::addElements" alt="" coords="1251,637,1392,664">
<area shape="rect" href="$classGaussian.html#6e47fb4a7c8333a56fd01ab4d68ad7fd" title="Gaussian::enterTrainingMode" alt="" coords="1227,891,1416,917">
<area shape="rect" href="$classGaussian.html#857664edb9d21bc3ca7e32783e0f9964" title="Gaussian::dim" alt="" coords="1568,739,1672,765">
<area shape="rect" href="$classVector.html#06658e90211e89fee5633be129edddcb" title="Vector::setAllValues" alt="" coords="1551,789,1689,816">
<area shape="rect" href="$classGaussian.html#ff5086463d6ba6de5202104c3a9013c8" title="Gaussian::calculateCP" alt="" coords="1244,435,1399,461">
<area shape="rect" href="$namespaceFastMath.html#52503617b4ae9fce99b06160ff974a38" title="FastMath::log" alt="" coords="1569,637,1671,664">
<area shape="rect" href="$classVector.html#ecccea9a9bc8764ae877c4f4b8ca4b6c" title="Vector::getDeterminant" alt="" coords="1244,1144,1399,1171">
<area shape="rect" href="$classVector.html#910def32bdfac1b5625e5c3bedce4f6c" title="Vector::minimizeElements" alt="" coords="1235,1093,1408,1120">
<area shape="rect" href="$classFeatureExtraction.html#a15017dfcd9a391f01217736ede42a6b" title="FeatureExtraction::calculateDelta" alt="" coords="924,688,1137,715">
<area shape="rect" href="$namespaceStringFunctions.html#fea2b8026f46c75c48893a23c1622411" title="StringFunctions::splitList" alt="" coords="948,1701,1113,1728">
<area shape="rect" href="$classVector.html#54d1a243bf3786ed5fdef07f9ffb32ee" title="Vector::storeFloatData" alt="" coords="623,1093,775,1120">
<area shape="rect" href="$classGaussian.html#5448a381c1cb9a6dcd17b41f8474850f" title="Gaussian::getMean" alt="" coords="964,1448,1097,1475">
<area shape="rect" href="$classMixGaussian.html#4c7df550d50cb6f407af7aa02668e644" title="MixGaussian::getSumHist" alt="" coords="612,587,785,613">
<area shape="rect" href="$classVector.html#90da96766c42eeca05b6258f5cb4fcd9" title="Vector::readFloatData" alt="" coords="1248,1904,1395,1931">
<area shape="rect" href="$classGaussian.html#9c88bb99f2aeaf12eb91a9f34ae741fe" title="Gaussian::Gaussian" alt="" coords="961,384,1100,411">
