<area shape="rect" href="$classShoutConfig.html#0a178ba8d05f31c26d72b623b55ac2e5" title="ShoutConfig::fillParameter" alt="" coords="483,91,656,117">
<area shape="rect" href="$classShoutConfig.html#c256075fbeb00bafb55abbb112c28e62" title="ShoutConfig::initializeParameter" alt="" coords="227,40,435,67">
<area shape="rect" href="$classShoutConfig.html#67187a5a9a001e45695cbd559f747fe7" title="ShoutConfig::parInApp" alt="" coords="255,91,407,117">
<area shape="rect" href="$classShoutConfig.html#c09441e8ef409af50f76cde07070f93b" title="ShoutConfig::parIsDefined" alt="" coords="244,141,417,168">
<area shape="rect" href="$classShoutConfig.html#4d1019b2ccbbac3d6cb92224dc4e56e9" title="ShoutConfig::readConfigFile" alt="" coords="239,192,423,219">
<area shape="rect" href="$classStringLookup.html#6d27aa15dd762fdfe12a82b08938b43f" title="StringLookup::getWordID" alt="" coords="709,40,875,67">
<area shape="rect" href="$namespaceStringFunctions.html#80a305974b2acc4fa0753a4f237c95bf" title="StringFunctions::RightTrim" alt="" coords="704,91,880,117">
<area shape="rect" href="$namespaceStringFunctions.html#fea2b8026f46c75c48893a23c1622411" title="StringFunctions::splitList" alt="" coords="709,141,875,168">
