<area shape="rect" href="$classFeaturePool.html#645debcbb64e53ce1429f296decb0756" title="FeaturePool::claimSegmentationID" alt="" coords="641,411,865,437">
<area shape="rect" href="$classTrain__Segmenter.html#8241286e0dda2fc49e1dc8c30ea654d4" title="Train_Segmenter::createOverlapTree" alt="" coords="311,284,543,311">
<area shape="rect" href="$classTrainPhoneModel.html#575d9bdf98c54d57bc560a7877f89fb3" title="TrainPhoneModel::doNotuseBordersForTraining" alt="" coords="280,443,573,469">
<area shape="rect" href="$namespaceWriteFileLittleBigEndian.html#87cd888460175b3af6636ebc6ef53bc8" title="WriteFileLittleBigEndian::freadEndianSafe" alt="" coords="621,620,885,647">
<area shape="rect" href="$classFeaturePool.html#e68c20c72c8740da3fa8f87f23c09bb8" title="FeaturePool::getClusterLength" alt="" coords="328,544,525,571">
<area shape="rect" href="$classFeaturePool.html#a291710bc17ff72acc48fda82af2372a" title="FeaturePool::getStreamInfo" alt="" coords="336,595,517,621">
<area shape="rect" href="$classFeaturePool.html#dd0f7f05c2816e70a844e346ad647dd2" title="FeaturePool::getVectorSize" alt="" coords="337,645,516,672">
<area shape="rect" href="$classLexicalTree.html#1b7d44f3bb9e41b860f0c5eaeee33e11" title="LexicalTree::overwriteWeightPars" alt="" coords="320,696,533,723">
<area shape="rect" href="$classTrainPhoneModel.html#cd268944f0730db0745ca95bdf624994" title="TrainPhoneModel::readModel" alt="" coords="332,747,521,773">
<area shape="rect" href="$classSegmenter.html#c908eb4313d5b547e2a9c65f63f367d6" title="Segmenter::setFeaturePool" alt="" coords="337,797,516,824">
<area shape="rect" href="$classTrainPhoneModel.html#b13416a69018cf2b061ba007fbe8b580" title="TrainPhoneModel::setTrainingData" alt="" coords="317,848,536,875">
<area shape="rect" href="$train__segmenter_8cpp.html#fd3a2bceb3cd90d699a7d487a46608b6" title="thread_train_cluster" alt="" coords="359,899,495,925">
<area shape="rect" href="$classFeaturePool.html#a35c0036e264976f7138510aab69c82d" title="FeaturePool::resetSegmentation" alt="" coords="1245,512,1453,539">
<area shape="rect" href="$classSegmenter.html#5aea7d0d9ec8320191e77a476f185d13" title="Segmenter::createLexicalTree" alt="" coords="656,208,851,235">
<area shape="rect" href="$classLexicalTree.html#1002353f04ff5ab10ee0d47b6f9cf59f" title="LexicalTree::deleteTree" alt="" coords="979,107,1133,133">
<area shape="rect" href="$classLexicalTree.html#d79099cc5db0acadcc798a280df65733" title="LexicalTree::initialiseSystem" alt="" coords="963,157,1149,184">
<area shape="rect" href="$classPhoneModel.html#1542d72e7801698b4b3a67eb2f52f00c" title="PhoneModel::resetPhoneAdmin" alt="" coords="955,208,1157,235">
<area shape="rect" href="$classPhoneModel.html#b19fcacf0ed5edf7adc1fd703d39ec36" title="PhoneModel::setSilTrans" alt="" coords="973,259,1139,285">
<area shape="rect" href="$classLexicalTree.html#2d34e3b180c83b45e5af57edc1542533" title="LexicalTree::deleteLatticeAdmin" alt="" coords="1247,107,1452,133">
<area shape="rect" href="$classLexicalTree.html#4858a4860118c196581325c42a48cddc" title="LexicalTree::deleteLookAheadList" alt="" coords="1241,157,1457,184">
<area shape="rect" href="$classLexicalTree.html#035edfe384bde9f753a202fc4a982cfe" title="LexicalTree::deleteNodes" alt="" coords="1265,5,1433,32">
<area shape="rect" href="$classPhoneModel.html#14ea672b72ed10617c1aee2f490c5cc2" title="PhoneModel::initialiseToken" alt="" coords="1559,132,1743,159">
<area shape="rect" href="$classPhoneModel.html#7adb4ff6a419b4144f0e4a3a7119b9b2" title="PhoneModel::initialisePhonePath" alt="" coords="1831,196,2041,223">
<area shape="rect" href="$classLexicalTree.html#a3735612c4743a648679844ec1bffa01" title="LexicalTree::initialiseNode" alt="" coords="1264,208,1435,235">
<area shape="rect" href="$classTrainPhoneModel.html#c476f2ef29a0e41a88429c4eccc32cb6" title="TrainPhoneModel::getTrainSilP" alt="" coords="956,512,1156,539">
<area shape="rect" href="$classTrainPhoneModel.html#89f3ab08cf2bbb32bf0bca2d50d87979" title="TrainPhoneModel::train" alt="" coords="676,968,831,995">
<area shape="rect" href="$classTrainPhoneModel.html#506f11534e023e27784a125fc6f0dc89" title="TrainPhoneModel::getSilP" alt="" coords="1264,613,1435,640">
<area shape="rect" href="$classFeaturePool.html#4e7d4bfa4489ed0a7def6a26ec1e6897" title="FeaturePool::getFirstVectorFirstSegment" alt="" coords="1521,1196,1780,1223">
<area shape="rect" href="$classFeaturePool.html#095ca925d176bed975f8bf086285b3c9" title="FeaturePool::getFirstVectorNextSegment" alt="" coords="1521,993,1780,1020">
<area shape="rect" href="$classMixGaussian.html#e0e58173c75b93e75fe0d0cd797aa5ac" title="MixGaussian::getLogP" alt="" coords="1575,613,1727,640">
<area shape="rect" href="$classFeaturePool.html#b45d6c4737e91e3761fc54f9f9647b5c" title="FeaturePool::getNextVector" alt="" coords="1560,512,1741,539">
<area shape="rect" href="$classFeaturePool.html#224dd69f82292fadb414403edf5c4563" title="FeaturePool::getSegmentID" alt="" coords="1560,867,1741,893">
<area shape="rect" href="$namespaceFastMath.html#52503617b4ae9fce99b06160ff974a38" title="FastMath::log" alt="" coords="1885,765,1987,792">
<area shape="rect" href="$classTrainPhoneModel.html#4053b2771b78a3a1643a09e8fc1db0a9" title="TrainPhoneModel::baumWelch" alt="" coords="957,1019,1155,1045">
<area shape="rect" href="$classFeaturePool.html#17fbcca7c5a9dc77bbc9b0531e3c3cf7" title="FeaturePool::getCurSegmentLen" alt="" coords="1244,968,1455,995">
<area shape="rect" href="$classMixGaussian.html#64938a70fda49b8e21f72d157ca8643c" title="MixGaussian::train" alt="" coords="1284,715,1415,741">
<area shape="rect" href="$classGaussian.html#7cf7ca138f6800b24660661bccfa1ed1" title="Gaussian::train" alt="" coords="1596,689,1705,716">
<area shape="rect" href="$classMixGaussian.html#5c0e6d17c5af98b62969428587231eb4" title="MixGaussian::trainFinish" alt="" coords="1267,1373,1432,1400">
<area shape="rect" href="$classGaussian.html#af6bdf166ad6f83243ae644651d8d6d3" title="Gaussian::trainFinish" alt="" coords="1579,1373,1723,1400">
<area shape="rect" href="$classTrainPhoneModel.html#19bb93fa2cef4db65aa9e729b25eb575" title="TrainPhoneModel::count" alt="" coords="976,1069,1136,1096">
<area shape="rect" href="$classFeaturePool.html#ba6b8369709a70a6a605186a2ee0b662" title="FeaturePool::getCurSegmentStart" alt="" coords="1241,664,1457,691">
<area shape="rect" href="$classGaussian.html#93c4ec3d1fd3657685dcd00791f1ff1f" title="Gaussian::getLogP" alt="" coords="991,1221,1121,1248">
<area shape="rect" href="$classMixGaussian.html#b797fccd63c3dd6bbf1a6d3cfcc36ded" title="MixGaussian::getNumberOfGaussians" alt="" coords="1228,360,1471,387">
<area shape="rect" href="$classVector.html#655ea1b7c88bc1ac4abc406b81aa1df1" title="Vector::getValue" alt="" coords="999,1323,1113,1349">
<area shape="rect" href="$classTrainPhoneModel.html#422b0b2ed23ed30507f26d09d5fe5652" title="TrainPhoneModel::maxNrOfGaussians" alt="" coords="935,360,1177,387">
<area shape="rect" href="$classVector.html#79c4e0d12cfbe79723538c50ef3eaa46" title="Vector::multiplyVector" alt="" coords="983,1373,1129,1400">
<area shape="rect" href="$classMixGaussian.html#302468bdab3bb8b3c7c613f066f2d232" title="MixGaussian::splitAllGaussians" alt="" coords="953,1424,1159,1451">
<area shape="rect" href="$classMixGaussian.html#e10fad190cb9b7169b91cddc265d5f0c" title="MixGaussian::splitBestGaussian" alt="" coords="951,1475,1161,1501">
<area shape="rect" href="$classTrainPhoneModel.html#51abc7e460dbb9a39ddae6589dcfe41c" title="TrainPhoneModel::viterbi" alt="" coords="975,816,1137,843">
