<area shape="rect" href="$classLanguageModel__Segmenter.html#1cee1fb9d1b74aefc4f57338072e76e6" title="LanguageModel_Segmenter::addPenalty" alt="" coords="253,208,509,235">
<area shape="rect" href="$classFeaturePool.html#645debcbb64e53ce1429f296decb0756" title="FeaturePool::claimSegmentationID" alt="" coords="864,56,1088,83">
<area shape="rect" href="$classTrain__Segmenter.html#8241286e0dda2fc49e1dc8c30ea654d4" title="Train_Segmenter::createOverlapTree" alt="" coords="860,1221,1092,1248">
<area shape="rect" href="$classLanguageModel__Segmenter.html#8416fcf65c8e3f9c13952d999e1b8ede" title="LanguageModel_Segmenter::finishModel" alt="" coords="253,1171,509,1197">
<area shape="rect" href="$classLanguageModel__Segmenter.html#279398d3d9f3b823733fbf32c74a0c50" title="LanguageModel_Segmenter::transferTo" alt="" coords="557,1120,805,1147">
<area shape="rect" href="$classFeaturePool.html#8005effc2d5dda3334c4d9e975a99495" title="FeaturePool::freeSegmentationID" alt="" coords="869,5,1083,32">
<area shape="rect" href="$classFeaturePool.html#4e7d4bfa4489ed0a7def6a26ec1e6897" title="FeaturePool::getFirstVectorFirstSegment" alt="" coords="1191,816,1449,843">
<area shape="rect" href="$classFeaturePool.html#095ca925d176bed975f8bf086285b3c9" title="FeaturePool::getFirstVectorNextSegment" alt="" coords="1191,917,1449,944">
<area shape="rect" href="$classFeaturePool.html#224dd69f82292fadb414403edf5c4563" title="FeaturePool::getSegmentID" alt="" coords="1229,1171,1411,1197">
<area shape="rect" href="$classFeaturePool.html#b71d4c22bc2d6d5caae3e8d251067d91" title="FeaturePool::segmentationIntersection" alt="" coords="853,107,1099,133">
<area shape="rect" href="$classSegmenter.html#a0ef33e250c045296f944be6e853d626" title="Segmenter::segmentFeaturePool" alt="" coords="576,411,787,437">
<area shape="rect" href="$classTrainPhoneModel.html#b13416a69018cf2b061ba007fbe8b580" title="TrainPhoneModel::setTrainingData" alt="" coords="867,1120,1085,1147">
<area shape="rect" href="$classTrain__Segmenter.html#9482c669476f2ec350791d369635c7c6" title="Train_Segmenter::trainClusters" alt="" coords="281,968,481,995">
<area shape="rect" href="$classFeaturePool.html#a35c0036e264976f7138510aab69c82d" title="FeaturePool::resetSegmentation" alt="" coords="1216,5,1424,32">
<area shape="rect" href="$classSegmenter.html#5aea7d0d9ec8320191e77a476f185d13" title="Segmenter::createLexicalTree" alt="" coords="1223,1221,1417,1248">
<area shape="rect" href="$classLexicalTree.html#1002353f04ff5ab10ee0d47b6f9cf59f" title="LexicalTree::deleteTree" alt="" coords="1604,1272,1759,1299">
<area shape="rect" href="$classLexicalTree.html#d79099cc5db0acadcc798a280df65733" title="LexicalTree::initialiseSystem" alt="" coords="1588,867,1775,893">
<area shape="rect" href="$classPhoneModel.html#1542d72e7801698b4b3a67eb2f52f00c" title="PhoneModel::resetPhoneAdmin" alt="" coords="1580,1171,1783,1197">
<area shape="rect" href="$classPhoneModel.html#b19fcacf0ed5edf7adc1fd703d39ec36" title="PhoneModel::setSilTrans" alt="" coords="1599,1221,1764,1248">
<area shape="rect" href="$classLexicalTree.html#2d34e3b180c83b45e5af57edc1542533" title="LexicalTree::deleteLatticeAdmin" alt="" coords="1875,917,2080,944">
<area shape="rect" href="$classLexicalTree.html#4858a4860118c196581325c42a48cddc" title="LexicalTree::deleteLookAheadList" alt="" coords="1869,816,2085,843">
<area shape="rect" href="$classLexicalTree.html#035edfe384bde9f753a202fc4a982cfe" title="LexicalTree::deleteNodes" alt="" coords="1893,867,2061,893">
<area shape="rect" href="$namespaceFastMath.html#52503617b4ae9fce99b06160ff974a38" title="FastMath::log" alt="" coords="1269,1120,1371,1147">
<area shape="rect" href="$classFeaturePool.html#d006ac79715763ace03627af6f17431a" title="FeaturePool::getFirstVectorFirstSegmentList" alt="" coords="1541,613,1821,640">
<area shape="rect" href="$classFeaturePool.html#06b7dc277561d3ca0792b8a8f37011e3" title="FeaturePool::getVectorList" alt="" coords="1889,613,2065,640">
<area shape="rect" href="$classFeaturePool.html#b9a92d0aeddf3dde97b2469a214881f4" title="FeaturePool::getFirstVectorNextSegmentList" alt="" coords="1541,664,1821,691">
<area shape="rect" href="$classFeaturePool.html#a5c677036c6a83444eb65b963c7e375f" title="FeaturePool::addSegment" alt="" coords="1235,56,1405,83">
<area shape="rect" href="$classSegmenter.html#a003fcf047548885bf583bfa81141bb2" title="Segmenter::createSegments" alt="" coords="883,309,1069,336">
<area shape="rect" href="$classFeaturePool.html#ba6b8369709a70a6a605186a2ee0b662" title="FeaturePool::getCurSegmentStart" alt="" coords="1212,867,1428,893">
<area shape="rect" href="$classFeaturePool.html#9d59e90f53ceecbed3d3f45c4205d272" title="FeaturePool::getNextVectorList" alt="" coords="875,613,1077,640">
<area shape="rect" href="$classLexicalTree.html#fd2374d1d8fe60b5a21f82b76dc1b482" title="LexicalTree::initialiseTree" alt="" coords="892,715,1060,741">
<area shape="rect" href="$classLexicalTree.html#e62eeb3a5d83689e9bbfb61f248e1ac1" title="LexicalTree::processVector" alt="" coords="887,411,1065,437">
<area shape="rect" href="$classFeaturePool.html#8c0ed77e3346c05e7582244fcc57f5b7" title="FeaturePool::startTimeStamp" alt="" coords="880,208,1072,235">
<area shape="rect" href="$classFeaturePool.html#a04ad15e8588afd8bb621a0336f47020" title="FeaturePool::addSegmentToFront" alt="" coords="1212,157,1428,184">
<area shape="rect" href="$classLexicalTree.html#a84bfd4292ddde70f6a23d5d91c5351c" title="LexicalTree::findBestToken" alt="" coords="1231,208,1409,235">
<area shape="rect" href="$classFeaturePool.html#17fbcca7c5a9dc77bbc9b0531e3c3cf7" title="FeaturePool::getCurSegmentLen" alt="" coords="1215,411,1425,437">
<area shape="rect" href="$classLexicalTree.html#411bee725dc31e74483c5e9b3cf3362a" title="LexicalTree::copyLMHistory" alt="" coords="1229,715,1411,741">
<area shape="rect" href="$classLexicalTree.html#2f913cd90f54299de65d45548eca9f89" title="LexicalTree::printTokenDistribution" alt="" coords="1211,512,1429,539">
<area shape="rect" href="$classLexicalTree.html#01b2dfce9d71030d36db1dba18db5974" title="LexicalTree::processVector_administrationCleanup" alt="" coords="1164,563,1476,589">
<area shape="rect" href="$classLexicalTree.html#97a5e33e6a6d7280e688dd15f1544dff" title="LexicalTree::processVector_LMLAReordering" alt="" coords="1180,259,1460,285">
<area shape="rect" href="$classLexicalTree.html#40db667a0d2ae65d17c385c5cfb99930" title="LexicalTree::processVector_processNodes" alt="" coords="1187,309,1453,336">
<area shape="rect" href="$classLexicalTree.html#03fa6fec9af642749abf3de1610439a5" title="LexicalTree::processVector_prune_processNodesOutput" alt="" coords="1147,360,1493,387">
<area shape="rect" href="$classLexicalTree.html#f00ca5e3ee7b7c0cd572740035d1046a" title="LexicalTree::processVector_pruneLM" alt="" coords="1203,461,1437,488">
<area shape="rect" href="$classTrainPhoneModel.html#422b0b2ed23ed30507f26d09d5fe5652" title="TrainPhoneModel::maxNrOfGaussians" alt="" coords="1199,1019,1441,1045">
<area shape="rect" href="$classTrain__Segmenter.html#562822191578a59848f4a129ec74cd14" title="Train_Segmenter::trainModel" alt="" coords="588,1019,775,1045">
<area shape="rect" href="$classMixGaussian.html#b797fccd63c3dd6bbf1a6d3cfcc36ded" title="MixGaussian::getNumberOfGaussians" alt="" coords="1560,993,1803,1020">
<area shape="rect" href="$classFeaturePool.html#c7ef5a068c58d29bceaf6f6aaed33cb8" title="FeaturePool::doSegmentsExist" alt="" coords="875,1019,1077,1045">
<area shape="rect" href="$classTrainPhoneModel.html#c476f2ef29a0e41a88429c4eccc32cb6" title="TrainPhoneModel::getTrainSilP" alt="" coords="1220,1069,1420,1096">
<area shape="rect" href="$classTrainPhoneModel.html#89f3ab08cf2bbb32bf0bca2d50d87979" title="TrainPhoneModel::train" alt="" coords="899,917,1053,944">
