<area shape="rect" href="$classFFTReal.html#aef06fd9a9f9e070c5a64b8c4191c1b7" title="FFTReal::do_fft" alt="" coords="351,56,463,83">
<area shape="rect" href="$classVector.html#655ea1b7c88bc1ac4abc406b81aa1df1" title="Vector::getValue" alt="" coords="349,107,464,133">
<area shape="rect" href="$classVector.html#003aaeb9799aacc44135927eed3c6675" title="Vector::multiplyElements" alt="" coords="324,157,489,184">
<area shape="rect" href="$classFeatureExtraction.html#2ec190c6323e5fd65b8a0471bfa2c851" title="FeatureExtraction::readAudioWindow" alt="" coords="289,208,524,235">
<area shape="rect" href="$classFFTReal.html#bf221c16cff2a4787765f4258c567a3a" title="FFTReal::rescale" alt="" coords="347,259,467,285">
<area shape="rect" href="$classVector.html#730800d75efb18753c6df540330f2e66" title="Vector::setValue" alt="" coords="349,309,464,336">
<area shape="rect" href="$classFFTReal_1_1TrigoLUT.html#a58188ba3be2e2bbbcad320c13b1e8c7" title="FFTReal::TrigoLUT::get_ptr" alt="" coords="617,5,793,32">
<area shape="rect" href="$classFFTReal_1_1BitReversedLUT.html#ca1e9be872431b46b6d6d854f0fc71e6" title="FFTReal::BitReversedLUT::get_ptr" alt="" coords="596,56,815,83">
<area shape="rect" href="$classVector.html#404404666ae6a250bd227c0a2b56fa3b" title="Vector::len" alt="" coords="664,107,747,133">
<area shape="rect" href="$classVector.html#5a9d755c2cd52d45dab09fb3924b5c32" title="Vector::Vector" alt="" coords="653,157,757,184">
<area shape="rect" href="$namespaceWriteFileLittleBigEndian.html#87cd888460175b3af6636ebc6ef53bc8" title="WriteFileLittleBigEndian::freadEndianSafe" alt="" coords="573,208,837,235">
