<area shape="rect" href="$classFeatureExtraction.html#a15017dfcd9a391f01217736ede42a6b" title="FeatureExtraction::calculateDelta" alt="" coords="619,28,832,55">
<area shape="rect" href="$classFeatureExtraction.html#95e7d0a6452e1f2776b4735e3598e5bb" title="FeatureExtraction::createFeaturesUntilFrame" alt="" coords="277,408,560,435">
<area shape="rect" href="$classVector.html#f2a4306cd00b9ea1539e7688b2023deb" title="Vector::divideElements" alt="" coords="648,357,803,384">
<area shape="rect" href="$classVector.html#cf8fcb8e5533664ee03eaf6f2bf9ec18" title="Vector::sqrtElements" alt="" coords="653,408,797,435">
<area shape="rect" href="$classVector.html#c065e56f8b5db8093289016d1dcabf43" title="Vector::substractElements" alt="" coords="921,484,1097,511">
<area shape="rect" href="$classGaussian.html#af6bdf166ad6f83243ae644651d8d6d3" title="Gaussian::trainFinish" alt="" coords="653,636,797,663">
<area shape="rect" href="$classVector.html#655ea1b7c88bc1ac4abc406b81aa1df1" title="Vector::getValue" alt="" coords="1251,53,1365,80">
<area shape="rect" href="$classVector.html#730800d75efb18753c6df540330f2e66" title="Vector::setValue" alt="" coords="952,28,1067,55">
<area shape="rect" href="$classFeatureExtraction.html#478a5dd2889d696a88cea1a225c7ffb8" title="FeatureExtraction::createMfccFrame" alt="" coords="608,180,843,207">
<area shape="rect" href="$classGaussian.html#7cf7ca138f6800b24660661bccfa1ed1" title="Gaussian::train" alt="" coords="671,560,780,587">
<area shape="rect" href="$classFFTReal.html#aef06fd9a9f9e070c5a64b8c4191c1b7" title="FFTReal::do_fft" alt="" coords="953,129,1065,156">
<area shape="rect" href="$classVector.html#003aaeb9799aacc44135927eed3c6675" title="Vector::multiplyElements" alt="" coords="927,281,1092,308">
<area shape="rect" href="$classFeatureExtraction.html#2ec190c6323e5fd65b8a0471bfa2c851" title="FeatureExtraction::readAudioWindow" alt="" coords="892,180,1127,207">
<area shape="rect" href="$classFFTReal.html#bf221c16cff2a4787765f4258c567a3a" title="FFTReal::rescale" alt="" coords="949,231,1069,257">
<area shape="rect" href="$classFFTReal_1_1TrigoLUT.html#a58188ba3be2e2bbbcad320c13b1e8c7" title="FFTReal::TrigoLUT::get_ptr" alt="" coords="1220,104,1396,131">
<area shape="rect" href="$classFFTReal_1_1BitReversedLUT.html#ca1e9be872431b46b6d6d854f0fc71e6" title="FFTReal::BitReversedLUT::get_ptr" alt="" coords="1199,155,1417,181">
<area shape="rect" href="$classVector.html#404404666ae6a250bd227c0a2b56fa3b" title="Vector::len" alt="" coords="1489,509,1572,536">
<area shape="rect" href="$classVector.html#5a9d755c2cd52d45dab09fb3924b5c32" title="Vector::Vector" alt="" coords="1256,383,1360,409">
<area shape="rect" href="$namespaceWriteFileLittleBigEndian.html#87cd888460175b3af6636ebc6ef53bc8" title="WriteFileLittleBigEndian::freadEndianSafe" alt="" coords="1176,205,1440,232">
<area shape="rect" href="$classVector.html#9fe5995f7a6a904db2d66f632bfd5a80" title="Vector::addElements" alt="" coords="939,535,1080,561">
<area shape="rect" href="$classGaussian.html#6e47fb4a7c8333a56fd01ab4d68ad7fd" title="Gaussian::enterTrainingMode" alt="" coords="915,585,1104,612">
<area shape="rect" href="$classGaussian.html#857664edb9d21bc3ca7e32783e0f9964" title="Gaussian::dim" alt="" coords="1256,585,1360,612">
<area shape="rect" href="$classVector.html#06658e90211e89fee5633be129edddcb" title="Vector::setAllValues" alt="" coords="1239,636,1377,663">
<area shape="rect" href="$classGaussian.html#ff5086463d6ba6de5202104c3a9013c8" title="Gaussian::calculateCP" alt="" coords="932,737,1087,764">
<area shape="rect" href="$namespaceFastMath.html#52503617b4ae9fce99b06160ff974a38" title="FastMath::log" alt="" coords="1257,788,1359,815">
<area shape="rect" href="$classVector.html#ecccea9a9bc8764ae877c4f4b8ca4b6c" title="Vector::getDeterminant" alt="" coords="932,839,1087,865">
<area shape="rect" href="$classVector.html#910def32bdfac1b5625e5c3bedce4f6c" title="Vector::minimizeElements" alt="" coords="923,889,1096,916">
