<area shape="rect" href="$classPhoneModel.html#2de4b6f2d451ea88b5e9d7fdb523724d" title="PhoneModel::adapt_setHelperMatrices" alt="" coords="360,165,605,192">
<area shape="rect" href="$classAdapt__AM__TreeNode.html#d5c0e32f6032923a1cb33ac38f2390db" title="Adapt_AM_TreeNode::iterate_setHelperMatrices_1" alt="" coords="325,240,640,267">
<area shape="rect" href="$classMixGaussian.html#ba6dcc4c658c2201b0919c4b43e18643" title="MixGaussian::adapt_setHelperMatrices" alt="" coords="689,165,937,192">
<area shape="rect" href="$classGaussian.html#e9ec363ce42eeadf05d4ee147e7b6bf5" title="Gaussian::adapt_setHelperMatrices" alt="" coords="988,165,1215,192">
<area shape="rect" href="$classVector.html#f2a4306cd00b9ea1539e7688b2023deb" title="Vector::divideElements" alt="" coords="1283,39,1437,65">
<area shape="rect" href="$classVector.html#404404666ae6a250bd227c0a2b56fa3b" title="Vector::len" alt="" coords="1692,115,1775,141">
<area shape="rect" href="$classGaussian.html#6e47fb4a7c8333a56fd01ab4d68ad7fd" title="Gaussian::enterTrainingMode" alt="" coords="1265,165,1455,192">
<area shape="rect" href="$classVector.html#06658e90211e89fee5633be129edddcb" title="Vector::setAllValues" alt="" coords="1504,241,1643,268">
<area shape="rect" href="$classVector.html#655ea1b7c88bc1ac4abc406b81aa1df1" title="Vector::getValue" alt="" coords="1303,267,1417,293">
<area shape="rect" href="$classVector.html#5a9d755c2cd52d45dab09fb3924b5c32" title="Vector::Vector" alt="" coords="1521,39,1625,65">
<area shape="rect" href="$classGaussian.html#857664edb9d21bc3ca7e32783e0f9964" title="Gaussian::dim" alt="" coords="1521,191,1625,217">
