<area shape="rect" href="$classPhoneModel.html#f09f77a4c3e0d94de4832771240980ff" title="PhoneModel::adapt_clear" alt="" coords="283,5,451,32">
<area shape="rect" href="$classLexicalTree.html#0499a42ac281298929f1213a1b3b5794" title="LexicalTree::addForcedAlignOOV" alt="" coords="260,56,473,83">
<area shape="rect" href="$classLexicalTree.html#8be1b71cd7be22123e639b6ebd0f6c02" title="LexicalTree::alignmentIsEmpty" alt="" coords="267,107,467,133">
<area shape="rect" href="$classLexicalTree.html#2ab2b5edfe84a4c25af4b8222e0dfdd4" title="LexicalTree::borrowPhoneString" alt="" coords="633,2360,836,2387">
<area shape="rect" href="$classLexicalTree.html#b6ffbd29de93580698994e832195e04b" title="LexicalTree::checkAMs" alt="" coords="656,867,813,893">
<area shape="rect" href="$classFeaturePool.html#645debcbb64e53ce1429f296decb0756" title="FeaturePool::claimSegmentationID" alt="" coords="255,259,479,285">
<area shape="rect" href="$classFeaturePool.html#13ac058ae2d052558d04e407619e6bb7" title="FeaturePool::createNewPool" alt="" coords="273,208,460,235">
<area shape="rect" href="$namespaceWriteFileLittleBigEndian.html#87cd888460175b3af6636ebc6ef53bc8" title="WriteFileLittleBigEndian::freadEndianSafe" alt="" coords="603,183,867,209">
<area shape="rect" href="$classFeaturePool.html#224dd69f82292fadb414403edf5c4563" title="FeaturePool::getSegmentID" alt="" coords="644,272,825,299">
<area shape="rect" href="$classLexicalTree.html#1e32c8f57ed3cf93fd0cbeec0cae6f6a" title="LexicalTree::getBestRecognition" alt="" coords="263,461,471,488">
<area shape="rect" href="$classFeaturePool.html#31eecf11ecfce6f39375cd7dc9c67f5b" title="FeaturePool::getCurInfoString" alt="" coords="271,512,463,539">
<area shape="rect" href="$classFeaturePool.html#17fbcca7c5a9dc77bbc9b0531e3c3cf7" title="FeaturePool::getCurSegmentLen" alt="" coords="261,563,472,589">
<area shape="rect" href="$classFeaturePool.html#ba6b8369709a70a6a605186a2ee0b662" title="FeaturePool::getCurSegmentStart" alt="" coords="259,613,475,640">
<area shape="rect" href="$classFeaturePool.html#4e7d4bfa4489ed0a7def6a26ec1e6897" title="FeaturePool::getFirstVectorFirstSegment" alt="" coords="237,664,496,691">
<area shape="rect" href="$classFeaturePool.html#095ca925d176bed975f8bf086285b3c9" title="FeaturePool::getFirstVectorNextSegment" alt="" coords="237,715,496,741">
<area shape="rect" href="$classShoutConfig.html#9f7af032a968782ceedf656ccbf06fd8" title="ShoutConfig::getFloatValue" alt="" coords="277,765,456,792">
<area shape="rect" href="$classLanguageModel.html#cbdcbabb7854a3a8a996c64c8652fe62" title="LanguageModel::getNumberOfWords" alt="" coords="617,1449,852,1476">
<area shape="rect" href="$classShoutConfig.html#69e4c7309a028c4bad2f37f0b4f4de0d" title="ShoutConfig::getStringValue" alt="" coords="275,867,459,893">
<area shape="rect" href="$classFeaturePool.html#07d58b71358ac4558c480b641fc086ca" title="FeaturePool::getVector" alt="" coords="289,411,444,437">
<area shape="rect" href="$classFeaturePool.html#06b7dc277561d3ca0792b8a8f37011e3" title="FeaturePool::getVectorList" alt="" coords="647,385,823,412">
<area shape="rect" href="$classLexicalTree.html#fd2374d1d8fe60b5a21f82b76dc1b482" title="LexicalTree::initialiseTree" alt="" coords="283,1019,451,1045">
<area shape="rect" href="$classLexicalTree.html#f072bf533cf4b013e83664cb7636e235" title="LexicalTree::latticeBaumWelch_backward" alt="" coords="236,1069,497,1096">
<area shape="rect" href="$classLexicalTree.html#169c14b41293f753423aae57944cd1e1" title="LexicalTree::latticeBaumWelch_calculatePosteriors" alt="" coords="208,1120,525,1147">
<area shape="rect" href="$classLexicalTree.html#cf081e11c72b09ed26d47de58a3ca48b" title="LexicalTree::latticeBaumWelch_forward" alt="" coords="243,1171,491,1197">
<area shape="rect" href="$classLexicalTree.html#5ef6d77c01314d7d82849de64862fa35" title="LexicalTree::latticeBaumWelch_initBackward" alt="" coords="227,1221,507,1248">
<area shape="rect" href="$classLexicalTree.html#39b992317b9af596c43c189657ec319a" title="LexicalTree::latticeBaumWelch_initForward" alt="" coords="232,1272,501,1299">
<area shape="rect" href="$classLexicalTree.html#4ac9af90507ae9a15d5c914066a42587" title="LexicalTree::latticeBaumWelch_mmi_accumulatorsPosteriors" alt="" coords="179,1323,555,1349">
<area shape="rect" href="$classLexicalTree.html#6e44cfcb531bbee8d3ab043d1304b081" title="LexicalTree::latticeBaumWelch_numberNodes" alt="" coords="223,1373,511,1400">
<area shape="rect" href="$classLexicalTree.html#51769e7bd1f6d3f5b6866a36892b23f9" title="LexicalTree::latticeBaumWelch_setLikelihoods" alt="" coords="221,1424,512,1451">
<area shape="rect" href="$namespaceFastMath.html#52503617b4ae9fce99b06160ff974a38" title="FastMath::log" alt="" coords="316,1475,417,1501">
<area shape="rect" href="$classLexicalTree.html#8578617ce57cb0b1f4a05829ad291cd6" title="LexicalTree::overwritePrunePars" alt="" coords="263,1525,471,1552">
<area shape="rect" href="$classLexicalTree.html#1b7d44f3bb9e41b860f0c5eaeee33e11" title="LexicalTree::overwriteWeightPars" alt="" coords="260,1576,473,1603">
<area shape="rect" href="$classShoutConfig.html#c09441e8ef409af50f76cde07070f93b" title="ShoutConfig::parIsDefined" alt="" coords="280,1627,453,1653">
<area shape="rect" href="$classLexicalTree.html#b3cb1db2473feea0f8286459929720d0" title="LexicalTree::printFinalSettings" alt="" coords="269,1677,464,1704">
<area shape="rect" href="$classLexicalTree.html#fe56815b0b86b82998b39354abb77bf1" title="LexicalTree::printInitialSettings" alt="" coords="267,1728,467,1755">
<area shape="rect" href="$classLexicalTree.html#a0d6dff53c3bfd3520d90e3d08abe3d9" title="LexicalTree::printLattice" alt="" coords="287,1779,447,1805">
<area shape="rect" href="$classLexicalTree.html#7bbe48436ed29aeb35d1a2fdc3677fc6" title="LexicalTree::printNBestList" alt="" coords="279,1829,455,1856">
<area shape="rect" href="$classLexicalTree.html#e62eeb3a5d83689e9bbfb61f248e1ac1" title="LexicalTree::processVector" alt="" coords="277,1880,456,1907">
<area shape="rect" href="$classFeaturePool.html#cedb49fd2be121fedddc68a50cbe1694" title="FeaturePool::readRTTM" alt="" coords="287,2157,447,2184">
<area shape="rect" href="$namespaceStringFunctions.html#fea2b8026f46c75c48893a23c1622411" title="StringFunctions::splitList" alt="" coords="652,2069,817,2096">
<area shape="rect" href="$classLexicalTree.html#dc0d34f9c984dbf123ccf10b14acdb01" title="LexicalTree::safeBestRecognition" alt="" coords="259,2032,475,2059">
<area shape="rect" href="$classLexicalTree.html#43032f047e54301f44f3c4fbb6a7c6ff" title="LexicalTree::setAMs" alt="" coords="297,2083,436,2109">
<area shape="rect" href="$classLexicalTree.html#1217f80b666b1d365d7487664c52078e" title="LexicalTree::setForcedAlign" alt="" coords="276,2360,457,2387">
<area shape="rect" href="$classLexicalTree.html#5d169029cb9c2217b27bb6733abaf4db" title="LexicalTree::setInitialLMHistory" alt="" coords="265,2208,468,2235">
<area shape="rect" href="$classLexicalTree.html#595c8b1fe485c72ca682a375a53cf437" title="LexicalTree::setLattice" alt="" coords="291,2411,443,2437">
<area shape="rect" href="$classLexicalTree.html#c1fb41b9c7760ab6242aebdafe260871" title="LexicalTree::setLatticeGeneration" alt="" coords="259,2309,475,2336">
<area shape="rect" href="$classLexicalTree.html#caaf580d559fa1cac60b4459f89f9f01" title="LexicalTree::setLM" alt="" coords="301,1931,432,1957">
<area shape="rect" href="$classLexicalTree.html#416576039b2fff4e4edb8a03c5a7f597" title="LexicalTree::setPhoneLoop" alt="" coords="277,917,456,944">
<area shape="rect" href="$classPhoneModel.html#e2e4d8f573b53c5af9356c5d9b04ca67" title="PhoneModel::writeAccumulators" alt="" coords="263,2461,471,2488">
