<area shape="rect" href="$classPhoneModel.html#61d3733a0714fd28ff7607ec3059012b" title="PhoneModel::adapt_adapt" alt="" coords="304,272,475,299">
<area shape="rect" href="$classPhoneModel.html#f09f77a4c3e0d94de4832771240980ff" title="PhoneModel::adapt_clear" alt="" coords="647,323,815,349">
<area shape="rect" href="$classPhoneModel.html#19162e61dce0771f2710419a5fed0ef1" title="PhoneModel::adapt_setInitialNode" alt="" coords="280,373,499,400">
<area shape="rect" href="$classPhoneModel.html#c64de911c64a8cc2c8f93e9205fc3260" title="PhoneModel::dim" alt="" coords="328,424,451,451">
<area shape="rect" href="$classPhoneModel.html#034467a6372305b40013f70ca6185ac5" title="PhoneModel::isSilModel" alt="" coords="309,475,469,501">
<area shape="rect" href="$classAdapt__AM__TreeNode.html#48e2d95462859a758292bf5405cfeadd" title="Adapt_AM_TreeNode::setHelperMatrices_1" alt="" coords="253,211,525,237">
<area shape="rect" href="$classAdapt__AM__TreeNode.html#a5f8d31c1b818f5497637c7c9b4f0273" title="Adapt_AM_TreeNode::setHelperMatrices_2" alt="" coords="253,549,525,576">
<area shape="rect" href="$classMixGaussian.html#4ce0b356b8c2a0c6286e6376b751b997" title="MixGaussian::adapt_adapt" alt="" coords="643,272,819,299">
<area shape="rect" href="$classGaussian.html#0edd88ff352cd5b2327b9c1253f240e8" title="Gaussian::adapt_adapt" alt="" coords="1272,247,1427,273">
<area shape="rect" href="$classVector.html#56f94938dad0d6eef488454ee18b320a" title="Vector::copyVector" alt="" coords="1543,189,1673,216">
<area shape="rect" href="$classGaussian.html#6e47fb4a7c8333a56fd01ab4d68ad7fd" title="Gaussian::enterTrainingMode" alt="" coords="1513,392,1703,419">
<area shape="rect" href="$classVector.html#404404666ae6a250bd227c0a2b56fa3b" title="Vector::len" alt="" coords="1940,341,2023,368">
<area shape="rect" href="$classVector.html#655ea1b7c88bc1ac4abc406b81aa1df1" title="Vector::getValue" alt="" coords="1551,139,1665,165">
<area shape="rect" href="$classVector.html#730800d75efb18753c6df540330f2e66" title="Vector::setValue" alt="" coords="1551,240,1665,267">
<area shape="rect" href="$classVector.html#5a9d755c2cd52d45dab09fb3924b5c32" title="Vector::Vector" alt="" coords="1769,189,1873,216">
<area shape="rect" href="$classGaussian.html#857664edb9d21bc3ca7e32783e0f9964" title="Gaussian::dim" alt="" coords="1769,443,1873,469">
<area shape="rect" href="$classVector.html#06658e90211e89fee5633be129edddcb" title="Vector::setAllValues" alt="" coords="1752,341,1891,368">
<area shape="rect" href="$classMixGaussian.html#1d7c95fdb5f2bbd433f3779f3c34d25d" title="MixGaussian::adapt_clear" alt="" coords="976,335,1147,361">
<area shape="rect" href="$classGaussian.html#1a8a5a2fecbe9d91872150b101259d0e" title="Gaussian::adapt_clear" alt="" coords="1273,341,1425,368">
<area shape="rect" href="$classMixGaussian.html#27fbbad387507a4f4f929dcc90fae458" title="MixGaussian::adapt_setInitialNode" alt="" coords="619,392,843,419">
<area shape="rect" href="$classGaussian.html#97ad9c89b7307ec0835890b19c6d2b68" title="Gaussian::adapt_setInitialNode" alt="" coords="960,392,1163,419">
<area shape="rect" href="$classGaussian.html#7cf7ca138f6800b24660661bccfa1ed1" title="Gaussian::train" alt="" coords="1295,443,1404,469">
<area shape="rect" href="$classVector.html#9fe5995f7a6a904db2d66f632bfd5a80" title="Vector::addElements" alt="" coords="1537,443,1679,469">
<area shape="rect" href="$classPhoneModel.html#2de4b6f2d451ea88b5e9d7fdb523724d" title="PhoneModel::adapt_setHelperMatrices" alt="" coords="608,123,853,149">
<area shape="rect" href="$classAdapt__AM__TreeNode.html#d5c0e32f6032923a1cb33ac38f2390db" title="Adapt_AM_TreeNode::iterate_setHelperMatrices_1" alt="" coords="573,211,888,237">
<area shape="rect" href="$classMixGaussian.html#ba6dcc4c658c2201b0919c4b43e18643" title="MixGaussian::adapt_setHelperMatrices" alt="" coords="937,116,1185,143">
<area shape="rect" href="$classGaussian.html#e9ec363ce42eeadf05d4ee147e7b6bf5" title="Gaussian::adapt_setHelperMatrices" alt="" coords="1236,113,1463,140">
<area shape="rect" href="$classVector.html#f2a4306cd00b9ea1539e7688b2023deb" title="Vector::divideElements" alt="" coords="1531,37,1685,64">
