<area shape="rect" href="$classFeaturePool.html#4e7d4bfa4489ed0a7def6a26ec1e6897" title="FeaturePool::getFirstVectorFirstSegment" alt="" coords="228,12,487,39">
<area shape="rect" href="$classFeaturePool.html#095ca925d176bed975f8bf086285b3c9" title="FeaturePool::getFirstVectorNextSegment" alt="" coords="228,69,487,96">
<area shape="rect" href="$classMixGaussian.html#e0e58173c75b93e75fe0d0cd797aa5ac" title="MixGaussian::getLogP" alt="" coords="281,132,433,159">
<area shape="rect" href="$classFeaturePool.html#b45d6c4737e91e3761fc54f9f9647b5c" title="FeaturePool::getNextVector" alt="" coords="267,183,448,209">
<area shape="rect" href="$classFeaturePool.html#224dd69f82292fadb414403edf5c4563" title="FeaturePool::getSegmentID" alt="" coords="267,233,448,260">
<area shape="rect" href="$classFeaturePool.html#d006ac79715763ace03627af6f17431a" title="FeaturePool::getFirstVectorFirstSegmentList" alt="" coords="536,5,816,32">
<area shape="rect" href="$classFeaturePool.html#06b7dc277561d3ca0792b8a8f37011e3" title="FeaturePool::getVectorList" alt="" coords="864,31,1040,57">
<area shape="rect" href="$classFeaturePool.html#b9a92d0aeddf3dde97b2469a214881f4" title="FeaturePool::getFirstVectorNextSegmentList" alt="" coords="536,56,816,83">
<area shape="rect" href="$classMixGaussian.html#8a94cd8be9810a1b9af97d45b24b4524" title="MixGaussian::dim" alt="" coords="613,107,739,133">
<area shape="rect" href="$classVector.html#a0978557568573ad6a4dd7d464971bc6" title="Vector::getVectorArray" alt="" coords="600,157,752,184">
<area shape="rect" href="$namespaceFastMath.html#52503617b4ae9fce99b06160ff974a38" title="FastMath::log" alt="" coords="625,208,727,235">
<area shape="rect" href="$classFeaturePool.html#9d59e90f53ceecbed3d3f45c4205d272" title="FeaturePool::getNextVectorList" alt="" coords="575,259,777,285">
