<area shape="rect" href="$classFeaturePool.html#a5c677036c6a83444eb65b963c7e375f" title="FeaturePool::addSegment" alt="" coords="1181,259,1352,285">
<area shape="rect" href="$classFeaturePool.html#645debcbb64e53ce1429f296decb0756" title="FeaturePool::claimSegmentationID" alt="" coords="885,791,1109,817">
<area shape="rect" href="$classSegmenter.html#5aea7d0d9ec8320191e77a476f185d13" title="Segmenter::createLexicalTree" alt="" coords="615,1804,809,1831">
<area shape="rect" href="$classTrain__Segmenter.html#8241286e0dda2fc49e1dc8c30ea654d4" title="Train_Segmenter::createOverlapTree" alt="" coords="276,1753,508,1780">
<area shape="rect" href="$classTrainPhoneModel.html#575d9bdf98c54d57bc560a7877f89fb3" title="TrainPhoneModel::doNotuseBordersForTraining" alt="" coords="245,1905,539,1932">
<area shape="rect" href="$classFeaturePool.html#8005effc2d5dda3334c4d9e975a99495" title="FeaturePool::freeSegmentationID" alt="" coords="891,841,1104,868">
<area shape="rect" href="$classFeaturePool.html#e68c20c72c8740da3fa8f87f23c09bb8" title="FeaturePool::getClusterLength" alt="" coords="613,1500,811,1527">
<area shape="rect" href="$classFeaturePool.html#17fbcca7c5a9dc77bbc9b0531e3c3cf7" title="FeaturePool::getCurSegmentLen" alt="" coords="1161,335,1372,361">
<area shape="rect" href="$classFeaturePool.html#ba6b8369709a70a6a605186a2ee0b662" title="FeaturePool::getCurSegmentStart" alt="" coords="1159,487,1375,513">
<area shape="rect" href="$classFeaturePool.html#4e7d4bfa4489ed0a7def6a26ec1e6897" title="FeaturePool::getFirstVectorFirstSegment" alt="" coords="1703,537,1961,564">
<area shape="rect" href="$classFeaturePool.html#095ca925d176bed975f8bf086285b3c9" title="FeaturePool::getFirstVectorNextSegment" alt="" coords="1703,1171,1961,1197">
<area shape="rect" href="$classPhoneModel.html#8a911011bcdb85e902876f8104820fa5" title="PhoneModel::getLogPDFProbability" alt="" coords="1425,1855,1652,1881">
<area shape="rect" href="$classFeaturePool.html#b45d6c4737e91e3761fc54f9f9647b5c" title="FeaturePool::getNextVector" alt="" coords="1741,968,1923,995">
<area shape="rect" href="$classFeaturePool.html#224dd69f82292fadb414403edf5c4563" title="FeaturePool::getSegmentID" alt="" coords="1741,1247,1923,1273">
<area shape="rect" href="$classFeaturePool.html#a291710bc17ff72acc48fda82af2372a" title="FeaturePool::getStreamInfo" alt="" coords="907,1297,1088,1324">
<area shape="rect" href="$classTrainPhoneModel.html#c476f2ef29a0e41a88429c4eccc32cb6" title="TrainPhoneModel::getTrainSilP" alt="" coords="1167,1399,1367,1425">
<area shape="rect" href="$classFeaturePool.html#dd0f7f05c2816e70a844e346ad647dd2" title="FeaturePool::getVectorSize" alt="" coords="303,1956,481,1983">
<area shape="rect" href="$classTrain__Segmenter.html#d9bd13a0ee0a359bdb9cc947e2e4496b" title="Train_Segmenter::mergeClusters" alt="" coords="287,1221,497,1248">
<area shape="rect" href="$classTrainPhoneModel.html#b13416a69018cf2b061ba007fbe8b580" title="TrainPhoneModel::setTrainingData" alt="" coords="888,1069,1107,1096">
<area shape="rect" href="$classTrainPhoneModel.html#89f3ab08cf2bbb32bf0bca2d50d87979" title="TrainPhoneModel::train" alt="" coords="920,1019,1075,1045">
<area shape="rect" href="$classFeaturePool.html#3f83776e1bde6c39fccb71ccd038c6a7" title="FeaturePool::segmentationCreateOverlap" alt="" coords="263,2007,521,2033">
<area shape="rect" href="$classSegmenter.html#a0ef33e250c045296f944be6e853d626" title="Segmenter::segmentFeaturePool" alt="" coords="607,588,817,615">
<area shape="rect" href="$classTrain__Segmenter.html#9482c669476f2ec350791d369635c7c6" title="Train_Segmenter::trainClusters" alt="" coords="292,2057,492,2084">
<area shape="rect" href="$classPhoneModel.html#16ddfc6f5db37f02f69d363e7945c6b1" title="PhoneModel::writeModel" alt="" coords="311,2108,473,2135">
<area shape="rect" href="$classFeaturePool.html#b22153998ef4dc5d6b765a2b73b70244" title="FeaturePool::writeRTTM" alt="" coords="311,2159,473,2185">
<area shape="rect" href="$classFeaturePool.html#a35c0036e264976f7138510aab69c82d" title="FeaturePool::resetSegmentation" alt="" coords="1163,791,1371,817">
<area shape="rect" href="$classLexicalTree.html#1002353f04ff5ab10ee0d47b6f9cf59f" title="LexicalTree::deleteTree" alt="" coords="920,1804,1075,1831">
<area shape="rect" href="$classLexicalTree.html#d79099cc5db0acadcc798a280df65733" title="LexicalTree::initialiseSystem" alt="" coords="1173,1095,1360,1121">
<area shape="rect" href="$classPhoneModel.html#1542d72e7801698b4b3a67eb2f52f00c" title="PhoneModel::resetPhoneAdmin" alt="" coords="896,1855,1099,1881">
<area shape="rect" href="$classPhoneModel.html#b19fcacf0ed5edf7adc1fd703d39ec36" title="PhoneModel::setSilTrans" alt="" coords="915,1905,1080,1932">
<area shape="rect" href="$classFeaturePool.html#d006ac79715763ace03627af6f17431a" title="FeaturePool::getFirstVectorFirstSegmentList" alt="" coords="2011,512,2291,539">
<area shape="rect" href="$classFeaturePool.html#06b7dc277561d3ca0792b8a8f37011e3" title="FeaturePool::getVectorList" alt="" coords="2339,512,2515,539">
<area shape="rect" href="$classFeaturePool.html#b9a92d0aeddf3dde97b2469a214881f4" title="FeaturePool::getFirstVectorNextSegmentList" alt="" coords="2011,639,2291,665">
<area shape="rect" href="$classMixGaussian.html#e0e58173c75b93e75fe0d0cd797aa5ac" title="MixGaussian::getLogP" alt="" coords="1756,1576,1908,1603">
<area shape="rect" href="$classFeaturePool.html#9d59e90f53ceecbed3d3f45c4205d272" title="FeaturePool::getNextVectorList" alt="" coords="2049,588,2252,615">
<area shape="rect" href="$classTrainPhoneModel.html#506f11534e023e27784a125fc6f0dc89" title="TrainPhoneModel::getSilP" alt="" coords="1453,1196,1624,1223">
<area shape="rect" href="$classGaussian.html#5448a381c1cb9a6dcd17b41f8474850f" title="Gaussian::getMean" alt="" coords="645,1247,779,1273">
<area shape="rect" href="$classTrain__Segmenter.html#4d234c5721288bc148e9dee26be64ced" title="Train_Segmenter::getMergeModelScore" alt="" coords="587,1297,837,1324">
<area shape="rect" href="$classFeaturePool.html#4b426d37c05facd3d08a13c9f82630ea" title="FeaturePool::setStreamWeights" alt="" coords="895,1348,1100,1375">
<area shape="rect" href="$classVector.html#655ea1b7c88bc1ac4abc406b81aa1df1" title="Vector::getValue" alt="" coords="1209,1297,1324,1324">
<area shape="rect" href="$classGaussian.html#7cf7ca138f6800b24660661bccfa1ed1" title="Gaussian::train" alt="" coords="1212,1348,1321,1375">
<area shape="rect" href="$classGaussian.html#af6bdf166ad6f83243ae644651d8d6d3" title="Gaussian::trainFinish" alt="" coords="1195,943,1339,969">
<area shape="rect" href="$classFeaturePool.html#fb850284b8953613998761a99527a97a" title="FeaturePool::getStreamWeight" alt="" coords="612,993,812,1020">
<area shape="rect" href="$classGaussian.html#d6a0c6972a3a4bcd36d726be5318ea22" title="Gaussian::getVariance" alt="" coords="636,1044,788,1071">
<area shape="rect" href="$classTrain__Segmenter.html#3a087bd435acd6b0ff2420c227132a67" title="Train_Segmenter::mergeModels" alt="" coords="609,841,815,868">
<area shape="rect" href="$classVector.html#730800d75efb18753c6df540330f2e66" title="Vector::setValue" alt="" coords="655,1095,769,1121">
<area shape="rect" href="$classTrain__Segmenter.html#ee45e8978b6f0f471e326cc99c79bb72" title="Train_Segmenter::startMergeIteration" alt="" coords="595,1145,829,1172">
<area shape="rect" href="$classSegmenter.html#a003fcf047548885bf583bfa81141bb2" title="Segmenter::createSegments" alt="" coords="904,284,1091,311">
<area shape="rect" href="$classLexicalTree.html#fd2374d1d8fe60b5a21f82b76dc1b482" title="LexicalTree::initialiseTree" alt="" coords="913,740,1081,767">
