<area shape="rect" href="$classFeaturePool.html#f4ae86eec64474f671e7c99e75aec9ad" title="FeaturePool::createNewFeatureExtraction" alt="" coords="249,56,513,83">
<area shape="rect" href="$classFeaturePool.html#de0f357d18744c5c957cd604f047878b" title="FeaturePool::fillBuffer_fromFeatureExtraction" alt="" coords="240,107,523,133">
<area shape="rect" href="$classFeaturePool.html#88dcd88ec173f5d7300b4b4c5645d8ce" title="FeaturePool::fillBuffer_ShoutFormat" alt="" coords="268,309,495,336">
<area shape="rect" href="$classFeaturePool.html#5559a850671765410483b5dc0c1dfd7e" title="FeaturePool::fillBuffer_TextFormat" alt="" coords="272,208,491,235">
<area shape="rect" href="$classFeatureExtraction.html#2d8b8706a12d747daced5c3f51a3ffb4" title="FeatureExtraction::getPoolSize" alt="" coords="280,360,483,387">
<area shape="rect" href="$classFeatureExtraction.html#08066055c72027445feee3776cf97c57" title="FeatureExtraction::getVectorSize" alt="" coords="275,411,488,437">
<area shape="rect" href="$classFeaturePool.html#acd8b32da914d2acba21a9fd87cdd65b" title="FeaturePool::readHeader_ShoutFormat" alt="" coords="257,461,505,488">
<area shape="rect" href="$classFeaturePool.html#1dc6ed177d2ec01fb750fb1105c6b9c6" title="FeaturePool::readHeader_TextFormat" alt="" coords="263,259,500,285">
<area shape="rect" href="$classVector.html#56f94938dad0d6eef488454ee18b320a" title="Vector::copyVector" alt="" coords="593,5,724,32">
<area shape="rect" href="$classFeatureExtraction.html#b3fdda8ea49d5295774a06f5f62c4724" title="FeatureExtraction::getPool" alt="" coords="571,56,747,83">
<area shape="rect" href="$classVector.html#5a9d755c2cd52d45dab09fb3924b5c32" title="Vector::Vector" alt="" coords="875,107,979,133">
<area shape="rect" href="$classVector.html#f2a4306cd00b9ea1539e7688b2023deb" title="Vector::divideElements" alt="" coords="581,107,736,133">
<area shape="rect" href="$classGaussian.html#5448a381c1cb9a6dcd17b41f8474850f" title="Gaussian::getMean" alt="" coords="592,208,725,235">
<area shape="rect" href="$classGaussian.html#d6a0c6972a3a4bcd36d726be5318ea22" title="Gaussian::getVariance" alt="" coords="583,259,735,285">
<area shape="rect" href="$classVector.html#730800d75efb18753c6df540330f2e66" title="Vector::setValue" alt="" coords="601,309,716,336">
<area shape="rect" href="$namespaceStringFunctions.html#fea2b8026f46c75c48893a23c1622411" title="StringFunctions::splitList" alt="" coords="576,360,741,387">
<area shape="rect" href="$classVector.html#c065e56f8b5db8093289016d1dcabf43" title="Vector::substractElements" alt="" coords="571,157,747,184">
<area shape="rect" href="$classVector.html#404404666ae6a250bd227c0a2b56fa3b" title="Vector::len" alt="" coords="885,157,968,184">
<area shape="rect" href="$namespaceWriteFileLittleBigEndian.html#87cd888460175b3af6636ebc6ef53bc8" title="WriteFileLittleBigEndian::freadEndianSafe" alt="" coords="795,461,1059,488">
<area shape="rect" href="$classVector.html#90da96766c42eeca05b6258f5cb4fcd9" title="Vector::readFloatData" alt="" coords="585,487,732,513">
