<area shape="rect" href="$classLexicalTree.html#4858a4860118c196581325c42a48cddc" title="LexicalTree::deleteLookAheadList" alt="" coords="461,51,677,77">
<area shape="rect" href="$classLexicalTree.html#1002353f04ff5ab10ee0d47b6f9cf59f" title="LexicalTree::deleteTree" alt="" coords="241,51,396,77">
<area shape="rect" href="$classPhoneModel.html#7adb4ff6a419b4144f0e4a3a7119b9b2" title="PhoneModel::initialisePhonePath" alt="" coords="959,152,1169,179">
<area shape="rect" href="$classLexicalTree.html#d79099cc5db0acadcc798a280df65733" title="LexicalTree::initialiseSystem" alt="" coords="225,152,412,179">
<area shape="rect" href="$classLexicalTree.html#2d34e3b180c83b45e5af57edc1542533" title="LexicalTree::deleteLatticeAdmin" alt="" coords="467,253,672,280">
<area shape="rect" href="$classLexicalTree.html#035edfe384bde9f753a202fc4a982cfe" title="LexicalTree::deleteNodes" alt="" coords="485,101,653,128">
<area shape="rect" href="$classPhoneModel.html#14ea672b72ed10617c1aee2f490c5cc2" title="PhoneModel::initialiseToken" alt="" coords="725,152,909,179">
<area shape="rect" href="$classLexicalTree.html#a3735612c4743a648679844ec1bffa01" title="LexicalTree::initialiseNode" alt="" coords="484,203,655,229">
