<area shape="rect" href="$classGaussian.html#70a00f6eaf36250ffcf7b5a55fd3add2" title="Gaussian::adapt_setVarTrans" alt="" coords="267,107,459,133">
<area shape="rect" href="$classVector.html#9fe5995f7a6a904db2d66f632bfd5a80" title="Vector::addElements" alt="" coords="524,56,665,83">
<area shape="rect" href="$classVector.html#56f94938dad0d6eef488454ee18b320a" title="Vector::copyVector" alt="" coords="529,208,660,235">
<area shape="rect" href="$classVector.html#f2a4306cd00b9ea1539e7688b2023deb" title="Vector::divideElements" alt="" coords="517,107,672,133">
<area shape="rect" href="$classVector.html#003aaeb9799aacc44135927eed3c6675" title="Vector::multiplyElements" alt="" coords="512,157,677,184">
<area shape="rect" href="$classVector.html#c065e56f8b5db8093289016d1dcabf43" title="Vector::substractElements" alt="" coords="507,5,683,32">
<area shape="rect" href="$classVector.html#404404666ae6a250bd227c0a2b56fa3b" title="Vector::len" alt="" coords="741,56,824,83">
<area shape="rect" href="$classVector.html#5a9d755c2cd52d45dab09fb3924b5c32" title="Vector::Vector" alt="" coords="731,107,835,133">
