<area shape="rect" href="$classLexicalTree.html#30b86bc7b0c0f8ba9017827271875e6a" title="LexicalTree::compareLMHistory" alt="" coords="233,5,436,32">
<area shape="rect" href="$classLexicalTree.html#411bee725dc31e74483c5e9b3cf3362a" title="LexicalTree::copyLMHistory" alt="" coords="244,56,425,83">
<area shape="rect" href="$classLexicalTree.html#442d8c0ccad870c236c62474d5d2cedc" title="LexicalTree::createLMLAs" alt="" coords="249,107,420,133">
<area shape="rect" href="$classLanguageModel.html#1f58fdee1e961c7917cd494d733269cb" title="LanguageModel::getAllP" alt="" coords="253,157,416,184">
<area shape="rect" href="$classLexicalTree.html#c7dc9f667e724e2d9f7eebb46ebc1247" title="LexicalTree::getLMLAHashKey" alt="" coords="235,208,435,235">
<area shape="rect" href="$classLanguageModel.html#3057f5e9224051b37ed25ebb5ab80012" title="LanguageModel::getBiGramIndex" alt="" coords="487,132,700,159">
<area shape="rect" href="$classHash.html#48ff494c63622766b15ae6f56ac86411" title="Hash::getIndex" alt="" coords="795,183,904,209">
<area shape="rect" href="$classLanguageModel.html#6e34864c3cfb7e793493cfb9000432ef" title="LanguageModel::compareKeys" alt="" coords="749,132,949,159">
