<area shape="rect" href="$classMixGaussian.html#0cd01c0a66b8b6b5ca0cf4ab37c7f097" title="MixGaussian::getCoSim" alt="" coords="240,107,403,133">
<area shape="rect" href="$classGaussian.html#c3035b0e0a94a114e0bb5665f1ace5b0" title="Gaussian::getCoSim" alt="" coords="451,107,592,133">
<area shape="rect" href="$classVector.html#d848c33487cd63ced5e95ff8a87c0fa9" title="Vector::distance" alt="" coords="671,5,785,32">
<area shape="rect" href="$classVector.html#404404666ae6a250bd227c0a2b56fa3b" title="Vector::len" alt="" coords="875,81,957,108">
<area shape="rect" href="$classVector.html#79c4e0d12cfbe79723538c50ef3eaa46" title="Vector::multiplyVector" alt="" coords="655,107,801,133">
<area shape="rect" href="$classVector.html#06658e90211e89fee5633be129edddcb" title="Vector::setAllValues" alt="" coords="659,157,797,184">
<area shape="rect" href="$classVector.html#c065e56f8b5db8093289016d1dcabf43" title="Vector::substractElements" alt="" coords="640,208,816,235">
<area shape="rect" href="$classVector.html#5a9d755c2cd52d45dab09fb3924b5c32" title="Vector::Vector" alt="" coords="864,208,968,235">
