<area shape="rect" href="$classLanguageModel.html#ea0be9412543de176710fbde295d2e9e" title="LanguageModel::getLastWordID" alt="" coords="223,209,428,236">
<area shape="rect" href="$classLexicalTree.html#46cc3d81945b67614d718e95fd5702f2" title="LexicalTree::getPhoneAlignment" alt="" coords="221,260,429,287">
<area shape="rect" href="$classPhoneModel.html#65bd5531a7fb6720fb94ad75000727ac" title="PhoneModel::getStatistics" alt="" coords="492,235,665,261">
<area shape="rect" href="$classArticulatoryStream.html#5925539eb2762725445e9d550fd55744" title="ArticulatoryStream::testStream" alt="" coords="479,285,679,312">
<area shape="rect" href="$classPhoneModel.html#6fe891012908c104496839e02a16af05" title="PhoneModel::getOutput" alt="" coords="760,57,917,84">
<area shape="rect" href="$classFeaturePool.html#07d58b71358ac4558c480b641fc086ca" title="FeaturePool::getVector" alt="" coords="761,387,916,413">
<area shape="rect" href="$classPhoneModel.html#14ea672b72ed10617c1aee2f490c5cc2" title="PhoneModel::initialiseToken" alt="" coords="1020,285,1204,312">
<area shape="rect" href="$classPhoneModel.html#a779042ff41126eae817ad273e39d7c5" title="PhoneModel::processVector" alt="" coords="747,184,931,211">
<area shape="rect" href="$classArticulatoryStream.html#078425a9577f2f513b403e447bff2712" title="ArticulatoryStream::processVector" alt="" coords="729,336,948,363">
<area shape="rect" href="$classPhoneModel.html#07cc81fd18c76d148030f121e3d4363c" title="PhoneModel::addChain" alt="" coords="1304,57,1459,84">
<area shape="rect" href="$classPhoneModel.html#9b843a31bc5f4cad0e396eb9b0ad0f59" title="PhoneModel::copyPhonePath" alt="" coords="1537,115,1729,141">
<area shape="rect" href="$classFeaturePool.html#06b7dc277561d3ca0792b8a8f37011e3" title="FeaturePool::getVectorList" alt="" coords="1024,387,1200,413">
<area shape="rect" href="$classPhoneModel.html#7adb4ff6a419b4144f0e4a3a7119b9b2" title="PhoneModel::initialisePhonePath" alt="" coords="1276,184,1487,211">
<area shape="rect" href="$classPhoneModel.html#807fc3e71b5924c655ab4a10c6e234a3" title="PhoneModel::addChain_lmla" alt="" coords="1019,32,1205,59">
<area shape="rect" href="$classMixGaussian.html#e0e58173c75b93e75fe0d0cd797aa5ac" title="MixGaussian::getLogP" alt="" coords="1305,253,1457,280">
<area shape="rect" href="$classMixGaussian.html#8a94cd8be9810a1b9af97d45b24b4524" title="MixGaussian::dim" alt="" coords="1571,203,1696,229">
<area shape="rect" href="$classVector.html#a0978557568573ad6a4dd7d464971bc6" title="Vector::getVectorArray" alt="" coords="1557,253,1709,280">
<area shape="rect" href="$namespaceFastMath.html#52503617b4ae9fce99b06160ff974a38" title="FastMath::log" alt="" coords="1583,304,1684,331">
<area shape="rect" href="$classPhoneModel.html#8a911011bcdb85e902876f8104820fa5" title="PhoneModel::getLogPDFProbability" alt="" coords="999,336,1225,363">
