<area shape="rect" href="$classGaussian.html#01f1dfb0ac38b7ccb0866c25bc3d7d9d" title="Gaussian::mapAdaptMean" alt="" coords="259,157,435,184">
<area shape="rect" href="$classVector.html#9fe5995f7a6a904db2d66f632bfd5a80" title="Vector::addElements" alt="" coords="496,208,637,235">
<area shape="rect" href="$classVector.html#404404666ae6a250bd227c0a2b56fa3b" title="Vector::len" alt="" coords="716,132,799,159">
<area shape="rect" href="$classGaussian.html#ff5086463d6ba6de5202104c3a9013c8" title="Gaussian::calculateCP" alt="" coords="489,56,644,83">
<area shape="rect" href="$namespaceFastMath.html#52503617b4ae9fce99b06160ff974a38" title="FastMath::log" alt="" coords="707,5,808,32">
<area shape="rect" href="$classVector.html#ecccea9a9bc8764ae877c4f4b8ca4b6c" title="Vector::getDeterminant" alt="" coords="489,259,644,285">
<area shape="rect" href="$classVector.html#003aaeb9799aacc44135927eed3c6675" title="Vector::multiplyElements" alt="" coords="484,157,649,184">
<area shape="rect" href="$classVector.html#06658e90211e89fee5633be129edddcb" title="Vector::setAllValues" alt="" coords="497,309,636,336">
<area shape="rect" href="$classVector.html#5a9d755c2cd52d45dab09fb3924b5c32" title="Vector::Vector" alt="" coords="705,196,809,223">
<area shape="rect" href="$classVector.html#655ea1b7c88bc1ac4abc406b81aa1df1" title="Vector::getValue" alt="" coords="700,56,815,83">
