<area shape="rect" href="$classLexicalTree.html#b6ffbd29de93580698994e832195e04b" title="LexicalTree::checkAMs" alt="" coords="267,81,424,108">
<area shape="rect" href="$classLexicalTree.html#6a78cb0654165d1d2995b37e3090d1b1" title="LexicalTree::setTreeStartEndMatrix" alt="" coords="233,208,457,235">
<area shape="rect" href="$classLexicalTree.html#035ed850fa8e4018e5b0b9bf6ac0d0da" title="LexicalTree::checkTreeRobustness" alt="" coords="515,5,739,32">
<area shape="rect" href="$classPhoneModel.html#0a60f995588fa56fa9815035f3f9a7f6" title="PhoneModel::getNumberOfGaussians" alt="" coords="507,56,747,83">
<area shape="rect" href="$classPhoneModel.html#65bd5531a7fb6720fb94ad75000727ac" title="PhoneModel::getStatistics" alt="" coords="540,107,713,133">
<area shape="rect" href="$classMixGaussian.html#b797fccd63c3dd6bbf1a6d3cfcc36ded" title="MixGaussian::getNumberOfGaussians" alt="" coords="796,56,1039,83">
<area shape="rect" href="$classLexicalTree.html#9c6e7771b0599d769c88531e952a6028" title="LexicalTree::prepareLMLACreation" alt="" coords="517,157,736,184">
<area shape="rect" href="$classLexicalTree.html#8f50021bc1d2ecfa43ee12c5c24a9f0d" title="LexicalTree::setDepthLevel" alt="" coords="537,208,716,235">
<area shape="rect" href="$classLexicalTree.html#7ff1852fcd24ab4c3c12b301422b5a6a" title="LexicalTree::setNodeLocationPars" alt="" coords="517,259,736,285">
<area shape="rect" href="$lexicaltree_8cpp.html#5d4a3243e932a1cf21c428e0ef3f681f" title="thread_lmlaCalculation" alt="" coords="551,309,703,336">
