<area shape="rect" href="$classGaussian.html#857664edb9d21bc3ca7e32783e0f9964" title="Gaussian::dim" alt="" coords="295,5,399,32">
<area shape="rect" href="$classMixGaussian.html#cf807f9e9fbe446832bf4a1ff544bc2b" title="MixGaussian::initializeFastCalc" alt="" coords="245,157,448,184">
<area shape="rect" href="$classMixGaussian.html#6c1e06fe065a621ab17fb9a9a40187a7" title="MixGaussian::mergeMixGaussians" alt="" coords="235,56,459,83">
<area shape="rect" href="$classVector.html#404404666ae6a250bd227c0a2b56fa3b" title="Vector::len" alt="" coords="541,5,624,32">
<area shape="rect" href="$classMixGaussian.html#8a94cd8be9810a1b9af97d45b24b4524" title="MixGaussian::dim" alt="" coords="520,56,645,83">
<area shape="rect" href="$classGaussian.html#c742925e3be0e13faeccdd2134d35b68" title="Gaussian::getCP" alt="" coords="523,107,643,133">
<area shape="rect" href="$classGaussian.html#5448a381c1cb9a6dcd17b41f8474850f" title="Gaussian::getMean" alt="" coords="516,157,649,184">
<area shape="rect" href="$classVector.html#655ea1b7c88bc1ac4abc406b81aa1df1" title="Vector::getValue" alt="" coords="525,208,640,235">
<area shape="rect" href="$classGaussian.html#d6a0c6972a3a4bcd36d726be5318ea22" title="Gaussian::getVariance" alt="" coords="507,259,659,285">
<area shape="rect" href="$namespaceFastMath.html#52503617b4ae9fce99b06160ff974a38" title="FastMath::log" alt="" coords="532,309,633,336">
