<area shape="rect" href="$classFeaturePool.html#645debcbb64e53ce1429f296decb0756" title="FeaturePool::claimSegmentationID" alt="" coords="568,785,792,812">
<area shape="rect" href="$classFeaturePool.html#e68c20c72c8740da3fa8f87f23c09bb8" title="FeaturePool::getClusterLength" alt="" coords="291,1393,488,1420">
<area shape="rect" href="$classPhoneModel.html#0a60f995588fa56fa9815035f3f9a7f6" title="PhoneModel::getNumberOfGaussians" alt="" coords="269,1343,509,1369">
<area shape="rect" href="$classTrainPhoneModel.html#c476f2ef29a0e41a88429c4eccc32cb6" title="TrainPhoneModel::getTrainSilP" alt="" coords="580,887,780,913">
<area shape="rect" href="$classFeaturePool.html#52543c3331b5453d3dc7e7711a83b749" title="FeaturePool::segmentationCopy" alt="" coords="576,279,784,305">
<area shape="rect" href="$classSegmenter.html#a0ef33e250c045296f944be6e853d626" title="Segmenter::segmentFeaturePool" alt="" coords="284,507,495,533">
<area shape="rect" href="$classTrainPhoneModel.html#b13416a69018cf2b061ba007fbe8b580" title="TrainPhoneModel::setTrainingData" alt="" coords="280,1444,499,1471">
<area shape="rect" href="$classTrainPhoneModel.html#89f3ab08cf2bbb32bf0bca2d50d87979" title="TrainPhoneModel::train" alt="" coords="312,1292,467,1319">
<area shape="rect" href="$classFeaturePool.html#a35c0036e264976f7138510aab69c82d" title="FeaturePool::resetSegmentation" alt="" coords="904,507,1112,533">
<area shape="rect" href="$classMixGaussian.html#b797fccd63c3dd6bbf1a6d3cfcc36ded" title="MixGaussian::getNumberOfGaussians" alt="" coords="887,1900,1129,1927">
<area shape="rect" href="$classTrainPhoneModel.html#506f11534e023e27784a125fc6f0dc89" title="TrainPhoneModel::getSilP" alt="" coords="923,836,1093,863">
<area shape="rect" href="$classFeaturePool.html#4e7d4bfa4489ed0a7def6a26ec1e6897" title="FeaturePool::getFirstVectorFirstSegment" alt="" coords="1215,963,1473,989">
<area shape="rect" href="$classFeaturePool.html#095ca925d176bed975f8bf086285b3c9" title="FeaturePool::getFirstVectorNextSegment" alt="" coords="1215,1089,1473,1116">
<area shape="rect" href="$classMixGaussian.html#e0e58173c75b93e75fe0d0cd797aa5ac" title="MixGaussian::getLogP" alt="" coords="1268,912,1420,939">
<area shape="rect" href="$classFeaturePool.html#b45d6c4737e91e3761fc54f9f9647b5c" title="FeaturePool::getNextVector" alt="" coords="1253,785,1435,812">
<area shape="rect" href="$classFeaturePool.html#224dd69f82292fadb414403edf5c4563" title="FeaturePool::getSegmentID" alt="" coords="1253,1343,1435,1369">
<area shape="rect" href="$classFeaturePool.html#d006ac79715763ace03627af6f17431a" title="FeaturePool::getFirstVectorFirstSegmentList" alt="" coords="1523,633,1803,660">
<area shape="rect" href="$classFeaturePool.html#06b7dc277561d3ca0792b8a8f37011e3" title="FeaturePool::getVectorList" alt="" coords="1851,633,2027,660">
<area shape="rect" href="$classFeaturePool.html#b9a92d0aeddf3dde97b2469a214881f4" title="FeaturePool::getFirstVectorNextSegmentList" alt="" coords="1523,735,1803,761">
<area shape="rect" href="$namespaceFastMath.html#52503617b4ae9fce99b06160ff974a38" title="FastMath::log" alt="" coords="1612,1495,1713,1521">
<area shape="rect" href="$classFeaturePool.html#9d59e90f53ceecbed3d3f45c4205d272" title="FeaturePool::getNextVectorList" alt="" coords="1561,684,1764,711">
<area shape="rect" href="$classFeaturePool.html#a5c677036c6a83444eb65b963c7e375f" title="FeaturePool::addSegment" alt="" coords="923,329,1093,356">
<area shape="rect" href="$classSegmenter.html#a003fcf047548885bf583bfa81141bb2" title="Segmenter::createSegments" alt="" coords="587,228,773,255">
<area shape="rect" href="$classFeaturePool.html#8005effc2d5dda3334c4d9e975a99495" title="FeaturePool::freeSegmentationID" alt="" coords="573,532,787,559">
<area shape="rect" href="$classFeaturePool.html#ba6b8369709a70a6a605186a2ee0b662" title="FeaturePool::getCurSegmentStart" alt="" coords="900,937,1116,964">
<area shape="rect" href="$classLexicalTree.html#fd2374d1d8fe60b5a21f82b76dc1b482" title="LexicalTree::initialiseTree" alt="" coords="596,177,764,204">
<area shape="rect" href="$classLexicalTree.html#e62eeb3a5d83689e9bbfb61f248e1ac1" title="LexicalTree::processVector" alt="" coords="591,431,769,457">
<area shape="rect" href="$classFeaturePool.html#b71d4c22bc2d6d5caae3e8d251067d91" title="FeaturePool::segmentationIntersection" alt="" coords="557,329,803,356">
<area shape="rect" href="$classFeaturePool.html#8c0ed77e3346c05e7582244fcc57f5b7" title="FeaturePool::startTimeStamp" alt="" coords="584,380,776,407">
<area shape="rect" href="$classFeaturePool.html#a04ad15e8588afd8bb621a0336f47020" title="FeaturePool::addSegmentToFront" alt="" coords="900,228,1116,255">
<area shape="rect" href="$classLexicalTree.html#a84bfd4292ddde70f6a23d5d91c5351c" title="LexicalTree::findBestToken" alt="" coords="919,279,1097,305">
<area shape="rect" href="$classFeaturePool.html#17fbcca7c5a9dc77bbc9b0531e3c3cf7" title="FeaturePool::getCurSegmentLen" alt="" coords="903,1292,1113,1319">
<area shape="rect" href="$classLexicalTree.html#411bee725dc31e74483c5e9b3cf3362a" title="LexicalTree::copyLMHistory" alt="" coords="917,127,1099,153">
<area shape="rect" href="$classLexicalTree.html#d79099cc5db0acadcc798a280df65733" title="LexicalTree::initialiseSystem" alt="" coords="915,177,1101,204">
<area shape="rect" href="$classLexicalTree.html#2f913cd90f54299de65d45548eca9f89" title="LexicalTree::printTokenDistribution" alt="" coords="899,392,1117,419">
<area shape="rect" href="$classLexicalTree.html#01b2dfce9d71030d36db1dba18db5974" title="LexicalTree::processVector_administrationCleanup" alt="" coords="852,443,1164,469">
<area shape="rect" href="$classTrainPhoneModel.html#4053b2771b78a3a1643a09e8fc1db0a9" title="TrainPhoneModel::baumWelch" alt="" coords="581,1444,779,1471">
<area shape="rect" href="$classMixGaussian.html#64938a70fda49b8e21f72d157ca8643c" title="MixGaussian::train" alt="" coords="943,1596,1073,1623">
<area shape="rect" href="$classGaussian.html#7cf7ca138f6800b24660661bccfa1ed1" title="Gaussian::train" alt="" coords="1289,1672,1399,1699">
<area shape="rect" href="$classMixGaussian.html#5c0e6d17c5af98b62969428587231eb4" title="MixGaussian::trainFinish" alt="" coords="925,1545,1091,1572">
<area shape="rect" href="$classGaussian.html#af6bdf166ad6f83243ae644651d8d6d3" title="Gaussian::trainFinish" alt="" coords="1272,1545,1416,1572">
<area shape="rect" href="$classTrainPhoneModel.html#19bb93fa2cef4db65aa9e729b25eb575" title="TrainPhoneModel::count" alt="" coords="600,1495,760,1521">
<area shape="rect" href="$classGaussian.html#93c4ec3d1fd3657685dcd00791f1ff1f" title="Gaussian::getLogP" alt="" coords="615,1089,745,1116">
<area shape="rect" href="$classVector.html#655ea1b7c88bc1ac4abc406b81aa1df1" title="Vector::getValue" alt="" coords="623,1140,737,1167">
<area shape="rect" href="$classTrainPhoneModel.html#422b0b2ed23ed30507f26d09d5fe5652" title="TrainPhoneModel::maxNrOfGaussians" alt="" coords="559,1849,801,1876">
<area shape="rect" href="$classVector.html#79c4e0d12cfbe79723538c50ef3eaa46" title="Vector::multiplyVector" alt="" coords="607,1191,753,1217">
<area shape="rect" href="$classMixGaussian.html#302468bdab3bb8b3c7c613f066f2d232" title="MixGaussian::splitAllGaussians" alt="" coords="577,1241,783,1268">
<area shape="rect" href="$classMixGaussian.html#e10fad190cb9b7169b91cddc265d5f0c" title="MixGaussian::splitBestGaussian" alt="" coords="575,1292,785,1319">
<area shape="rect" href="$classTrainPhoneModel.html#51abc7e460dbb9a39ddae6589dcfe41c" title="TrainPhoneModel::viterbi" alt="" coords="599,1343,761,1369">
