<area shape="rect" href="$classFeaturePool.html#a5c677036c6a83444eb65b963c7e375f" title="FeaturePool::addSegment" alt="" coords="1424,853,1595,880">
<area shape="rect" href="$classFeaturePool.html#645debcbb64e53ce1429f296decb0756" title="FeaturePool::claimSegmentationID" alt="" coords="1100,676,1324,703">
<area shape="rect" href="$classFeaturePool.html#a35c0036e264976f7138510aab69c82d" title="FeaturePool::resetSegmentation" alt="" coords="1405,752,1613,779">
<area shape="rect" href="$classTrain__Segmenter.html#c7bedbe69ff8909c5da1731bc501eade" title="Train_Segmenter::createInitialModels" alt="" coords="207,1284,441,1311">
<area shape="rect" href="$classFeaturePool.html#e68c20c72c8740da3fa8f87f23c09bb8" title="FeaturePool::getClusterLength" alt="" coords="1113,1461,1311,1488">
<area shape="rect" href="$classTrain__Segmenter.html#562822191578a59848f4a129ec74cd14" title="Train_Segmenter::trainModel" alt="" coords="1119,1917,1305,1944">
<area shape="rect" href="$classTrain__Segmenter.html#8241286e0dda2fc49e1dc8c30ea654d4" title="Train_Segmenter::createOverlapTree" alt="" coords="1393,1005,1625,1032">
<area shape="rect" href="$classSegmenter.html#5aea7d0d9ec8320191e77a476f185d13" title="Segmenter::createLexicalTree" alt="" coords="1708,1005,1903,1032">
<area shape="rect" href="$classLexicalTree.html#d79099cc5db0acadcc798a280df65733" title="LexicalTree::initialiseSystem" alt="" coords="2031,423,2217,449">
<area shape="rect" href="$classFeaturePool.html#17fbcca7c5a9dc77bbc9b0531e3c3cf7" title="FeaturePool::getCurSegmentLen" alt="" coords="1700,2475,1911,2501">
<area shape="rect" href="$classFeaturePool.html#ba6b8369709a70a6a605186a2ee0b662" title="FeaturePool::getCurSegmentStart" alt="" coords="1697,2171,1913,2197">
<area shape="rect" href="$classFeaturePool.html#4e7d4bfa4489ed0a7def6a26ec1e6897" title="FeaturePool::getFirstVectorFirstSegment" alt="" coords="1676,2323,1935,2349">
<area shape="rect" href="$classFeaturePool.html#095ca925d176bed975f8bf086285b3c9" title="FeaturePool::getFirstVectorNextSegment" alt="" coords="1676,955,1935,981">
<area shape="rect" href="$classTrain__Segmenter.html#a32d107e3bb346eb3a7fc937c68ef7eb" title="Train_Segmenter::trainIteration" alt="" coords="491,651,691,677">
<area shape="rect" href="$classFeaturePool.html#8005effc2d5dda3334c4d9e975a99495" title="FeaturePool::freeSegmentationID" alt="" coords="1105,752,1319,779">
<area shape="rect" href="$classSegmenter.html#a0ef33e250c045296f944be6e853d626" title="Segmenter::segmentFeaturePool" alt="" coords="780,904,991,931">
<area shape="rect" href="$classTrain__Segmenter.html#6422c3b295b10cebc01e112e0dbf9717" title="Train_Segmenter::getOverlap" alt="" coords="496,1943,685,1969">
<area shape="rect" href="$classFeaturePool.html#a291710bc17ff72acc48fda82af2372a" title="FeaturePool::getStreamInfo" alt="" coords="1121,1664,1303,1691">
<area shape="rect" href="$classTrain__Segmenter.html#d9bd13a0ee0a359bdb9cc947e2e4496b" title="Train_Segmenter::mergeClusters" alt="" coords="780,1715,991,1741">
<area shape="rect" href="$classFeaturePool.html#3f83776e1bde6c39fccb71ccd038c6a7" title="FeaturePool::segmentationCreateOverlap" alt="" coords="756,2525,1015,2552">
<area shape="rect" href="$classFeaturePool.html#b22153998ef4dc5d6b765a2b73b70244" title="FeaturePool::writeRTTM" alt="" coords="804,2576,967,2603">
<area shape="rect" href="$classTrain__Segmenter.html#ce33c2d67937c6acb5911e39b8eb33ac" title="Train_Segmenter::loadClusters" alt="" coords="491,1081,691,1108">
<area shape="rect" href="$classFeaturePool.html#0730588d18365b2248d45454ef176da1" title="FeaturePool::segmentationWiden" alt="" coords="217,2829,431,2856">
<area shape="rect" href="$classTrain__Segmenter.html#9e51ee7563cede0d329f61394942bfda" title="Train_Segmenter::writePosteriors" alt="" coords="217,2880,431,2907">
<area shape="rect" href="$classTrain__Segmenter.html#9482c669476f2ec350791d369635c7c6" title="Train_Segmenter::trainClusters" alt="" coords="785,1360,985,1387">
<area shape="rect" href="$classTrainPhoneModel.html#c476f2ef29a0e41a88429c4eccc32cb6" title="TrainPhoneModel::getTrainSilP" alt="" coords="1705,2221,1905,2248">
<area shape="rect" href="$classTrainPhoneModel.html#b13416a69018cf2b061ba007fbe8b580" title="TrainPhoneModel::setTrainingData" alt="" coords="1400,1537,1619,1564">
<area shape="rect" href="$classTrainPhoneModel.html#89f3ab08cf2bbb32bf0bca2d50d87979" title="TrainPhoneModel::train" alt="" coords="1432,2221,1587,2248">
<area shape="rect" href="$classLexicalTree.html#1002353f04ff5ab10ee0d47b6f9cf59f" title="LexicalTree::deleteTree" alt="" coords="2047,955,2201,981">
<area shape="rect" href="$classPhoneModel.html#1542d72e7801698b4b3a67eb2f52f00c" title="PhoneModel::resetPhoneAdmin" alt="" coords="2023,1005,2225,1032">
<area shape="rect" href="$classPhoneModel.html#b19fcacf0ed5edf7adc1fd703d39ec36" title="PhoneModel::setSilTrans" alt="" coords="2041,1056,2207,1083">
<area shape="rect" href="$classLexicalTree.html#2d34e3b180c83b45e5af57edc1542533" title="LexicalTree::deleteLatticeAdmin" alt="" coords="2317,296,2523,323">
<area shape="rect" href="$classLexicalTree.html#4858a4860118c196581325c42a48cddc" title="LexicalTree::deleteLookAheadList" alt="" coords="2312,347,2528,373">
<area shape="rect" href="$classLexicalTree.html#035edfe384bde9f753a202fc4a982cfe" title="LexicalTree::deleteNodes" alt="" coords="2336,499,2504,525">
<area shape="rect" href="$classPhoneModel.html#14ea672b72ed10617c1aee2f490c5cc2" title="PhoneModel::initialiseToken" alt="" coords="2576,473,2760,500">
<area shape="rect" href="$classPhoneModel.html#7adb4ff6a419b4144f0e4a3a7119b9b2" title="PhoneModel::initialisePhonePath" alt="" coords="2809,436,3020,463">
<area shape="rect" href="$classLexicalTree.html#a3735612c4743a648679844ec1bffa01" title="LexicalTree::initialiseNode" alt="" coords="2335,549,2505,576">
<area shape="rect" href="$classFeaturePool.html#b45d6c4737e91e3761fc54f9f9647b5c" title="FeaturePool::getNextVector" alt="" coords="1715,2272,1896,2299">
<area shape="rect" href="$classFeaturePool.html#224dd69f82292fadb414403edf5c4563" title="FeaturePool::getSegmentID" alt="" coords="1715,2120,1896,2147">
<area shape="rect" href="$classFeaturePool.html#d006ac79715763ace03627af6f17431a" title="FeaturePool::getFirstVectorFirstSegmentList" alt="" coords="1984,1715,2264,1741">
<area shape="rect" href="$classFeaturePool.html#b9a92d0aeddf3dde97b2469a214881f4" title="FeaturePool::getFirstVectorNextSegmentList" alt="" coords="1984,904,2264,931">
<area shape="rect" href="$classFeaturePool.html#b71d4c22bc2d6d5caae3e8d251067d91" title="FeaturePool::segmentationIntersection" alt="" coords="1089,853,1335,880">
<area shape="rect" href="$classTrainPhoneModel.html#575d9bdf98c54d57bc560a7877f89fb3" title="TrainPhoneModel::doNotuseBordersForTraining" alt="" coords="739,1461,1032,1488">
<area shape="rect" href="$classPhoneModel.html#8a911011bcdb85e902876f8104820fa5" title="PhoneModel::getLogPDFProbability" alt="" coords="772,2424,999,2451">
<area shape="rect" href="$classFeaturePool.html#dd0f7f05c2816e70a844e346ad647dd2" title="FeaturePool::getVectorSize" alt="" coords="796,1411,975,1437">
<area shape="rect" href="$classPhoneModel.html#16ddfc6f5db37f02f69d363e7945c6b1" title="PhoneModel::writeModel" alt="" coords="804,2120,967,2147">
<area shape="rect" href="$classGaussian.html#5448a381c1cb9a6dcd17b41f8474850f" title="Gaussian::getMean" alt="" coords="1145,1715,1279,1741">
<area shape="rect" href="$namespaceWriteFileLittleBigEndian.html#87cd888460175b3af6636ebc6ef53bc8" title="WriteFileLittleBigEndian::freadEndianSafe" alt="" coords="1080,1157,1344,1184">
<area shape="rect" href="$classTrainPhoneModel.html#cd268944f0730db0745ca95bdf624994" title="TrainPhoneModel::readModel" alt="" coords="791,1056,980,1083">
