<area shape="rect" href="$classPhoneModel.html#f09f77a4c3e0d94de4832771240980ff" title="PhoneModel::adapt_clear" alt="" coords="647,5,815,32">
<area shape="rect" href="$classTrainPhoneModel.html#16d941d3266f250f10741ff45dbedebc" title="TrainPhoneModel::adapt_setAcTrain" alt="" coords="311,1043,540,1069">
<area shape="rect" href="$classShoutPrepareAdapt.html#9b6fefc10bfbfc4f5ac75efd1e32804d" title="ShoutPrepareAdapt::adaptingModel" alt="" coords="312,207,539,233">
<area shape="rect" href="$classFeaturePool.html#e3dec91ba2294d0326458565b9490783" title="FeaturePool::addFeatureFile" alt="" coords="333,637,517,664">
<area shape="rect" href="$namespaceWriteFileLittleBigEndian.html#87cd888460175b3af6636ebc6ef53bc8" title="WriteFileLittleBigEndian::freadEndianSafe" alt="" coords="920,485,1184,512">
<area shape="rect" href="$classFeaturePool.html#a5c677036c6a83444eb65b963c7e375f" title="FeaturePool::addSegment" alt="" coords="340,789,511,816">
<area shape="rect" href="$classFeaturePool.html#645debcbb64e53ce1429f296decb0756" title="FeaturePool::claimSegmentationID" alt="" coords="313,739,537,765">
<area shape="rect" href="$classFeaturePool.html#a35c0036e264976f7138510aab69c82d" title="FeaturePool::resetSegmentation" alt="" coords="627,840,835,867">
<area shape="rect" href="$classTrainPhoneModel.html#0696b60ce1172d934e9256060ca0fb83" title="TrainPhoneModel::getKLDistance" alt="" coords="319,891,532,917">
<area shape="rect" href="$classPhoneModel.html#8a911011bcdb85e902876f8104820fa5" title="PhoneModel::getLogPDFProbability" alt="" coords="312,1676,539,1703">
<area shape="rect" href="$classFeaturePool.html#ae594521f0b681d41361ac97a0105500" title="FeaturePool::getPoolLength" alt="" coords="335,1093,516,1120">
<area shape="rect" href="$classFeaturePool.html#07d58b71358ac4558c480b641fc086ca" title="FeaturePool::getVector" alt="" coords="348,941,503,968">
<area shape="rect" href="$classTrainPhoneModel.html#b13416a69018cf2b061ba007fbe8b580" title="TrainPhoneModel::setTrainingData" alt="" coords="316,1423,535,1449">
<area shape="rect" href="$classTrainPhoneModel.html#89f3ab08cf2bbb32bf0bca2d50d87979" title="TrainPhoneModel::train" alt="" coords="348,1372,503,1399">
<area shape="rect" href="$classMixGaussian.html#1d7c95fdb5f2bbd433f3779f3c34d25d" title="MixGaussian::adapt_clear" alt="" coords="967,5,1137,32">
<area shape="rect" href="$classPhoneModel.html#fc78ba050e2e7c3d1af8b91d059e47de" title="PhoneModel::adapt_setAcumulators" alt="" coords="615,1093,847,1120">
<area shape="rect" href="$classTrainPhoneModel.html#4053b2771b78a3a1643a09e8fc1db0a9" title="TrainPhoneModel::baumWelch" alt="" coords="632,1195,829,1221">
<area shape="rect" href="$classFeaturePool.html#4e7d4bfa4489ed0a7def6a26ec1e6897" title="FeaturePool::getFirstVectorFirstSegment" alt="" coords="923,1093,1181,1120">
<area shape="rect" href="$classFeaturePool.html#095ca925d176bed975f8bf086285b3c9" title="FeaturePool::getFirstVectorNextSegment" alt="" coords="923,1195,1181,1221">
<area shape="rect" href="$classFeaturePool.html#b45d6c4737e91e3761fc54f9f9647b5c" title="FeaturePool::getNextVector" alt="" coords="961,1017,1143,1044">
<area shape="rect" href="$classFeaturePool.html#224dd69f82292fadb414403edf5c4563" title="FeaturePool::getSegmentID" alt="" coords="961,1144,1143,1171">
<area shape="rect" href="$classFeaturePool.html#17fbcca7c5a9dc77bbc9b0531e3c3cf7" title="FeaturePool::getCurSegmentLen" alt="" coords="947,1397,1157,1424">
<area shape="rect" href="$namespaceFastMath.html#52503617b4ae9fce99b06160ff974a38" title="FastMath::log" alt="" coords="1001,1600,1103,1627">
<area shape="rect" href="$classPhoneModel.html#61d3733a0714fd28ff7607ec3059012b" title="PhoneModel::adapt_adapt" alt="" coords="645,131,816,157">
<area shape="rect" href="$classPhoneModel.html#19162e61dce0771f2710419a5fed0ef1" title="PhoneModel::adapt_setInitialNode" alt="" coords="621,181,840,208">
<area shape="rect" href="$classPhoneModel.html#c64de911c64a8cc2c8f93e9205fc3260" title="PhoneModel::dim" alt="" coords="669,232,792,259">
<area shape="rect" href="$classPhoneModel.html#034467a6372305b40013f70ca6185ac5" title="PhoneModel::isSilModel" alt="" coords="651,283,811,309">
<area shape="rect" href="$classAdapt__AM__TreeNode.html#48e2d95462859a758292bf5405cfeadd" title="Adapt_AM_TreeNode::setHelperMatrices_1" alt="" coords="595,333,867,360">
<area shape="rect" href="$classAdapt__AM__TreeNode.html#a5f8d31c1b818f5497637c7c9b4f0273" title="Adapt_AM_TreeNode::setHelperMatrices_2" alt="" coords="595,80,867,107">
<area shape="rect" href="$classFeaturePool.html#f4ae86eec64474f671e7c99e75aec9ad" title="FeaturePool::createNewFeatureExtraction" alt="" coords="599,688,863,715">
<area shape="rect" href="$classFeaturePool.html#de0f357d18744c5c957cd604f047878b" title="FeaturePool::fillBuffer_fromFeatureExtraction" alt="" coords="589,739,872,765">
<area shape="rect" href="$classFeaturePool.html#88dcd88ec173f5d7300b4b4c5645d8ce" title="FeaturePool::fillBuffer_ShoutFormat" alt="" coords="617,789,844,816">
<area shape="rect" href="$classFeaturePool.html#5559a850671765410483b5dc0c1dfd7e" title="FeaturePool::fillBuffer_TextFormat" alt="" coords="621,435,840,461">
<area shape="rect" href="$classFeatureExtraction.html#2d8b8706a12d747daced5c3f51a3ffb4" title="FeatureExtraction::getPoolSize" alt="" coords="629,485,832,512">
<area shape="rect" href="$classFeatureExtraction.html#08066055c72027445feee3776cf97c57" title="FeatureExtraction::getVectorSize" alt="" coords="624,536,837,563">
<area shape="rect" href="$classFeaturePool.html#acd8b32da914d2acba21a9fd87cdd65b" title="FeaturePool::readHeader_ShoutFormat" alt="" coords="607,587,855,613">
<area shape="rect" href="$classFeaturePool.html#1dc6ed177d2ec01fb750fb1105c6b9c6" title="FeaturePool::readHeader_TextFormat" alt="" coords="612,637,849,664">
<area shape="rect" href="$classMixGaussian.html#2a1299e119c9ad5d27bdff037445ca95" title="MixGaussian::getKLDistance" alt="" coords="636,891,825,917">
<area shape="rect" href="$classMixGaussian.html#e0e58173c75b93e75fe0d0cd797aa5ac" title="MixGaussian::getLogP" alt="" coords="655,1853,807,1880">
<area shape="rect" href="$classFeaturePool.html#06b7dc277561d3ca0792b8a8f37011e3" title="FeaturePool::getVectorList" alt="" coords="643,941,819,968">
<area shape="rect" href="$classTrainPhoneModel.html#19bb93fa2cef4db65aa9e729b25eb575" title="TrainPhoneModel::count" alt="" coords="651,1701,811,1728">
<area shape="rect" href="$classFeaturePool.html#ba6b8369709a70a6a605186a2ee0b662" title="FeaturePool::getCurSegmentStart" alt="" coords="623,1752,839,1779">
<area shape="rect" href="$classGaussian.html#93c4ec3d1fd3657685dcd00791f1ff1f" title="Gaussian::getLogP" alt="" coords="665,1245,796,1272">
<area shape="rect" href="$classMixGaussian.html#b797fccd63c3dd6bbf1a6d3cfcc36ded" title="MixGaussian::getNumberOfGaussians" alt="" coords="931,1727,1173,1753">
<area shape="rect" href="$classTrainPhoneModel.html#c476f2ef29a0e41a88429c4eccc32cb6" title="TrainPhoneModel::getTrainSilP" alt="" coords="631,1296,831,1323">
<area shape="rect" href="$classVector.html#655ea1b7c88bc1ac4abc406b81aa1df1" title="Vector::getValue" alt="" coords="673,1347,788,1373">
<area shape="rect" href="$classTrainPhoneModel.html#422b0b2ed23ed30507f26d09d5fe5652" title="TrainPhoneModel::maxNrOfGaussians" alt="" coords="609,1803,852,1829">
<area shape="rect" href="$classVector.html#79c4e0d12cfbe79723538c50ef3eaa46" title="Vector::multiplyVector" alt="" coords="657,1397,804,1424">
<area shape="rect" href="$classMixGaussian.html#302468bdab3bb8b3c7c613f066f2d232" title="MixGaussian::splitAllGaussians" alt="" coords="628,1448,833,1475">
