<area shape="rect" href="$classFeaturePool.html#645debcbb64e53ce1429f296decb0756" title="FeaturePool::claimSegmentationID" alt="" coords="295,124,519,151">
<area shape="rect" href="$classFeaturePool.html#a35c0036e264976f7138510aab69c82d" title="FeaturePool::resetSegmentation" alt="" coords="664,73,872,100">
<area shape="rect" href="$classSegmenter.html#a003fcf047548885bf583bfa81141bb2" title="Segmenter::createSegments" alt="" coords="313,276,500,303">
<area shape="rect" href="$classFeaturePool.html#8005effc2d5dda3334c4d9e975a99495" title="FeaturePool::freeSegmentationID" alt="" coords="300,73,513,100">
<area shape="rect" href="$classFeaturePool.html#ba6b8369709a70a6a605186a2ee0b662" title="FeaturePool::getCurSegmentStart" alt="" coords="299,225,515,252">
<area shape="rect" href="$classFeaturePool.html#d006ac79715763ace03627af6f17431a" title="FeaturePool::getFirstVectorFirstSegmentList" alt="" coords="267,377,547,404">
<area shape="rect" href="$classFeaturePool.html#06b7dc277561d3ca0792b8a8f37011e3" title="FeaturePool::getVectorList" alt="" coords="680,377,856,404">
<area shape="rect" href="$classFeaturePool.html#b9a92d0aeddf3dde97b2469a214881f4" title="FeaturePool::getFirstVectorNextSegmentList" alt="" coords="267,327,547,353">
<area shape="rect" href="$classFeaturePool.html#9d59e90f53ceecbed3d3f45c4205d272" title="FeaturePool::getNextVectorList" alt="" coords="305,428,508,455">
<area shape="rect" href="$classLexicalTree.html#fd2374d1d8fe60b5a21f82b76dc1b482" title="LexicalTree::initialiseTree" alt="" coords="323,845,491,872">
<area shape="rect" href="$classLexicalTree.html#e62eeb3a5d83689e9bbfb61f248e1ac1" title="LexicalTree::processVector" alt="" coords="317,693,496,720">
<area shape="rect" href="$classFeaturePool.html#b71d4c22bc2d6d5caae3e8d251067d91" title="FeaturePool::segmentationIntersection" alt="" coords="284,175,529,201">
<area shape="rect" href="$classFeaturePool.html#8c0ed77e3346c05e7582244fcc57f5b7" title="FeaturePool::startTimeStamp" alt="" coords="311,896,503,923">
<area shape="rect" href="$classFeaturePool.html#a5c677036c6a83444eb65b963c7e375f" title="FeaturePool::addSegment" alt="" coords="683,149,853,176">
<area shape="rect" href="$classFeaturePool.html#a04ad15e8588afd8bb621a0336f47020" title="FeaturePool::addSegmentToFront" alt="" coords="660,251,876,277">
<area shape="rect" href="$classLexicalTree.html#a84bfd4292ddde70f6a23d5d91c5351c" title="LexicalTree::findBestToken" alt="" coords="679,301,857,328">
<area shape="rect" href="$classFeaturePool.html#17fbcca7c5a9dc77bbc9b0531e3c3cf7" title="FeaturePool::getCurSegmentLen" alt="" coords="663,200,873,227">
<area shape="rect" href="$classLexicalTree.html#02cc74b614905bc1ddebe62f39b378b0" title="LexicalTree::getAlignmentString" alt="" coords="1053,187,1259,213">
<area shape="rect" href="$classLexicalTree.html#c9a0a77da27cc0ea2b0909f4e89868a6" title="LexicalTree::getBestGrammarEndToken" alt="" coords="1031,237,1281,264">
<area shape="rect" href="$classLanguageModel.html#168bc246c96770aaa007bd7b7e0575a6" title="LanguageModel::getP" alt="" coords="1636,364,1783,391">
<area shape="rect" href="$classPhoneModel.html#65bd5531a7fb6720fb94ad75000727ac" title="PhoneModel::getStatistics" alt="" coords="1376,187,1549,213">
<area shape="rect" href="$classLanguageModel.html#a6e0ed067259f66f5ac83bdbf071fd9e" title="LanguageModel::get4GramP" alt="" coords="1864,364,2051,391">
<area shape="rect" href="$classLexicalTree.html#411bee725dc31e74483c5e9b3cf3362a" title="LexicalTree::copyLMHistory" alt="" coords="1619,668,1800,695">
<area shape="rect" href="$classLexicalTree.html#d79099cc5db0acadcc798a280df65733" title="LexicalTree::initialiseSystem" alt="" coords="675,1251,861,1277">
<area shape="rect" href="$classLexicalTree.html#2d34e3b180c83b45e5af57edc1542533" title="LexicalTree::deleteLatticeAdmin" alt="" coords="1053,1301,1259,1328">
<area shape="rect" href="$classLexicalTree.html#4858a4860118c196581325c42a48cddc" title="LexicalTree::deleteLookAheadList" alt="" coords="1048,1352,1264,1379">
<area shape="rect" href="$classLexicalTree.html#035edfe384bde9f753a202fc4a982cfe" title="LexicalTree::deleteNodes" alt="" coords="1072,1251,1240,1277">
<area shape="rect" href="$classPhoneModel.html#14ea672b72ed10617c1aee2f490c5cc2" title="PhoneModel::initialiseToken" alt="" coords="1371,1149,1555,1176">
<area shape="rect" href="$classPhoneModel.html#7adb4ff6a419b4144f0e4a3a7119b9b2" title="PhoneModel::initialisePhonePath" alt="" coords="1604,1099,1815,1125">
<area shape="rect" href="$classLexicalTree.html#a3735612c4743a648679844ec1bffa01" title="LexicalTree::initialiseNode" alt="" coords="1071,1200,1241,1227">
<area shape="rect" href="$classLexicalTree.html#2f913cd90f54299de65d45548eca9f89" title="LexicalTree::printTokenDistribution" alt="" coords="659,744,877,771">
<area shape="rect" href="$classLexicalTree.html#01b2dfce9d71030d36db1dba18db5974" title="LexicalTree::processVector_administrationCleanup" alt="" coords="612,1023,924,1049">
<area shape="rect" href="$classLexicalTree.html#97a5e33e6a6d7280e688dd15f1544dff" title="LexicalTree::processVector_LMLAReordering" alt="" coords="628,504,908,531">
<area shape="rect" href="$classLexicalTree.html#40db667a0d2ae65d17c385c5cfb99930" title="LexicalTree::processVector_processNodes" alt="" coords="635,592,901,619">
<area shape="rect" href="$classLexicalTree.html#03fa6fec9af642749abf3de1610439a5" title="LexicalTree::processVector_prune_processNodesOutput" alt="" coords="595,693,941,720">
<area shape="rect" href="$classLexicalTree.html#f00ca5e3ee7b7c0cd572740035d1046a" title="LexicalTree::processVector_pruneLM" alt="" coords="651,845,885,872">
<area shape="rect" href="$classLexicalTree.html#33a42e34fa49a5f4166491d489cc9181" title="LexicalTree::pruneLMLA" alt="" coords="1076,997,1236,1024">
<area shape="rect" href="$classLexicalTree.html#3593f2c8158ab235eb1e4b26e85c382f" title="LexicalTree::updateStats" alt="" coords="1073,1048,1239,1075">
<area shape="rect" href="$classLexicalTree.html#4067e9f7323618597f38bef8aa3fe890" title="LexicalTree::getLMLATable" alt="" coords="1375,339,1551,365">
<area shape="rect" href="$classLexicalTree.html#bd4d0101d910a5959acc33cc3a3b904c" title="LexicalTree::addNodeToList" alt="" coords="1372,567,1553,593">
<area shape="rect" href="$classLexicalTree.html#aef2ed8ba796b71c1edbb12756b3fc50" title="LexicalTree::createActiveNodesList" alt="" coords="1043,491,1269,517">
<area shape="rect" href="$classVector.html#404404666ae6a250bd227c0a2b56fa3b" title="Vector::len" alt="" coords="1115,592,1197,619">
<area shape="rect" href="$classLexicalTree.html#e5032bc00a250ec8391b962657175868" title="LexicalTree::processNode" alt="" coords="1071,389,1241,416">
<area shape="rect" href="$classLexicalTree.html#1a889d686cc33420f8b8f0760ed58c6e" title="LexicalTree::processVector_LMLAReordering_prepare" alt="" coords="991,339,1321,365">
<area shape="rect" href="$classLexicalTree.html#c7f34385403053dbb935e87aadb95603" title="LexicalTree::processWord" alt="" coords="1377,643,1548,669">
<area shape="rect" href="$classLexicalTree.html#83c5902b6a41f7801e45c3f8b6f8b45d" title="LexicalTree::pruneToken" alt="" coords="1075,845,1237,872">
<area shape="rect" href="$classPhoneModel.html#7a306898450d5dda73bdb31d53d3d250" title="PhoneModel::touchPDF" alt="" coords="1076,440,1236,467">
<area shape="rect" href="$classLexicalTree.html#3e9c7c712486539a2a2b1f40c3607283" title="LexicalTree::touchWLRs" alt="" coords="1381,744,1544,771">
<area shape="rect" href="$classLexicalTree.html#4d9f4a2dc0dadbb050d61e7344440bfd" title="LexicalTree::processNodeOutput" alt="" coords="1051,693,1261,720">
