<area shape="rect" href="$classPhoneModel.html#07cc81fd18c76d148030f121e3d4363c" title="PhoneModel::addChain" alt="" coords="501,37,656,64">
<area shape="rect" href="$classPhoneModel.html#9b843a31bc5f4cad0e396eb9b0ad0f59" title="PhoneModel::copyPhonePath" alt="" coords="735,63,927,89">
<area shape="rect" href="$classPhoneModel.html#807fc3e71b5924c655ab4a10c6e234a3" title="PhoneModel::addChain_lmla" alt="" coords="237,37,424,64">
<area shape="rect" href="$classMixGaussian.html#e0e58173c75b93e75fe0d0cd797aa5ac" title="MixGaussian::getLogP" alt="" coords="255,145,407,172">
<area shape="rect" href="$classPhoneModel.html#7adb4ff6a419b4144f0e4a3a7119b9b2" title="PhoneModel::initialisePhonePath" alt="" coords="473,291,684,317">
<area shape="rect" href="$classPhoneModel.html#14ea672b72ed10617c1aee2f490c5cc2" title="PhoneModel::initialiseToken" alt="" coords="239,284,423,311">
<area shape="rect" href="$classMixGaussian.html#8a94cd8be9810a1b9af97d45b24b4524" title="MixGaussian::dim" alt="" coords="516,139,641,165">
<area shape="rect" href="$classVector.html#a0978557568573ad6a4dd7d464971bc6" title="Vector::getVectorArray" alt="" coords="503,189,655,216">
<area shape="rect" href="$namespaceFastMath.html#52503617b4ae9fce99b06160ff974a38" title="FastMath::log" alt="" coords="528,240,629,267">
