<area shape="rect" href="$classFeaturePool.html#a5c677036c6a83444eb65b963c7e375f" title="FeaturePool::addSegment" alt="" coords="1147,444,1317,471">
<area shape="rect" href="$classFeaturePool.html#645debcbb64e53ce1429f296decb0756" title="FeaturePool::claimSegmentationID" alt="" coords="840,1103,1064,1129">
<area shape="rect" href="$classFeaturePool.html#a35c0036e264976f7138510aab69c82d" title="FeaturePool::resetSegmentation" alt="" coords="1128,571,1336,597">
<area shape="rect" href="$classFeaturePool.html#8403ffabb84b1d802d4e186243c45004" title="FeaturePool::concatSegmentation" alt="" coords="260,292,479,319">
<area shape="rect" href="$classSegmenter.html#5aea7d0d9ec8320191e77a476f185d13" title="Segmenter::createLexicalTree" alt="" coords="272,241,467,268">
<area shape="rect" href="$classFeaturePool.html#f1ec7e6285f8cf1c2cb0fd5b33ded68f" title="FeaturePool::createUEMSegmentation" alt="" coords="831,343,1073,369">
<area shape="rect" href="$classShoutSegment.html#2b20b66e1be05894b6e288e503227284" title="ShoutSegment::doSAD_noGarbage" alt="" coords="256,849,483,876">
<area shape="rect" href="$classFeaturePool.html#e68c20c72c8740da3fa8f87f23c09bb8" title="FeaturePool::getClusterLength" alt="" coords="557,647,755,673">
<area shape="rect" href="$classFeaturePool.html#dd0f7f05c2816e70a844e346ad647dd2" title="FeaturePool::getVectorSize" alt="" coords="567,697,745,724">
<area shape="rect" href="$classFeaturePool.html#52543c3331b5453d3dc7e7711a83b749" title="FeaturePool::segmentationCopy" alt="" coords="848,393,1056,420">
<area shape="rect" href="$classFeaturePool.html#4e7d4bfa4489ed0a7def6a26ec1e6897" title="FeaturePool::getFirstVectorFirstSegment" alt="" coords="1612,1609,1871,1636">
<area shape="rect" href="$classFeaturePool.html#095ca925d176bed975f8bf086285b3c9" title="FeaturePool::getFirstVectorNextSegment" alt="" coords="1612,1153,1871,1180">
<area shape="rect" href="$classFeaturePool.html#224dd69f82292fadb414403edf5c4563" title="FeaturePool::getSegmentID" alt="" coords="1651,1787,1832,1813">
<area shape="rect" href="$classSegmenter.html#a0ef33e250c045296f944be6e853d626" title="Segmenter::segmentFeaturePool" alt="" coords="551,849,761,876">
<area shape="rect" href="$classFeaturePool.html#17fbcca7c5a9dc77bbc9b0531e3c3cf7" title="FeaturePool::getCurSegmentLen" alt="" coords="1127,1660,1337,1687">
<area shape="rect" href="$classFeaturePool.html#ba6b8369709a70a6a605186a2ee0b662" title="FeaturePool::getCurSegmentStart" alt="" coords="1124,1407,1340,1433">
<area shape="rect" href="$classFeaturePool.html#b71d4c22bc2d6d5caae3e8d251067d91" title="FeaturePool::segmentationIntersection" alt="" coords="829,444,1075,471">
<area shape="rect" href="$classTrainPhoneModel.html#b13416a69018cf2b061ba007fbe8b580" title="TrainPhoneModel::setTrainingData" alt="" coords="547,1045,765,1072">
<area shape="rect" href="$classShoutSegment.html#ef6fad2ee9085e23da27f237d1bc0598" title="ShoutSegment::trainModel" alt="" coords="568,1457,744,1484">
<area shape="rect" href="$classTrainPhoneModel.html#89f3ab08cf2bbb32bf0bca2d50d87979" title="TrainPhoneModel::train" alt="" coords="875,1711,1029,1737">
<area shape="rect" href="$classTrainPhoneModel.html#c476f2ef29a0e41a88429c4eccc32cb6" title="TrainPhoneModel::getTrainSilP" alt="" coords="1132,1559,1332,1585">
<area shape="rect" href="$classFeaturePool.html#fb8dcf16be31758b62fd4c74316e6332" title="FeaturePool::filterShortSegments" alt="" coords="263,1660,476,1687">
<area shape="rect" href="$classFeaturePool.html#ae594521f0b681d41361ac97a0105500" title="FeaturePool::getPoolLength" alt="" coords="279,1711,460,1737">
<area shape="rect" href="$classFeaturePool.html#1f7124bd1f686e06da9869a567acdb78" title="FeaturePool::maxSegmentLength" alt="" coords="261,1761,477,1788">
<area shape="rect" href="$classFeaturePool.html#7bb357ea2c24ca6774eacafd1f1198b1" title="FeaturePool::mergeLabels" alt="" coords="283,1812,456,1839">
<area shape="rect" href="$classFeaturePool.html#8b0b95a505b94a6e26f4220eaf231733" title="FeaturePool::removeLowEnergy" alt="" coords="553,1305,759,1332">
<area shape="rect" href="$classFeaturePool.html#2355f485b70c64abac90849f2ba5e45a" title="FeaturePool::retrieveEnergy" alt="" coords="277,1913,461,1940">
<area shape="rect" href="$classFeaturePool.html#4d010ad65ab084d061228151fe508c04" title="FeaturePool::splitOnEnergy" alt="" coords="279,1508,460,1535">
<area shape="rect" href="$classFeaturePool.html#b22153998ef4dc5d6b765a2b73b70244" title="FeaturePool::writeRTTM" alt="" coords="288,2015,451,2041">
<area shape="rect" href="$classLexicalTree.html#1002353f04ff5ab10ee0d47b6f9cf59f" title="LexicalTree::deleteTree" alt="" coords="579,241,733,268">
<area shape="rect" href="$classLexicalTree.html#d79099cc5db0acadcc798a280df65733" title="LexicalTree::initialiseSystem" alt="" coords="1139,216,1325,243">
<area shape="rect" href="$classPhoneModel.html#1542d72e7801698b4b3a67eb2f52f00c" title="PhoneModel::resetPhoneAdmin" alt="" coords="555,140,757,167">
<area shape="rect" href="$classPhoneModel.html#b19fcacf0ed5edf7adc1fd703d39ec36" title="PhoneModel::setSilTrans" alt="" coords="573,191,739,217">
<area shape="rect" href="$classFeaturePool.html#d7c977eac5c4fdfa38020810d031bd65" title="FeaturePool::segmentationSubset" alt="" coords="843,1204,1061,1231">
<area shape="rect" href="$classFeaturePool.html#b45d6c4737e91e3761fc54f9f9647b5c" title="FeaturePool::getNextVector" alt="" coords="1651,1356,1832,1383">
<area shape="rect" href="$classFeaturePool.html#d006ac79715763ace03627af6f17431a" title="FeaturePool::getFirstVectorFirstSegmentList" alt="" coords="1920,1052,2200,1079">
<area shape="rect" href="$classFeaturePool.html#06b7dc277561d3ca0792b8a8f37011e3" title="FeaturePool::getVectorList" alt="" coords="2248,951,2424,977">
<area shape="rect" href="$classFeaturePool.html#b9a92d0aeddf3dde97b2469a214881f4" title="FeaturePool::getFirstVectorNextSegmentList" alt="" coords="1920,900,2200,927">
<area shape="rect" href="$classFeaturePool.html#9d59e90f53ceecbed3d3f45c4205d272" title="FeaturePool::getNextVectorList" alt="" coords="1959,1001,2161,1028">
<area shape="rect" href="$classSegmenter.html#a003fcf047548885bf583bfa81141bb2" title="Segmenter::createSegments" alt="" coords="859,849,1045,876">
<area shape="rect" href="$classFeaturePool.html#8005effc2d5dda3334c4d9e975a99495" title="FeaturePool::freeSegmentationID" alt="" coords="845,596,1059,623">
<area shape="rect" href="$classLexicalTree.html#fd2374d1d8fe60b5a21f82b76dc1b482" title="LexicalTree::initialiseTree" alt="" coords="868,799,1036,825">
<area shape="rect" href="$classLexicalTree.html#e62eeb3a5d83689e9bbfb61f248e1ac1" title="LexicalTree::processVector" alt="" coords="863,748,1041,775">
<area shape="rect" href="$classFeaturePool.html#8c0ed77e3346c05e7582244fcc57f5b7" title="FeaturePool::startTimeStamp" alt="" coords="856,697,1048,724">
<area shape="rect" href="$classVector.html#655ea1b7c88bc1ac4abc406b81aa1df1" title="Vector::getValue" alt="" coords="1175,1457,1289,1484">
<area shape="rect" href="$classTrainPhoneModel.html#506f11534e023e27784a125fc6f0dc89" title="TrainPhoneModel::getSilP" alt="" coords="1391,1508,1561,1535">
<area shape="rect" href="$classFeaturePool.html#06951bef5dca8fed0c7077ee41e44990" title="FeaturePool::getAverageEnergy" alt="" coords="849,1559,1055,1585">
<area shape="rect" href="$classFeatureExtraction.html#d66612f0794d6f18e2f17dc2fbc8034b" title="FeatureExtraction::doFeatureExtraction" alt="" coords="532,1863,780,1889">
<area shape="rect" href="$classFeatureExtraction.html#b3fdda8ea49d5295774a06f5f62c4724" title="FeatureExtraction::getPool" alt="" coords="568,1913,744,1940">
