<area shape="rect" href="$classLexicalTree.html#2ab2b5edfe84a4c25af4b8222e0dfdd4" title="LexicalTree::borrowPhoneString" alt="" coords="207,56,409,83">
<area shape="rect" href="$classLexicalTree.html#1002353f04ff5ab10ee0d47b6f9cf59f" title="LexicalTree::deleteTree" alt="" coords="231,157,385,184">
<area shape="rect" href="$classLexicalTree.html#d79099cc5db0acadcc798a280df65733" title="LexicalTree::initialiseSystem" alt="" coords="215,208,401,235">
<area shape="rect" href="$classLexicalTree.html#fc90c7e380d3335e48e53f56fe00164d" title="LexicalTree::setNodeContext" alt="" coords="215,259,401,285">
<area shape="rect" href="$classLexicalTree.html#adfbd8ae4079bed50fcc8dad76c75de9" title="LexicalTree::getPhoneString" alt="" coords="475,5,659,32">
<area shape="rect" href="$classLexicalTree.html#aba7476526e6aede4a2a6782ff286d41" title="LexicalTree::getWordID" alt="" coords="489,56,644,83">
<area shape="rect" href="$classLexicalTree.html#2d34e3b180c83b45e5af57edc1542533" title="LexicalTree::deleteLatticeAdmin" alt="" coords="464,107,669,133">
<area shape="rect" href="$classLexicalTree.html#4858a4860118c196581325c42a48cddc" title="LexicalTree::deleteLookAheadList" alt="" coords="459,157,675,184">
<area shape="rect" href="$classLexicalTree.html#035edfe384bde9f753a202fc4a982cfe" title="LexicalTree::deleteNodes" alt="" coords="483,208,651,235">
<area shape="rect" href="$classPhoneModel.html#14ea672b72ed10617c1aee2f490c5cc2" title="PhoneModel::initialiseToken" alt="" coords="723,284,907,311">
<area shape="rect" href="$classPhoneModel.html#7adb4ff6a419b4144f0e4a3a7119b9b2" title="PhoneModel::initialisePhonePath" alt="" coords="956,323,1167,349">
<area shape="rect" href="$classLexicalTree.html#a3735612c4743a648679844ec1bffa01" title="LexicalTree::initialiseNode" alt="" coords="481,309,652,336">
