<area shape="rect" href="$namespaceWriteFileLittleBigEndian.html#87cd888460175b3af6636ebc6ef53bc8" title="WriteFileLittleBigEndian::freadEndianSafe" alt="" coords="491,24,755,51">
<area shape="rect" href="$classLexicalTree.html#8578617ce57cb0b1f4a05829ad291cd6" title="LexicalTree::overwritePrunePars" alt="" coords="225,49,433,76">
<area shape="rect" href="$classLexicalTree.html#1b7d44f3bb9e41b860f0c5eaeee33e11" title="LexicalTree::overwriteWeightPars" alt="" coords="223,100,436,127">
<area shape="rect" href="$classLexicalTree.html#725dc6aff06562ca0ab184ad2a857f0c" title="LexicalTree::readTree" alt="" coords="257,151,401,177">
<area shape="rect" href="$classLexicalTree.html#6a78cb0654165d1d2995b37e3090d1b1" title="LexicalTree::setTreeStartEndMatrix" alt="" coords="217,201,441,228">
<area shape="rect" href="$lexicaltree_8cpp.html#7eb5d483ac2ba9c5255cb57e75336d60" title="thread_pdfCalculation" alt="" coords="256,303,403,329">
<area shape="rect" href="$classLexicalTree.html#9c6e7771b0599d769c88531e952a6028" title="LexicalTree::prepareLMLACreation" alt="" coords="513,100,732,127">
<area shape="rect" href="$classLexicalTree.html#8f50021bc1d2ecfa43ee12c5c24a9f0d" title="LexicalTree::setDepthLevel" alt="" coords="533,151,712,177">
<area shape="rect" href="$classLexicalTree.html#7ff1852fcd24ab4c3c12b301422b5a6a" title="LexicalTree::setNodeLocationPars" alt="" coords="513,201,732,228">
<area shape="rect" href="$lexicaltree_8cpp.html#5d4a3243e932a1cf21c428e0ef3f681f" title="thread_lmlaCalculation" alt="" coords="547,252,699,279">
<area shape="rect" href="$classMixGaussian.html#070a1b51b9e579f3ad9353f02a4285a3" title="MixGaussian::getLookaheadLogP" alt="" coords="515,303,731,329">
<area shape="rect" href="$classMixGaussian.html#b797fccd63c3dd6bbf1a6d3cfcc36ded" title="MixGaussian::getNumberOfGaussians" alt="" coords="501,353,744,380">
<area shape="rect" href="$classMixGaussian.html#8a94cd8be9810a1b9af97d45b24b4524" title="MixGaussian::dim" alt="" coords="804,277,929,304">
<area shape="rect" href="$namespaceFastMath.html#52503617b4ae9fce99b06160ff974a38" title="FastMath::log" alt="" coords="816,328,917,355">
