<area shape="rect" href="$classFeaturePool.html#e68c20c72c8740da3fa8f87f23c09bb8" title="FeaturePool::getClusterLength" alt="" coords="292,183,489,209">
<area shape="rect" href="$classFeaturePool.html#dd0f7f05c2816e70a844e346ad647dd2" title="FeaturePool::getVectorSize" alt="" coords="301,233,480,260">
<area shape="rect" href="$classFeaturePool.html#a35c0036e264976f7138510aab69c82d" title="FeaturePool::resetSegmentation" alt="" coords="1179,461,1387,488">
<area shape="rect" href="$classFeaturePool.html#52543c3331b5453d3dc7e7711a83b749" title="FeaturePool::segmentationCopy" alt="" coords="835,689,1043,716">
<area shape="rect" href="$classFeaturePool.html#d7c977eac5c4fdfa38020810d031bd65" title="FeaturePool::segmentationSubset" alt="" coords="549,993,768,1020">
<area shape="rect" href="$classSegmenter.html#a0ef33e250c045296f944be6e853d626" title="Segmenter::segmentFeaturePool" alt="" coords="553,487,764,513">
<area shape="rect" href="$classTrainPhoneModel.html#b13416a69018cf2b061ba007fbe8b580" title="TrainPhoneModel::setTrainingData" alt="" coords="281,689,500,716">
<area shape="rect" href="$classShoutSegment.html#ef6fad2ee9085e23da27f237d1bc0598" title="ShoutSegment::trainModel" alt="" coords="303,639,479,665">
<area shape="rect" href="$classFeaturePool.html#a5c677036c6a83444eb65b963c7e375f" title="FeaturePool::addSegment" alt="" coords="1197,689,1368,716">
<area shape="rect" href="$classFeaturePool.html#4e7d4bfa4489ed0a7def6a26ec1e6897" title="FeaturePool::getFirstVectorFirstSegment" alt="" coords="1153,1272,1412,1299">
<area shape="rect" href="$classFeaturePool.html#095ca925d176bed975f8bf086285b3c9" title="FeaturePool::getFirstVectorNextSegment" alt="" coords="1153,1208,1412,1235">
<area shape="rect" href="$classPhoneModel.html#8a911011bcdb85e902876f8104820fa5" title="PhoneModel::getLogPDFProbability" alt="" coords="825,943,1052,969">
<area shape="rect" href="$classFeaturePool.html#b45d6c4737e91e3761fc54f9f9647b5c" title="FeaturePool::getNextVector" alt="" coords="848,1044,1029,1071">
<area shape="rect" href="$classFeaturePool.html#224dd69f82292fadb414403edf5c4563" title="FeaturePool::getSegmentID" alt="" coords="1192,1399,1373,1425">
<area shape="rect" href="$classFeaturePool.html#d006ac79715763ace03627af6f17431a" title="FeaturePool::getFirstVectorFirstSegmentList" alt="" coords="1504,892,1784,919">
<area shape="rect" href="$classFeaturePool.html#06b7dc277561d3ca0792b8a8f37011e3" title="FeaturePool::getVectorList" alt="" coords="1832,841,2008,868">
<area shape="rect" href="$classFeaturePool.html#b9a92d0aeddf3dde97b2469a214881f4" title="FeaturePool::getFirstVectorNextSegmentList" alt="" coords="1504,791,1784,817">
<area shape="rect" href="$classMixGaussian.html#e0e58173c75b93e75fe0d0cd797aa5ac" title="MixGaussian::getLogP" alt="" coords="1207,1019,1359,1045">
<area shape="rect" href="$namespaceFastMath.html#52503617b4ae9fce99b06160ff974a38" title="FastMath::log" alt="" coords="1593,1348,1695,1375">
<area shape="rect" href="$classFeaturePool.html#9d59e90f53ceecbed3d3f45c4205d272" title="FeaturePool::getNextVectorList" alt="" coords="1181,931,1384,957">
<area shape="rect" href="$classFeaturePool.html#645debcbb64e53ce1429f296decb0756" title="FeaturePool::claimSegmentationID" alt="" coords="827,335,1051,361">
<area shape="rect" href="$classSegmenter.html#a003fcf047548885bf583bfa81141bb2" title="Segmenter::createSegments" alt="" coords="845,791,1032,817">
<area shape="rect" href="$classFeaturePool.html#8005effc2d5dda3334c4d9e975a99495" title="FeaturePool::freeSegmentationID" alt="" coords="832,385,1045,412">
<area shape="rect" href="$classFeaturePool.html#ba6b8369709a70a6a605186a2ee0b662" title="FeaturePool::getCurSegmentStart" alt="" coords="831,993,1047,1020">
<area shape="rect" href="$classLexicalTree.html#fd2374d1d8fe60b5a21f82b76dc1b482" title="LexicalTree::initialiseTree" alt="" coords="855,56,1023,83">
<area shape="rect" href="$classLexicalTree.html#e62eeb3a5d83689e9bbfb61f248e1ac1" title="LexicalTree::processVector" alt="" coords="849,233,1028,260">
<area shape="rect" href="$classFeaturePool.html#b71d4c22bc2d6d5caae3e8d251067d91" title="FeaturePool::segmentationIntersection" alt="" coords="816,537,1061,564">
<area shape="rect" href="$classFeaturePool.html#8c0ed77e3346c05e7582244fcc57f5b7" title="FeaturePool::startTimeStamp" alt="" coords="843,487,1035,513">
<area shape="rect" href="$classFeaturePool.html#a04ad15e8588afd8bb621a0336f47020" title="FeaturePool::addSegmentToFront" alt="" coords="1175,740,1391,767">
<area shape="rect" href="$classLexicalTree.html#a84bfd4292ddde70f6a23d5d91c5351c" title="LexicalTree::findBestToken" alt="" coords="1193,791,1372,817">
<area shape="rect" href="$classFeaturePool.html#17fbcca7c5a9dc77bbc9b0531e3c3cf7" title="FeaturePool::getCurSegmentLen" alt="" coords="1177,1145,1388,1172">
<area shape="rect" href="$classLexicalTree.html#411bee725dc31e74483c5e9b3cf3362a" title="LexicalTree::copyLMHistory" alt="" coords="1192,5,1373,32">
<area shape="rect" href="$classLexicalTree.html#d79099cc5db0acadcc798a280df65733" title="LexicalTree::initialiseSystem" alt="" coords="1189,56,1376,83">
<area shape="rect" href="$classLexicalTree.html#2f913cd90f54299de65d45548eca9f89" title="LexicalTree::printTokenDistribution" alt="" coords="1173,157,1392,184">
<area shape="rect" href="$classLexicalTree.html#01b2dfce9d71030d36db1dba18db5974" title="LexicalTree::processVector_administrationCleanup" alt="" coords="1127,208,1439,235">
<area shape="rect" href="$classLexicalTree.html#97a5e33e6a6d7280e688dd15f1544dff" title="LexicalTree::processVector_LMLAReordering" alt="" coords="1143,259,1423,285">
<area shape="rect" href="$classLexicalTree.html#40db667a0d2ae65d17c385c5cfb99930" title="LexicalTree::processVector_processNodes" alt="" coords="1149,309,1416,336">
<area shape="rect" href="$classLexicalTree.html#03fa6fec9af642749abf3de1610439a5" title="LexicalTree::processVector_prune_processNodesOutput" alt="" coords="1109,360,1456,387">
<area shape="rect" href="$classLexicalTree.html#f00ca5e3ee7b7c0cd572740035d1046a" title="LexicalTree::processVector_pruneLM" alt="" coords="1165,411,1400,437">
<area shape="rect" href="$classTrainPhoneModel.html#89f3ab08cf2bbb32bf0bca2d50d87979" title="TrainPhoneModel::train" alt="" coords="581,1500,736,1527">
<area shape="rect" href="$classTrainPhoneModel.html#4053b2771b78a3a1643a09e8fc1db0a9" title="TrainPhoneModel::baumWelch" alt="" coords="840,1348,1037,1375">
<area shape="rect" href="$classTrainPhoneModel.html#19bb93fa2cef4db65aa9e729b25eb575" title="TrainPhoneModel::count" alt="" coords="859,1905,1019,1932">
<area shape="rect" href="$classGaussian.html#93c4ec3d1fd3657685dcd00791f1ff1f" title="Gaussian::getLogP" alt="" coords="873,1449,1004,1476">
<area shape="rect" href="$classMixGaussian.html#b797fccd63c3dd6bbf1a6d3cfcc36ded" title="MixGaussian::getNumberOfGaussians" alt="" coords="1161,1728,1404,1755">
<area shape="rect" href="$classTrainPhoneModel.html#c476f2ef29a0e41a88429c4eccc32cb6" title="TrainPhoneModel::getTrainSilP" alt="" coords="839,1601,1039,1628">
<area shape="rect" href="$classVector.html#655ea1b7c88bc1ac4abc406b81aa1df1" title="Vector::getValue" alt="" coords="881,1652,996,1679">
<area shape="rect" href="$classTrainPhoneModel.html#422b0b2ed23ed30507f26d09d5fe5652" title="TrainPhoneModel::maxNrOfGaussians" alt="" coords="817,1703,1060,1729">
<area shape="rect" href="$classVector.html#79c4e0d12cfbe79723538c50ef3eaa46" title="Vector::multiplyVector" alt="" coords="865,1804,1012,1831">
<area shape="rect" href="$classMixGaussian.html#302468bdab3bb8b3c7c613f066f2d232" title="MixGaussian::splitAllGaussians" alt="" coords="836,1855,1041,1881">
