<area shape="rect" href="$classVector.html#9fe5995f7a6a904db2d66f632bfd5a80" title="Vector::addElements" alt="" coords="251,355,392,381">
<area shape="rect" href="$classVector.html#404404666ae6a250bd227c0a2b56fa3b" title="Vector::len" alt="" coords="689,253,772,280">
<area shape="rect" href="$classGaussian.html#ff5086463d6ba6de5202104c3a9013c8" title="Gaussian::calculateCP" alt="" coords="244,456,399,483">
<area shape="rect" href="$namespaceFastMath.html#52503617b4ae9fce99b06160ff974a38" title="FastMath::log" alt="" coords="520,557,621,584">
<area shape="rect" href="$classGaussian.html#6e47fb4a7c8333a56fd01ab4d68ad7fd" title="Gaussian::enterTrainingMode" alt="" coords="227,164,416,191">
<area shape="rect" href="$classVector.html#06658e90211e89fee5633be129edddcb" title="Vector::setAllValues" alt="" coords="501,203,640,229">
<area shape="rect" href="$namespaceWriteFileLittleBigEndian.html#87cd888460175b3af6636ebc6ef53bc8" title="WriteFileLittleBigEndian::freadEndianSafe" alt="" coords="189,557,453,584">
<area shape="rect" href="$classVector.html#ecccea9a9bc8764ae877c4f4b8ca4b6c" title="Vector::getDeterminant" alt="" coords="244,608,399,635">
<area shape="rect" href="$classVector.html#910def32bdfac1b5625e5c3bedce4f6c" title="Vector::minimizeElements" alt="" coords="235,659,408,685">
<area shape="rect" href="$classVector.html#003aaeb9799aacc44135927eed3c6675" title="Vector::multiplyElements" alt="" coords="239,405,404,432">
<area shape="rect" href="$classVector.html#c065e56f8b5db8093289016d1dcabf43" title="Vector::substractElements" alt="" coords="233,304,409,331">
<area shape="rect" href="$classVector.html#5a9d755c2cd52d45dab09fb3924b5c32" title="Vector::Vector" alt="" coords="519,304,623,331">
<area shape="rect" href="$classVector.html#655ea1b7c88bc1ac4abc406b81aa1df1" title="Vector::getValue" alt="" coords="513,507,628,533">
<area shape="rect" href="$classGaussian.html#857664edb9d21bc3ca7e32783e0f9964" title="Gaussian::dim" alt="" coords="519,101,623,128">
