<area shape="rect" href="$classMixGaussian.html#ef0fb957ae4ed4eb28036ea022ee8542" title="MixGaussian::MixGaussian" alt="" coords="291,132,472,159">
<area shape="rect" href="$classMixGaussian.html#cf807f9e9fbe446832bf4a1ff544bc2b" title="MixGaussian::initializeFastCalc" alt="" coords="521,132,724,159">
<area shape="rect" href="$classMixGaussian.html#8a94cd8be9810a1b9af97d45b24b4524" title="MixGaussian::dim" alt="" coords="787,5,912,32">
<area shape="rect" href="$classGaussian.html#c742925e3be0e13faeccdd2134d35b68" title="Gaussian::getCP" alt="" coords="789,56,909,83">
<area shape="rect" href="$classGaussian.html#5448a381c1cb9a6dcd17b41f8474850f" title="Gaussian::getMean" alt="" coords="783,107,916,133">
<area shape="rect" href="$classVector.html#655ea1b7c88bc1ac4abc406b81aa1df1" title="Vector::getValue" alt="" coords="792,157,907,184">
<area shape="rect" href="$classGaussian.html#d6a0c6972a3a4bcd36d726be5318ea22" title="Gaussian::getVariance" alt="" coords="773,208,925,235">
<area shape="rect" href="$namespaceFastMath.html#52503617b4ae9fce99b06160ff974a38" title="FastMath::log" alt="" coords="799,259,900,285">
