<area shape="rect" href="$classTrainPhoneModel.html#89f3ab08cf2bbb32bf0bca2d50d87979" title="TrainPhoneModel::train" alt="" coords="229,1115,384,1141">
<area shape="rect" href="$classTrainPhoneModel.html#4053b2771b78a3a1643a09e8fc1db0a9" title="TrainPhoneModel::baumWelch" alt="" coords="456,557,653,584">
<area shape="rect" href="$classFeaturePool.html#17fbcca7c5a9dc77bbc9b0531e3c3cf7" title="FeaturePool::getCurSegmentLen" alt="" coords="743,329,953,356">
<area shape="rect" href="$classFeaturePool.html#4e7d4bfa4489ed0a7def6a26ec1e6897" title="FeaturePool::getFirstVectorFirstSegment" alt="" coords="1020,203,1279,229">
<area shape="rect" href="$classFeaturePool.html#095ca925d176bed975f8bf086285b3c9" title="FeaturePool::getFirstVectorNextSegment" alt="" coords="1020,267,1279,293">
<area shape="rect" href="$classFeaturePool.html#224dd69f82292fadb414403edf5c4563" title="FeaturePool::getSegmentID" alt="" coords="1059,601,1240,628">
<area shape="rect" href="$namespaceFastMath.html#52503617b4ae9fce99b06160ff974a38" title="FastMath::log" alt="" coords="1675,792,1776,819">
<area shape="rect" href="$classMixGaussian.html#64938a70fda49b8e21f72d157ca8643c" title="MixGaussian::train" alt="" coords="783,1039,913,1065">
<area shape="rect" href="$classGaussian.html#7cf7ca138f6800b24660661bccfa1ed1" title="Gaussian::train" alt="" coords="1095,1197,1204,1224">
<area shape="rect" href="$classMixGaussian.html#5c0e6d17c5af98b62969428587231eb4" title="MixGaussian::trainFinish" alt="" coords="765,988,931,1015">
<area shape="rect" href="$classVector.html#655ea1b7c88bc1ac4abc406b81aa1df1" title="Vector::getValue" alt="" coords="1668,1197,1783,1224">
<area shape="rect" href="$classGaussian.html#af6bdf166ad6f83243ae644651d8d6d3" title="Gaussian::trainFinish" alt="" coords="1077,1147,1221,1173">
<area shape="rect" href="$classTrainPhoneModel.html#19bb93fa2cef4db65aa9e729b25eb575" title="TrainPhoneModel::count" alt="" coords="475,1552,635,1579">
<area shape="rect" href="$classFeaturePool.html#ba6b8369709a70a6a605186a2ee0b662" title="FeaturePool::getCurSegmentStart" alt="" coords="740,1089,956,1116">
<area shape="rect" href="$classGaussian.html#93c4ec3d1fd3657685dcd00791f1ff1f" title="Gaussian::getLogP" alt="" coords="489,1603,620,1629">
<area shape="rect" href="$classFeaturePool.html#b45d6c4737e91e3761fc54f9f9647b5c" title="FeaturePool::getNextVector" alt="" coords="1059,76,1240,103">
<area shape="rect" href="$classMixGaussian.html#b797fccd63c3dd6bbf1a6d3cfcc36ded" title="MixGaussian::getNumberOfGaussians" alt="" coords="727,1679,969,1705">
<area shape="rect" href="$classTrainPhoneModel.html#c476f2ef29a0e41a88429c4eccc32cb6" title="TrainPhoneModel::getTrainSilP" alt="" coords="455,304,655,331">
<area shape="rect" href="$classTrainPhoneModel.html#422b0b2ed23ed30507f26d09d5fe5652" title="TrainPhoneModel::maxNrOfGaussians" alt="" coords="433,1704,676,1731">
<area shape="rect" href="$classVector.html#79c4e0d12cfbe79723538c50ef3eaa46" title="Vector::multiplyVector" alt="" coords="481,1501,628,1528">
<area shape="rect" href="$classMixGaussian.html#302468bdab3bb8b3c7c613f066f2d232" title="MixGaussian::splitAllGaussians" alt="" coords="745,1241,951,1268">
<area shape="rect" href="$classMixGaussian.html#e10fad190cb9b7169b91cddc265d5f0c" title="MixGaussian::splitBestGaussian" alt="" coords="743,1191,953,1217">
<area shape="rect" href="$classTrainPhoneModel.html#51abc7e460dbb9a39ddae6589dcfe41c" title="TrainPhoneModel::viterbi" alt="" coords="473,836,636,863">
<area shape="rect" href="$classFeaturePool.html#00d7e2a39987bae75a4550cfe897c520" title="FeaturePool::getCurSegmentVector" alt="" coords="735,684,961,711">
<area shape="rect" href="$classMixGaussian.html#a47a9651e401686d819af8087dabe8af" title="MixGaussian::getP" alt="" coords="783,532,913,559">
<area shape="rect" href="$classFeaturePool.html#93a7fd529c6b7210b5b0f9801bcc3188" title="FeaturePool::getCurSegmentVectorList" alt="" coords="1025,703,1273,729">
<area shape="rect" href="$classFeaturePool.html#d006ac79715763ace03627af6f17431a" title="FeaturePool::getFirstVectorFirstSegmentList" alt="" coords="1328,203,1608,229">
<area shape="rect" href="$classFeaturePool.html#b9a92d0aeddf3dde97b2469a214881f4" title="FeaturePool::getFirstVectorNextSegmentList" alt="" coords="1328,267,1608,293">
<area shape="rect" href="$classMixGaussian.html#8a94cd8be9810a1b9af97d45b24b4524" title="MixGaussian::dim" alt="" coords="1405,640,1531,667">
<area shape="rect" href="$classVector.html#6b329b99de14828749fb35efab233987" title="Vector::getKey" alt="" coords="1096,500,1203,527">
<area shape="rect" href="$classVector.html#9fe5995f7a6a904db2d66f632bfd5a80" title="Vector::addElements" alt="" coords="1397,1400,1539,1427">
<area shape="rect" href="$classGaussian.html#6e47fb4a7c8333a56fd01ab4d68ad7fd" title="Gaussian::enterTrainingMode" alt="" coords="1373,1096,1563,1123">
<area shape="rect" href="$classVector.html#404404666ae6a250bd227c0a2b56fa3b" title="Vector::len" alt="" coords="1684,1299,1767,1325">
<area shape="rect" href="$classVector.html#06658e90211e89fee5633be129edddcb" title="Vector::setAllValues" alt="" coords="1656,1071,1795,1097">
<area shape="rect" href="$classGaussian.html#15adf90d7366d1a82632c6f2940c9751" title="Gaussian::getTrainingDenominator" alt="" coords="1040,1068,1259,1095">
<area shape="rect" href="$classMixGaussian.html#cf807f9e9fbe446832bf4a1ff544bc2b" title="MixGaussian::initializeFastCalc" alt="" coords="1048,951,1251,977">
<area shape="rect" href="$classGaussian.html#ff5086463d6ba6de5202104c3a9013c8" title="Gaussian::calculateCP" alt="" coords="1391,1197,1545,1224">
<area shape="rect" href="$classVector.html#ecccea9a9bc8764ae877c4f4b8ca4b6c" title="Vector::getDeterminant" alt="" coords="1391,1147,1545,1173">
<area shape="rect" href="$classVector.html#910def32bdfac1b5625e5c3bedce4f6c" title="Vector::minimizeElements" alt="" coords="1381,995,1555,1021">
<area shape="rect" href="$classVector.html#003aaeb9799aacc44135927eed3c6675" title="Vector::multiplyElements" alt="" coords="1385,1349,1551,1376">
<area shape="rect" href="$classVector.html#c065e56f8b5db8093289016d1dcabf43" title="Vector::substractElements" alt="" coords="1380,1299,1556,1325">
<area shape="rect" href="$classMixGaussian.html#8c2d698bdf2e54575a27f4a29c42c442" title="MixGaussian::count" alt="" coords="780,1552,916,1579">
<area shape="rect" href="$classVector.html#6fa88947aad730c72d43aaad65c99b28" title="Vector::calculateEPart" alt="" coords="772,1603,924,1629">
<area shape="rect" href="$classFeaturePool.html#9d59e90f53ceecbed3d3f45c4205d272" title="FeaturePool::getNextVectorList" alt="" coords="1367,76,1569,103">
<area shape="rect" href="$classTrainPhoneModel.html#506f11534e023e27784a125fc6f0dc89" title="TrainPhoneModel::getSilP" alt="" coords="763,228,933,255">
<area shape="rect" href="$classMixGaussian.html#e0e58173c75b93e75fe0d0cd797aa5ac" title="MixGaussian::getLogP" alt="" coords="1073,652,1225,679">
<area shape="rect" href="$classGaussian.html#45ebb10e9c18b34efea8eb0d65fa15f8" title="Gaussian::shiftMean" alt="" coords="1079,1248,1220,1275">
<area shape="rect" href="$classFeaturePool.html#a5c677036c6a83444eb65b963c7e375f" title="FeaturePool::addSegment" alt="" coords="763,937,933,964">
<area shape="rect" href="$classFeaturePool.html#a35c0036e264976f7138510aab69c82d" title="FeaturePool::resetSegmentation" alt="" coords="744,836,952,863">
