<area shape="rect" href="$classVector.html#6b329b99de14828749fb35efab233987" title="Vector::getKey" alt="" coords="408,5,515,32">
<area shape="rect" href="$classMixGaussian.html#a47a9651e401686d819af8087dabe8af" title="MixGaussian::getP" alt="" coords="185,56,316,83">
<area shape="rect" href="$classGaussian.html#7cf7ca138f6800b24660661bccfa1ed1" title="Gaussian::train" alt="" coords="196,157,305,184">
<area shape="rect" href="$classMixGaussian.html#8a94cd8be9810a1b9af97d45b24b4524" title="MixGaussian::dim" alt="" coords="399,56,524,83">
<area shape="rect" href="$classVector.html#a0978557568573ad6a4dd7d464971bc6" title="Vector::getVectorArray" alt="" coords="385,107,537,133">
<area shape="rect" href="$classVector.html#9fe5995f7a6a904db2d66f632bfd5a80" title="Vector::addElements" alt="" coords="391,157,532,184">
<area shape="rect" href="$classGaussian.html#6e47fb4a7c8333a56fd01ab4d68ad7fd" title="Gaussian::enterTrainingMode" alt="" coords="367,233,556,260">
<area shape="rect" href="$classVector.html#404404666ae6a250bd227c0a2b56fa3b" title="Vector::len" alt="" coords="793,208,876,235">
<area shape="rect" href="$classVector.html#5a9d755c2cd52d45dab09fb3924b5c32" title="Vector::Vector" alt="" coords="623,157,727,184">
<area shape="rect" href="$classGaussian.html#857664edb9d21bc3ca7e32783e0f9964" title="Gaussian::dim" alt="" coords="623,259,727,285">
<area shape="rect" href="$classVector.html#06658e90211e89fee5633be129edddcb" title="Vector::setAllValues" alt="" coords="605,309,744,336">
