<area shape="rect" href="$classGaussian.html#97ad9c89b7307ec0835890b19c6d2b68" title="Gaussian::adapt_setInitialNode" alt="" coords="277,107,480,133">
<area shape="rect" href="$classGaussian.html#6e47fb4a7c8333a56fd01ab4d68ad7fd" title="Gaussian::enterTrainingMode" alt="" coords="687,81,876,108">
<area shape="rect" href="$classGaussian.html#7cf7ca138f6800b24660661bccfa1ed1" title="Gaussian::train" alt="" coords="528,132,637,159">
<area shape="rect" href="$classGaussian.html#857664edb9d21bc3ca7e32783e0f9964" title="Gaussian::dim" alt="" coords="943,5,1047,32">
<area shape="rect" href="$classVector.html#404404666ae6a250bd227c0a2b56fa3b" title="Vector::len" alt="" coords="1113,56,1196,83">
<area shape="rect" href="$classVector.html#06658e90211e89fee5633be129edddcb" title="Vector::setAllValues" alt="" coords="925,107,1064,133">
<area shape="rect" href="$classVector.html#9fe5995f7a6a904db2d66f632bfd5a80" title="Vector::addElements" alt="" coords="711,157,852,184">
<area shape="rect" href="$classVector.html#5a9d755c2cd52d45dab09fb3924b5c32" title="Vector::Vector" alt="" coords="943,208,1047,235">
