<area shape="rect" href="$classFeatureExtraction.html#d66612f0794d6f18e2f17dc2fbc8034b" title="FeatureExtraction::doFeatureExtraction" alt="" coords="239,385,487,412">
<area shape="rect" href="$classFeatureExtraction.html#b3fdda8ea49d5295774a06f5f62c4724" title="FeatureExtraction::getPool" alt="" coords="275,436,451,463">
<area shape="rect" href="$classFeatureExtraction.html#a15017dfcd9a391f01217736ede42a6b" title="FeatureExtraction::calculateDelta" alt="" coords="877,157,1091,184">
<area shape="rect" href="$classVector.html#730800d75efb18753c6df540330f2e66" title="Vector::setValue" alt="" coords="1211,5,1325,32">
<area shape="rect" href="$classFeatureExtraction.html#95e7d0a6452e1f2776b4735e3598e5bb" title="FeatureExtraction::createFeaturesUntilFrame" alt="" coords="536,436,819,463">
<area shape="rect" href="$classFeatureExtraction.html#2ec190c6323e5fd65b8a0471bfa2c851" title="FeatureExtraction::readAudioWindow" alt="" coords="1151,107,1385,133">
<area shape="rect" href="$classVector.html#f2a4306cd00b9ea1539e7688b2023deb" title="Vector::divideElements" alt="" coords="907,259,1061,285">
<area shape="rect" href="$classVector.html#cf8fcb8e5533664ee03eaf6f2bf9ec18" title="Vector::sqrtElements" alt="" coords="912,411,1056,437">
<area shape="rect" href="$classVector.html#c065e56f8b5db8093289016d1dcabf43" title="Vector::substractElements" alt="" coords="1180,563,1356,589">
<area shape="rect" href="$classGaussian.html#af6bdf166ad6f83243ae644651d8d6d3" title="Gaussian::trainFinish" alt="" coords="912,639,1056,665">
<area shape="rect" href="$classFeatureExtraction.html#e12e6c88ff9919ca50fab0c753c45ea6" title="FeatureExtraction::finishExtraction" alt="" coords="567,335,788,361">
<area shape="rect" href="$namespaceStringFunctions.html#fea2b8026f46c75c48893a23c1622411" title="StringFunctions::splitList" alt="" coords="595,664,760,691">
<area shape="rect" href="$classVector.html#54d1a243bf3786ed5fdef07f9ffb32ee" title="Vector::storeFloatData" alt="" coords="601,715,753,741">
<area shape="rect" href="$classVector.html#655ea1b7c88bc1ac4abc406b81aa1df1" title="Vector::getValue" alt="" coords="1509,208,1624,235">
<area shape="rect" href="$classFeatureExtraction.html#478a5dd2889d696a88cea1a225c7ffb8" title="FeatureExtraction::createMfccFrame" alt="" coords="867,309,1101,336">
<area shape="rect" href="$classGaussian.html#7cf7ca138f6800b24660661bccfa1ed1" title="Gaussian::train" alt="" coords="929,512,1039,539">
<area shape="rect" href="$classFFTReal.html#aef06fd9a9f9e070c5a64b8c4191c1b7" title="FFTReal::do_fft" alt="" coords="1212,259,1324,285">
<area shape="rect" href="$classVector.html#003aaeb9799aacc44135927eed3c6675" title="Vector::multiplyElements" alt="" coords="1185,411,1351,437">
<area shape="rect" href="$classFFTReal.html#bf221c16cff2a4787765f4258c567a3a" title="FFTReal::rescale" alt="" coords="1208,360,1328,387">
<area shape="rect" href="$classFFTReal_1_1TrigoLUT.html#a58188ba3be2e2bbbcad320c13b1e8c7" title="FFTReal::TrigoLUT::get_ptr" alt="" coords="1479,259,1655,285">
<area shape="rect" href="$classFFTReal_1_1BitReversedLUT.html#ca1e9be872431b46b6d6d854f0fc71e6" title="FFTReal::BitReversedLUT::get_ptr" alt="" coords="1457,309,1676,336">
<area shape="rect" href="$classVector.html#404404666ae6a250bd227c0a2b56fa3b" title="Vector::len" alt="" coords="1748,563,1831,589">
<area shape="rect" href="$classVector.html#5a9d755c2cd52d45dab09fb3924b5c32" title="Vector::Vector" alt="" coords="1515,436,1619,463">
<area shape="rect" href="$namespaceWriteFileLittleBigEndian.html#87cd888460175b3af6636ebc6ef53bc8" title="WriteFileLittleBigEndian::freadEndianSafe" alt="" coords="1435,107,1699,133">
<area shape="rect" href="$classVector.html#9fe5995f7a6a904db2d66f632bfd5a80" title="Vector::addElements" alt="" coords="1197,512,1339,539">
<area shape="rect" href="$classGaussian.html#6e47fb4a7c8333a56fd01ab4d68ad7fd" title="Gaussian::enterTrainingMode" alt="" coords="1173,613,1363,640">
<area shape="rect" href="$classGaussian.html#857664edb9d21bc3ca7e32783e0f9964" title="Gaussian::dim" alt="" coords="1515,588,1619,615">
<area shape="rect" href="$classVector.html#06658e90211e89fee5633be129edddcb" title="Vector::setAllValues" alt="" coords="1497,689,1636,716">
<area shape="rect" href="$classGaussian.html#ff5086463d6ba6de5202104c3a9013c8" title="Gaussian::calculateCP" alt="" coords="1191,867,1345,893">
<area shape="rect" href="$namespaceFastMath.html#52503617b4ae9fce99b06160ff974a38" title="FastMath::log" alt="" coords="1516,905,1617,932">
<area shape="rect" href="$classVector.html#ecccea9a9bc8764ae877c4f4b8ca4b6c" title="Vector::getDeterminant" alt="" coords="1191,816,1345,843">
<area shape="rect" href="$classVector.html#910def32bdfac1b5625e5c3bedce4f6c" title="Vector::minimizeElements" alt="" coords="1181,715,1355,741">
