<area shape="rect" href="$classMixGaussian.html#f835dea4506e0939baccaee94505b08a" title="MixGaussian::adapt_setNode" alt="" coords="243,60,435,87">
<area shape="rect" href="$classGaussian.html#82cbf64dfbcebe79d2f95ce2a25a6b69" title="Gaussian::adapt_setNode" alt="" coords="484,60,655,87">
<area shape="rect" href="$classGaussian.html#6e47fb4a7c8333a56fd01ab4d68ad7fd" title="Gaussian::enterTrainingMode" alt="" coords="865,60,1055,87">
<area shape="rect" href="$classGaussian.html#87987f09d29e1c5fc5239dc133372db5" title="Gaussian::getP" alt="" coords="704,9,816,36">
<area shape="rect" href="$classGaussian.html#7cf7ca138f6800b24660661bccfa1ed1" title="Gaussian::train" alt="" coords="705,111,815,137">
<area shape="rect" href="$classGaussian.html#857664edb9d21bc3ca7e32783e0f9964" title="Gaussian::dim" alt="" coords="1121,85,1225,112">
<area shape="rect" href="$classVector.html#404404666ae6a250bd227c0a2b56fa3b" title="Vector::len" alt="" coords="1292,85,1375,112">
<area shape="rect" href="$classVector.html#06658e90211e89fee5633be129edddcb" title="Vector::setAllValues" alt="" coords="1104,35,1243,61">
<area shape="rect" href="$classVector.html#6fa88947aad730c72d43aaad65c99b28" title="Vector::calculateEPart" alt="" coords="884,9,1036,36">
<area shape="rect" href="$classVector.html#9fe5995f7a6a904db2d66f632bfd5a80" title="Vector::addElements" alt="" coords="889,136,1031,163">
<area shape="rect" href="$classVector.html#5a9d755c2cd52d45dab09fb3924b5c32" title="Vector::Vector" alt="" coords="1121,136,1225,163">
