<area shape="rect" href="$classMixGaussian.html#4ce0b356b8c2a0c6286e6376b751b997" title="MixGaussian::adapt_adapt" alt="" coords="227,208,403,235">
<area shape="rect" href="$classGaussian.html#0edd88ff352cd5b2327b9c1253f240e8" title="Gaussian::adapt_adapt" alt="" coords="452,208,607,235">
<area shape="rect" href="$classVector.html#56f94938dad0d6eef488454ee18b320a" title="Vector::copyVector" alt="" coords="687,56,817,83">
<area shape="rect" href="$classGaussian.html#6e47fb4a7c8333a56fd01ab4d68ad7fd" title="Gaussian::enterTrainingMode" alt="" coords="657,132,847,159">
<area shape="rect" href="$classVector.html#404404666ae6a250bd227c0a2b56fa3b" title="Vector::len" alt="" coords="1084,107,1167,133">
<area shape="rect" href="$classVector.html#655ea1b7c88bc1ac4abc406b81aa1df1" title="Vector::getValue" alt="" coords="695,259,809,285">
<area shape="rect" href="$classVector.html#730800d75efb18753c6df540330f2e66" title="Vector::setValue" alt="" coords="695,309,809,336">
<area shape="rect" href="$classVector.html#5a9d755c2cd52d45dab09fb3924b5c32" title="Vector::Vector" alt="" coords="913,5,1017,32">
<area shape="rect" href="$classGaussian.html#857664edb9d21bc3ca7e32783e0f9964" title="Gaussian::dim" alt="" coords="913,56,1017,83">
<area shape="rect" href="$classVector.html#06658e90211e89fee5633be129edddcb" title="Vector::setAllValues" alt="" coords="896,157,1035,184">
