<area shape="rect" href="$classMixGaussian.html#27fbbad387507a4f4f929dcc90fae458" title="MixGaussian::adapt_setInitialNode" alt="" coords="275,107,499,133">
<area shape="rect" href="$classGaussian.html#97ad9c89b7307ec0835890b19c6d2b68" title="Gaussian::adapt_setInitialNode" alt="" coords="547,107,749,133">
<area shape="rect" href="$classGaussian.html#6e47fb4a7c8333a56fd01ab4d68ad7fd" title="Gaussian::enterTrainingMode" alt="" coords="956,81,1145,108">
<area shape="rect" href="$classGaussian.html#7cf7ca138f6800b24660661bccfa1ed1" title="Gaussian::train" alt="" coords="797,132,907,159">
<area shape="rect" href="$classGaussian.html#857664edb9d21bc3ca7e32783e0f9964" title="Gaussian::dim" alt="" coords="1212,5,1316,32">
<area shape="rect" href="$classVector.html#404404666ae6a250bd227c0a2b56fa3b" title="Vector::len" alt="" coords="1383,56,1465,83">
<area shape="rect" href="$classVector.html#06658e90211e89fee5633be129edddcb" title="Vector::setAllValues" alt="" coords="1195,107,1333,133">
<area shape="rect" href="$classVector.html#9fe5995f7a6a904db2d66f632bfd5a80" title="Vector::addElements" alt="" coords="980,157,1121,184">
<area shape="rect" href="$classVector.html#5a9d755c2cd52d45dab09fb3924b5c32" title="Vector::Vector" alt="" coords="1212,208,1316,235">
