<area shape="rect" href="$classPhoneModel.html#61d3733a0714fd28ff7607ec3059012b" title="PhoneModel::adapt_adapt" alt="" coords="331,272,501,299">
<area shape="rect" href="$classPhoneModel.html#f09f77a4c3e0d94de4832771240980ff" title="PhoneModel::adapt_clear" alt="" coords="673,323,841,349">
<area shape="rect" href="$classPhoneModel.html#19162e61dce0771f2710419a5fed0ef1" title="PhoneModel::adapt_setInitialNode" alt="" coords="307,373,525,400">
<area shape="rect" href="$classPhoneModel.html#c64de911c64a8cc2c8f93e9205fc3260" title="PhoneModel::dim" alt="" coords="355,424,477,451">
<area shape="rect" href="$classPhoneModel.html#034467a6372305b40013f70ca6185ac5" title="PhoneModel::isSilModel" alt="" coords="336,475,496,501">
<area shape="rect" href="$classAdapt__AM__TreeNode.html#48e2d95462859a758292bf5405cfeadd" title="Adapt_AM_TreeNode::setHelperMatrices_1" alt="" coords="280,211,552,237">
<area shape="rect" href="$classAdapt__AM__TreeNode.html#a5f8d31c1b818f5497637c7c9b4f0273" title="Adapt_AM_TreeNode::setHelperMatrices_2" alt="" coords="280,549,552,576">
<area shape="rect" href="$classMixGaussian.html#4ce0b356b8c2a0c6286e6376b751b997" title="MixGaussian::adapt_adapt" alt="" coords="669,272,845,299">
<area shape="rect" href="$classGaussian.html#0edd88ff352cd5b2327b9c1253f240e8" title="Gaussian::adapt_adapt" alt="" coords="1299,247,1453,273">
<area shape="rect" href="$classVector.html#56f94938dad0d6eef488454ee18b320a" title="Vector::copyVector" alt="" coords="1569,189,1700,216">
<area shape="rect" href="$classGaussian.html#6e47fb4a7c8333a56fd01ab4d68ad7fd" title="Gaussian::enterTrainingMode" alt="" coords="1540,392,1729,419">
<area shape="rect" href="$classVector.html#404404666ae6a250bd227c0a2b56fa3b" title="Vector::len" alt="" coords="1967,341,2049,368">
<area shape="rect" href="$classVector.html#655ea1b7c88bc1ac4abc406b81aa1df1" title="Vector::getValue" alt="" coords="1577,139,1692,165">
<area shape="rect" href="$classVector.html#730800d75efb18753c6df540330f2e66" title="Vector::setValue" alt="" coords="1577,240,1692,267">
<area shape="rect" href="$classVector.html#5a9d755c2cd52d45dab09fb3924b5c32" title="Vector::Vector" alt="" coords="1796,189,1900,216">
<area shape="rect" href="$classGaussian.html#857664edb9d21bc3ca7e32783e0f9964" title="Gaussian::dim" alt="" coords="1796,443,1900,469">
<area shape="rect" href="$classVector.html#06658e90211e89fee5633be129edddcb" title="Vector::setAllValues" alt="" coords="1779,341,1917,368">
<area shape="rect" href="$classMixGaussian.html#1d7c95fdb5f2bbd433f3779f3c34d25d" title="MixGaussian::adapt_clear" alt="" coords="1003,335,1173,361">
<area shape="rect" href="$classGaussian.html#1a8a5a2fecbe9d91872150b101259d0e" title="Gaussian::adapt_clear" alt="" coords="1300,341,1452,368">
<area shape="rect" href="$classMixGaussian.html#27fbbad387507a4f4f929dcc90fae458" title="MixGaussian::adapt_setInitialNode" alt="" coords="645,392,869,419">
<area shape="rect" href="$classGaussian.html#97ad9c89b7307ec0835890b19c6d2b68" title="Gaussian::adapt_setInitialNode" alt="" coords="987,392,1189,419">
<area shape="rect" href="$classGaussian.html#7cf7ca138f6800b24660661bccfa1ed1" title="Gaussian::train" alt="" coords="1321,443,1431,469">
<area shape="rect" href="$classVector.html#9fe5995f7a6a904db2d66f632bfd5a80" title="Vector::addElements" alt="" coords="1564,443,1705,469">
<area shape="rect" href="$classPhoneModel.html#2de4b6f2d451ea88b5e9d7fdb523724d" title="PhoneModel::adapt_setHelperMatrices" alt="" coords="635,123,880,149">
<area shape="rect" href="$classAdapt__AM__TreeNode.html#d5c0e32f6032923a1cb33ac38f2390db" title="Adapt_AM_TreeNode::iterate_setHelperMatrices_1" alt="" coords="600,211,915,237">
<area shape="rect" href="$classMixGaussian.html#ba6dcc4c658c2201b0919c4b43e18643" title="MixGaussian::adapt_setHelperMatrices" alt="" coords="964,116,1212,143">
<area shape="rect" href="$classGaussian.html#e9ec363ce42eeadf05d4ee147e7b6bf5" title="Gaussian::adapt_setHelperMatrices" alt="" coords="1263,113,1489,140">
<area shape="rect" href="$classVector.html#f2a4306cd00b9ea1539e7688b2023deb" title="Vector::divideElements" alt="" coords="1557,37,1712,64">
