<area shape="rect" href="$classVector.html#9fe5995f7a6a904db2d66f632bfd5a80" title="Vector::addElements" alt="" coords="244,77,385,104">
<area shape="rect" href="$classVector.html#404404666ae6a250bd227c0a2b56fa3b" title="Vector::len" alt="" coords="671,179,753,205">
<area shape="rect" href="$classVector.html#3c58bbc300473f644779640f6454ccbf" title="Vector::addValue" alt="" coords="255,533,375,560">
<area shape="rect" href="$classVector.html#f2a4306cd00b9ea1539e7688b2023deb" title="Vector::divideElements" alt="" coords="237,128,392,155">
<area shape="rect" href="$classGaussian.html#87987f09d29e1c5fc5239dc133372db5" title="Gaussian::getP" alt="" coords="259,584,371,611">
<area shape="rect" href="$classVector.html#655ea1b7c88bc1ac4abc406b81aa1df1" title="Vector::getValue" alt="" coords="655,483,769,509">
<area shape="rect" href="$classVector.html#003aaeb9799aacc44135927eed3c6675" title="Vector::multiplyElements" alt="" coords="232,229,397,256">
<area shape="rect" href="$classVector.html#06658e90211e89fee5633be129edddcb" title="Vector::setAllValues" alt="" coords="459,381,597,408">
<area shape="rect" href="$classGaussian.html#ba5300f1d1f7fdda813a85aa7c4405e4" title="Gaussian::setMean" alt="" coords="248,432,381,459">
<area shape="rect" href="$classVector.html#730800d75efb18753c6df540330f2e66" title="Vector::setValue" alt="" coords="257,635,372,661">
<area shape="rect" href="$classGaussian.html#7873718562ca0794bc735eebf7b66ce8" title="Gaussian::setVariance" alt="" coords="239,381,391,408">
<area shape="rect" href="$classVector.html#cf8fcb8e5533664ee03eaf6f2bf9ec18" title="Vector::sqrtElements" alt="" coords="243,179,387,205">
<area shape="rect" href="$classVector.html#c065e56f8b5db8093289016d1dcabf43" title="Vector::substractElements" alt="" coords="227,280,403,307">
<area shape="rect" href="$classVector.html#5a9d755c2cd52d45dab09fb3924b5c32" title="Vector::Vector" alt="" coords="476,179,580,205">
<area shape="rect" href="$classVector.html#6fa88947aad730c72d43aaad65c99b28" title="Vector::calculateEPart" alt="" coords="452,584,604,611">
<area shape="rect" href="$classGaussian.html#ff5086463d6ba6de5202104c3a9013c8" title="Gaussian::calculateCP" alt="" coords="451,432,605,459">
<area shape="rect" href="$namespaceFastMath.html#52503617b4ae9fce99b06160ff974a38" title="FastMath::log" alt="" coords="661,432,763,459">
