<area shape="rect" href="$classPhoneModel.html#4eae31f5c8b89fdaf544681a1acb7dc9" title="PhoneModel::adapt_addAcumulatorData" alt="" coords="209,171,463,197">
<area shape="rect" href="$classLexicalTree.html#a84bfd4292ddde70f6a23d5d91c5351c" title="LexicalTree::findBestToken" alt="" coords="247,247,425,273">
<area shape="rect" href="$classMixGaussian.html#64938a70fda49b8e21f72d157ca8643c" title="MixGaussian::train" alt="" coords="573,157,704,184">
<area shape="rect" href="$classGaussian.html#7cf7ca138f6800b24660661bccfa1ed1" title="Gaussian::train" alt="" coords="852,157,961,184">
<area shape="rect" href="$classVector.html#9fe5995f7a6a904db2d66f632bfd5a80" title="Vector::addElements" alt="" coords="1075,157,1216,184">
<area shape="rect" href="$classGaussian.html#6e47fb4a7c8333a56fd01ab4d68ad7fd" title="Gaussian::enterTrainingMode" alt="" coords="1051,81,1240,108">
<area shape="rect" href="$classVector.html#404404666ae6a250bd227c0a2b56fa3b" title="Vector::len" alt="" coords="1597,107,1680,133">
<area shape="rect" href="$classVector.html#5a9d755c2cd52d45dab09fb3924b5c32" title="Vector::Vector" alt="" coords="1335,208,1439,235">
<area shape="rect" href="$classGaussian.html#857664edb9d21bc3ca7e32783e0f9964" title="Gaussian::dim" alt="" coords="1335,107,1439,133">
<area shape="rect" href="$classVector.html#06658e90211e89fee5633be129edddcb" title="Vector::setAllValues" alt="" coords="1317,5,1456,32">
<area shape="rect" href="$classLexicalTree.html#02cc74b614905bc1ddebe62f39b378b0" title="LexicalTree::getAlignmentString" alt="" coords="536,208,741,235">
<area shape="rect" href="$classLexicalTree.html#c9a0a77da27cc0ea2b0909f4e89868a6" title="LexicalTree::getBestGrammarEndToken" alt="" coords="513,259,764,285">
<area shape="rect" href="$classLanguageModel.html#168bc246c96770aaa007bd7b7e0575a6" title="LanguageModel::getP" alt="" coords="565,360,712,387">
<area shape="rect" href="$classPhoneModel.html#65bd5531a7fb6720fb94ad75000727ac" title="PhoneModel::getStatistics" alt="" coords="820,208,993,235">
<area shape="rect" href="$classLanguageModel.html#a6e0ed067259f66f5ac83bdbf071fd9e" title="LanguageModel::get4GramP" alt="" coords="813,461,1000,488">
<area shape="rect" href="$classLanguageModel.html#3057f5e9224051b37ed25ebb5ab80012" title="LanguageModel::getBiGramIndex" alt="" coords="1532,385,1745,412">
<area shape="rect" href="$classLanguageModel.html#144ee5b048897744fb6bcd0f7285da88" title="LanguageModel::getTriGramP" alt="" coords="1049,411,1241,437">
<area shape="rect" href="$classLanguageModel.html#85e9cdf67f634063420116afb9717371" title="LanguageModel::getBiGramP" alt="" coords="1291,309,1483,336">
<area shape="rect" href="$classLanguageModel.html#2daf4f3ed2541e31092eb138e1394ee0" title="LanguageModel::getUniGramP" alt="" coords="1540,284,1737,311">
<area shape="rect" href="$classLanguageModel.html#b6f56f29754c6f9114b0cb4d70922a61" title="LanguageModel::getTriGramIndex" alt="" coords="1531,487,1747,513">
<area shape="rect" href="$classLanguageModel.html#d7896ecf9c29381ab48158f2b1e71b1c" title="LanguageModel::get4GramIndex" alt="" coords="1535,436,1743,463">
<area shape="rect" href="$classLanguageModel.html#6e34864c3cfb7e793493cfb9000432ef" title="LanguageModel::compareKeys" alt="" coords="1795,461,1995,488">
<area shape="rect" href="$classHash.html#48ff494c63622766b15ae6f56ac86411" title="Hash::getIndex" alt="" coords="1840,411,1949,437">
