<area shape="rect" href="$classFeaturePool.html#645debcbb64e53ce1429f296decb0756" title="FeaturePool::claimSegmentationID" alt="" coords="263,5,487,32">
<area shape="rect" href="$classFeaturePool.html#e68c20c72c8740da3fa8f87f23c09bb8" title="FeaturePool::getClusterLength" alt="" coords="276,56,473,83">
<area shape="rect" href="$classFeaturePool.html#98d38067e346df9b9c1ad054e1f33425" title="FeaturePool::getNumberOfSpeakers" alt="" coords="259,107,491,133">
<area shape="rect" href="$classFeaturePool.html#c5ec3bae8208ebd73d36bf13dd4baf88" title="FeaturePool::getSpeakerID" alt="" coords="285,157,464,184">
<area shape="rect" href="$classFeaturePool.html#dd0f7f05c2816e70a844e346ad647dd2" title="FeaturePool::getVectorSize" alt="" coords="285,208,464,235">
<area shape="rect" href="$classFeaturePool.html#cedb49fd2be121fedddc68a50cbe1694" title="FeaturePool::readRTTM" alt="" coords="295,283,455,309">
<area shape="rect" href="$classPhoneModel.html#16ddfc6f5db37f02f69d363e7945c6b1" title="PhoneModel::writeModel" alt="" coords="293,333,456,360">
<area shape="rect" href="$classFeaturePool.html#a35c0036e264976f7138510aab69c82d" title="FeaturePool::resetSegmentation" alt="" coords="555,119,763,145">
<area shape="rect" href="$namespaceStringFunctions.html#fea2b8026f46c75c48893a23c1622411" title="StringFunctions::splitList" alt="" coords="576,283,741,309">
<area shape="rect" href="$classPhoneModel.html#0a60f995588fa56fa9815035f3f9a7f6" title="PhoneModel::getNumberOfGaussians" alt="" coords="539,333,779,360">
<area shape="rect" href="$classMixGaussian.html#9507bf90ec74136e151ecef9bbe52bf9" title="MixGaussian::storeData" alt="" coords="579,384,739,411">
<area shape="rect" href="$classMixGaussian.html#b797fccd63c3dd6bbf1a6d3cfcc36ded" title="MixGaussian::getNumberOfGaussians" alt="" coords="828,333,1071,360">
<area shape="rect" href="$classGaussian.html#66059a7d6b06ada196b92b0dc872e878" title="Gaussian::storeData" alt="" coords="880,384,1019,411">
<area shape="rect" href="$classVector.html#e6aa28a3a024fd2501dfd316ec74b61e" title="Vector::storeData" alt="" coords="1120,384,1243,411">
