<area shape="rect" href="$classFeatureExtraction.html#a15017dfcd9a391f01217736ede42a6b" title="FeatureExtraction::calculateDelta" alt="" coords="645,157,859,184">
<area shape="rect" href="$classVector.html#730800d75efb18753c6df540330f2e66" title="Vector::setValue" alt="" coords="979,5,1093,32">
<area shape="rect" href="$classFeatureExtraction.html#95e7d0a6452e1f2776b4735e3598e5bb" title="FeatureExtraction::createFeaturesUntilFrame" alt="" coords="304,436,587,463">
<area shape="rect" href="$classFeatureExtraction.html#2ec190c6323e5fd65b8a0471bfa2c851" title="FeatureExtraction::readAudioWindow" alt="" coords="919,107,1153,133">
<area shape="rect" href="$classVector.html#f2a4306cd00b9ea1539e7688b2023deb" title="Vector::divideElements" alt="" coords="675,259,829,285">
<area shape="rect" href="$classVector.html#cf8fcb8e5533664ee03eaf6f2bf9ec18" title="Vector::sqrtElements" alt="" coords="680,411,824,437">
<area shape="rect" href="$classVector.html#c065e56f8b5db8093289016d1dcabf43" title="Vector::substractElements" alt="" coords="948,563,1124,589">
<area shape="rect" href="$classGaussian.html#af6bdf166ad6f83243ae644651d8d6d3" title="Gaussian::trainFinish" alt="" coords="680,639,824,665">
<area shape="rect" href="$classFeatureExtraction.html#e12e6c88ff9919ca50fab0c753c45ea6" title="FeatureExtraction::finishExtraction" alt="" coords="335,335,556,361">
<area shape="rect" href="$namespaceStringFunctions.html#fea2b8026f46c75c48893a23c1622411" title="StringFunctions::splitList" alt="" coords="363,664,528,691">
<area shape="rect" href="$classVector.html#54d1a243bf3786ed5fdef07f9ffb32ee" title="Vector::storeFloatData" alt="" coords="369,715,521,741">
<area shape="rect" href="$classVector.html#655ea1b7c88bc1ac4abc406b81aa1df1" title="Vector::getValue" alt="" coords="1277,208,1392,235">
<area shape="rect" href="$classFeatureExtraction.html#478a5dd2889d696a88cea1a225c7ffb8" title="FeatureExtraction::createMfccFrame" alt="" coords="635,309,869,336">
<area shape="rect" href="$classGaussian.html#7cf7ca138f6800b24660661bccfa1ed1" title="Gaussian::train" alt="" coords="697,512,807,539">
<area shape="rect" href="$classFFTReal.html#aef06fd9a9f9e070c5a64b8c4191c1b7" title="FFTReal::do_fft" alt="" coords="980,259,1092,285">
<area shape="rect" href="$classVector.html#003aaeb9799aacc44135927eed3c6675" title="Vector::multiplyElements" alt="" coords="953,411,1119,437">
<area shape="rect" href="$classFFTReal.html#bf221c16cff2a4787765f4258c567a3a" title="FFTReal::rescale" alt="" coords="976,360,1096,387">
<area shape="rect" href="$classFFTReal_1_1TrigoLUT.html#a58188ba3be2e2bbbcad320c13b1e8c7" title="FFTReal::TrigoLUT::get_ptr" alt="" coords="1247,259,1423,285">
<area shape="rect" href="$classFFTReal_1_1BitReversedLUT.html#ca1e9be872431b46b6d6d854f0fc71e6" title="FFTReal::BitReversedLUT::get_ptr" alt="" coords="1225,309,1444,336">
<area shape="rect" href="$classVector.html#404404666ae6a250bd227c0a2b56fa3b" title="Vector::len" alt="" coords="1516,563,1599,589">
<area shape="rect" href="$classVector.html#5a9d755c2cd52d45dab09fb3924b5c32" title="Vector::Vector" alt="" coords="1283,436,1387,463">
<area shape="rect" href="$namespaceWriteFileLittleBigEndian.html#87cd888460175b3af6636ebc6ef53bc8" title="WriteFileLittleBigEndian::freadEndianSafe" alt="" coords="1203,107,1467,133">
<area shape="rect" href="$classVector.html#9fe5995f7a6a904db2d66f632bfd5a80" title="Vector::addElements" alt="" coords="965,512,1107,539">
<area shape="rect" href="$classGaussian.html#6e47fb4a7c8333a56fd01ab4d68ad7fd" title="Gaussian::enterTrainingMode" alt="" coords="941,613,1131,640">
<area shape="rect" href="$classGaussian.html#857664edb9d21bc3ca7e32783e0f9964" title="Gaussian::dim" alt="" coords="1283,588,1387,615">
<area shape="rect" href="$classVector.html#06658e90211e89fee5633be129edddcb" title="Vector::setAllValues" alt="" coords="1265,689,1404,716">
<area shape="rect" href="$classGaussian.html#ff5086463d6ba6de5202104c3a9013c8" title="Gaussian::calculateCP" alt="" coords="959,867,1113,893">
<area shape="rect" href="$namespaceFastMath.html#52503617b4ae9fce99b06160ff974a38" title="FastMath::log" alt="" coords="1284,905,1385,932">
<area shape="rect" href="$classVector.html#ecccea9a9bc8764ae877c4f4b8ca4b6c" title="Vector::getDeterminant" alt="" coords="959,816,1113,843">
<area shape="rect" href="$classVector.html#910def32bdfac1b5625e5c3bedce4f6c" title="Vector::minimizeElements" alt="" coords="949,715,1123,741">
