<area shape="rect" href="$classTrainPhoneModel.html#c476f2ef29a0e41a88429c4eccc32cb6" title="TrainPhoneModel::getTrainSilP" alt="" coords="415,244,615,271">
<area shape="rect" href="$classTrainPhoneModel.html#89f3ab08cf2bbb32bf0bca2d50d87979" title="TrainPhoneModel::train" alt="" coords="189,1105,344,1132">
<area shape="rect" href="$classTrainPhoneModel.html#506f11534e023e27784a125fc6f0dc89" title="TrainPhoneModel::getSilP" alt="" coords="723,244,893,271">
<area shape="rect" href="$classFeaturePool.html#4e7d4bfa4489ed0a7def6a26ec1e6897" title="FeaturePool::getFirstVectorFirstSegment" alt="" coords="980,168,1239,195">
<area shape="rect" href="$classFeaturePool.html#095ca925d176bed975f8bf086285b3c9" title="FeaturePool::getFirstVectorNextSegment" alt="" coords="980,320,1239,347">
<area shape="rect" href="$classMixGaussian.html#e0e58173c75b93e75fe0d0cd797aa5ac" title="MixGaussian::getLogP" alt="" coords="1033,675,1185,701">
<area shape="rect" href="$classFeaturePool.html#b45d6c4737e91e3761fc54f9f9647b5c" title="FeaturePool::getNextVector" alt="" coords="1019,67,1200,93">
<area shape="rect" href="$classFeaturePool.html#224dd69f82292fadb414403edf5c4563" title="FeaturePool::getSegmentID" alt="" coords="1019,421,1200,448">
<area shape="rect" href="$classFeaturePool.html#d006ac79715763ace03627af6f17431a" title="FeaturePool::getFirstVectorFirstSegmentList" alt="" coords="1288,168,1568,195">
<area shape="rect" href="$classFeaturePool.html#b9a92d0aeddf3dde97b2469a214881f4" title="FeaturePool::getFirstVectorNextSegmentList" alt="" coords="1288,320,1568,347">
<area shape="rect" href="$classMixGaussian.html#8a94cd8be9810a1b9af97d45b24b4524" title="MixGaussian::dim" alt="" coords="1365,776,1491,803">
<area shape="rect" href="$classVector.html#a0978557568573ad6a4dd7d464971bc6" title="Vector::getVectorArray" alt="" coords="1352,725,1504,752">
<area shape="rect" href="$namespaceFastMath.html#52503617b4ae9fce99b06160ff974a38" title="FastMath::log" alt="" coords="1635,1004,1736,1031">
<area shape="rect" href="$classFeaturePool.html#9d59e90f53ceecbed3d3f45c4205d272" title="FeaturePool::getNextVectorList" alt="" coords="1327,67,1529,93">
<area shape="rect" href="$classTrainPhoneModel.html#4053b2771b78a3a1643a09e8fc1db0a9" title="TrainPhoneModel::baumWelch" alt="" coords="416,573,613,600">
<area shape="rect" href="$classFeaturePool.html#17fbcca7c5a9dc77bbc9b0531e3c3cf7" title="FeaturePool::getCurSegmentLen" alt="" coords="703,599,913,625">
<area shape="rect" href="$classMixGaussian.html#64938a70fda49b8e21f72d157ca8643c" title="MixGaussian::train" alt="" coords="743,1207,873,1233">
<area shape="rect" href="$classGaussian.html#7cf7ca138f6800b24660661bccfa1ed1" title="Gaussian::train" alt="" coords="1055,1561,1164,1588">
<area shape="rect" href="$classMixGaussian.html#5c0e6d17c5af98b62969428587231eb4" title="MixGaussian::trainFinish" alt="" coords="725,1156,891,1183">
<area shape="rect" href="$classVector.html#655ea1b7c88bc1ac4abc406b81aa1df1" title="Vector::getValue" alt="" coords="1628,1207,1743,1233">
<area shape="rect" href="$classGaussian.html#af6bdf166ad6f83243ae644651d8d6d3" title="Gaussian::trainFinish" alt="" coords="1037,1409,1181,1436">
<area shape="rect" href="$classTrainPhoneModel.html#19bb93fa2cef4db65aa9e729b25eb575" title="TrainPhoneModel::count" alt="" coords="435,1359,595,1385">
<area shape="rect" href="$classFeaturePool.html#ba6b8369709a70a6a605186a2ee0b662" title="FeaturePool::getCurSegmentStart" alt="" coords="700,1257,916,1284">
<area shape="rect" href="$classGaussian.html#93c4ec3d1fd3657685dcd00791f1ff1f" title="Gaussian::getLogP" alt="" coords="449,1409,580,1436">
<area shape="rect" href="$classMixGaussian.html#b797fccd63c3dd6bbf1a6d3cfcc36ded" title="MixGaussian::getNumberOfGaussians" alt="" coords="687,1485,929,1512">
<area shape="rect" href="$classTrainPhoneModel.html#422b0b2ed23ed30507f26d09d5fe5652" title="TrainPhoneModel::maxNrOfGaussians" alt="" coords="393,1511,636,1537">
<area shape="rect" href="$classVector.html#79c4e0d12cfbe79723538c50ef3eaa46" title="Vector::multiplyVector" alt="" coords="441,1688,588,1715">
<area shape="rect" href="$classMixGaussian.html#302468bdab3bb8b3c7c613f066f2d232" title="MixGaussian::splitAllGaussians" alt="" coords="705,1055,911,1081">
<area shape="rect" href="$classMixGaussian.html#e10fad190cb9b7169b91cddc265d5f0c" title="MixGaussian::splitBestGaussian" alt="" coords="703,1105,913,1132">
<area shape="rect" href="$classTrainPhoneModel.html#51abc7e460dbb9a39ddae6589dcfe41c" title="TrainPhoneModel::viterbi" alt="" coords="433,852,596,879">
<area shape="rect" href="$classFeaturePool.html#00d7e2a39987bae75a4550cfe897c520" title="FeaturePool::getCurSegmentVector" alt="" coords="695,751,921,777">
<area shape="rect" href="$classMixGaussian.html#a47a9651e401686d819af8087dabe8af" title="MixGaussian::getP" alt="" coords="1044,725,1175,752">
<area shape="rect" href="$classFeaturePool.html#93a7fd529c6b7210b5b0f9801bcc3188" title="FeaturePool::getCurSegmentVectorList" alt="" coords="985,776,1233,803">
<area shape="rect" href="$classVector.html#9fe5995f7a6a904db2d66f632bfd5a80" title="Vector::addElements" alt="" coords="1357,1511,1499,1537">
<area shape="rect" href="$classGaussian.html#6e47fb4a7c8333a56fd01ab4d68ad7fd" title="Gaussian::enterTrainingMode" alt="" coords="1333,1663,1523,1689">
<area shape="rect" href="$classVector.html#404404666ae6a250bd227c0a2b56fa3b" title="Vector::len" alt="" coords="1644,1511,1727,1537">
<area shape="rect" href="$classVector.html#06658e90211e89fee5633be129edddcb" title="Vector::setAllValues" alt="" coords="1616,1637,1755,1664">
<area shape="rect" href="$classGaussian.html#15adf90d7366d1a82632c6f2940c9751" title="Gaussian::getTrainingDenominator" alt="" coords="1000,1460,1219,1487">
<area shape="rect" href="$classMixGaussian.html#cf807f9e9fbe446832bf4a1ff544bc2b" title="MixGaussian::initializeFastCalc" alt="" coords="1008,1080,1211,1107">
<area shape="rect" href="$classGaussian.html#ff5086463d6ba6de5202104c3a9013c8" title="Gaussian::calculateCP" alt="" coords="1351,1257,1505,1284">
<area shape="rect" href="$classVector.html#ecccea9a9bc8764ae877c4f4b8ca4b6c" title="Vector::getDeterminant" alt="" coords="1351,1460,1505,1487">
<area shape="rect" href="$classVector.html#910def32bdfac1b5625e5c3bedce4f6c" title="Vector::minimizeElements" alt="" coords="1341,1359,1515,1385">
<area shape="rect" href="$classVector.html#003aaeb9799aacc44135927eed3c6675" title="Vector::multiplyElements" alt="" coords="1345,1308,1511,1335">
<area shape="rect" href="$classVector.html#c065e56f8b5db8093289016d1dcabf43" title="Vector::substractElements" alt="" coords="1340,1561,1516,1588">
<area shape="rect" href="$classMixGaussian.html#8c2d698bdf2e54575a27f4a29c42c442" title="MixGaussian::count" alt="" coords="740,1359,876,1385">
<area shape="rect" href="$classVector.html#6fa88947aad730c72d43aaad65c99b28" title="Vector::calculateEPart" alt="" coords="732,1409,884,1436">
<area shape="rect" href="$classGaussian.html#45ebb10e9c18b34efea8eb0d65fa15f8" title="Gaussian::shiftMean" alt="" coords="1039,1257,1180,1284">
<area shape="rect" href="$classFeaturePool.html#a5c677036c6a83444eb65b963c7e375f" title="FeaturePool::addSegment" alt="" coords="723,953,893,980">
<area shape="rect" href="$classFeaturePool.html#a35c0036e264976f7138510aab69c82d" title="FeaturePool::resetSegmentation" alt="" coords="704,903,912,929">
